<!doctype html public "-//w3c//dtd html 4.0 transitional//en">
<html><head>
<title>Static Call Graph - [.\Objects\ppiapp.axf]</title></head>
<body><HR>
<H1>Static Call Graph for image .\Objects\ppiapp.axf</H1><HR>
<BR><P>#&#060CALLGRAPH&#062# ARM Linker, 5060750: Last Updated: Sat Apr 25 23:40:17 2026
<BR><P>
<H3>Maximum Stack Usage =        164 bytes + Unknown(Functions without stacksize, Cycles, Untraceable Function Pointers)</H3><H3>
Call chain for Maximum Stack Depth:</H3>
__rt_entry_main &rArr; main &rArr; init &rArr; sio_open &rArr; USART_Config &rArr; USART_Init &rArr; RCC_GetClocksFreq
<P>
<H3>
Functions with no stack information
</H3><UL>
 <LI><a href="#[173]">OS_CPU_SR_Save</a>
 <LI><a href="#[177]">OS_CPU_SR_Restore</a>
 <LI><a href="#[10b]">__user_initial_stackheap</a>
</UL>
</UL>
<P>
<H3>
Mutually Recursive functions
</H3> <LI><a href="#[1f]">ADC1_2_IRQHandler</a>&nbsp;&nbsp;&nbsp;&rArr;&nbsp;&nbsp;&nbsp;<a href="#[1f]">ADC1_2_IRQHandler</a><BR>
</UL>
<P>
<H3>
Function Pointers
</H3><UL>
 <LI><a href="#[1f]">ADC1_2_IRQHandler</a> from startup_stm32f10x_md.o(.text) referenced from startup_stm32f10x_md.o(RESET)
 <LI><a href="#[f4]">ANB</a> from fx1nfnc.o(i.ANB) referenced from fx1nfnc.o(.constdata)
 <LI><a href="#[40]">AND</a> from fx1nfnc.o(i.AND) referenced from fx1nfnc.o(.constdata)
 <LI><a href="#[64]">ANDF</a> from fx1nfnc.o(i.ANDF) referenced from fx1nfnc.o(.constdata)
 <LI><a href="#[65]">ANDFMp</a> from fx1nfnc.o(i.ANDFMp) referenced from fx1nfnc.o(.constdata)
 <LI><a href="#[5a]">ANDMp</a> from fx1nfnc.o(i.ANDMp) referenced from fx1nfnc.o(.constdata)
 <LI><a href="#[62]">ANDP</a> from fx1nfnc.o(i.ANDP) referenced from fx1nfnc.o(.constdata)
 <LI><a href="#[63]">ANDPMp</a> from fx1nfnc.o(i.ANDPMp) referenced from fx1nfnc.o(.constdata)
 <LI><a href="#[41]">ANI</a> from fx1nfnc.o(i.ANI) referenced from fx1nfnc.o(.constdata)
 <LI><a href="#[5b]">ANIMp</a> from fx1nfnc.o(i.ANIMp) referenced from fx1nfnc.o(.constdata)
 <LI><a href="#[7]">BusFault_Handler</a> from stm32f10x_it.o(i.BusFault_Handler) referenced from startup_stm32f10x_md.o(RESET)
 <LI><a href="#[22]">CAN1_RX1_IRQHandler</a> from startup_stm32f10x_md.o(.text) referenced from startup_stm32f10x_md.o(RESET)
 <LI><a href="#[23]">CAN1_SCE_IRQHandler</a> from startup_stm32f10x_md.o(.text) referenced from startup_stm32f10x_md.o(RESET)
 <LI><a href="#[48]">CMDCH</a> from fx1nfnc.o(i.CMDCH) referenced from fx1nfnc.o(.constdata)
 <LI><a href="#[44]">CMDER</a> from fx1nfnc.o(i.CMDER) referenced 23 times from fx1nfnc.o(.constdata)
 <LI><a href="#[3c]">CMDFNC</a> from fx1nfnc.o(i.CMDFNC) referenced from fx1nfnc.o(.constdata)
 <LI><a href="#[3d]">CMDP</a> from fx1nfnc.o(i.CMDP) referenced from fx1nfnc.o(.constdata)
 <LI><a href="#[18]">DMA1_Channel1_IRQHandler</a> from startup_stm32f10x_md.o(.text) referenced from startup_stm32f10x_md.o(RESET)
 <LI><a href="#[19]">DMA1_Channel2_IRQHandler</a> from startup_stm32f10x_md.o(.text) referenced from startup_stm32f10x_md.o(RESET)
 <LI><a href="#[1a]">DMA1_Channel3_IRQHandler</a> from startup_stm32f10x_md.o(.text) referenced from startup_stm32f10x_md.o(RESET)
 <LI><a href="#[1b]">DMA1_Channel4_IRQHandler</a> from sio.o(i.DMA1_Channel4_IRQHandler) referenced from startup_stm32f10x_md.o(RESET)
 <LI><a href="#[1c]">DMA1_Channel5_IRQHandler</a> from startup_stm32f10x_md.o(.text) referenced from startup_stm32f10x_md.o(RESET)
 <LI><a href="#[1d]">DMA1_Channel6_IRQHandler</a> from startup_stm32f10x_md.o(.text) referenced from startup_stm32f10x_md.o(RESET)
 <LI><a href="#[1e]">DMA1_Channel7_IRQHandler</a> from sio.o(i.DMA1_Channel7_IRQHandler) referenced from startup_stm32f10x_md.o(RESET)
 <LI><a href="#[a]">DebugMon_Handler</a> from stm32f10x_it.o(i.DebugMon_Handler) referenced from startup_stm32f10x_md.o(RESET)
 <LI><a href="#[13]">EXTI0_IRQHandler</a> from startup_stm32f10x_md.o(.text) referenced from startup_stm32f10x_md.o(RESET)
 <LI><a href="#[35]">EXTI15_10_IRQHandler</a> from startup_stm32f10x_md.o(.text) referenced from startup_stm32f10x_md.o(RESET)
 <LI><a href="#[14]">EXTI1_IRQHandler</a> from startup_stm32f10x_md.o(.text) referenced from startup_stm32f10x_md.o(RESET)
 <LI><a href="#[15]">EXTI2_IRQHandler</a> from startup_stm32f10x_md.o(.text) referenced from startup_stm32f10x_md.o(RESET)
 <LI><a href="#[16]">EXTI3_IRQHandler</a> from startup_stm32f10x_md.o(.text) referenced from startup_stm32f10x_md.o(RESET)
 <LI><a href="#[17]">EXTI4_IRQHandler</a> from startup_stm32f10x_md.o(.text) referenced from startup_stm32f10x_md.o(RESET)
 <LI><a href="#[24]">EXTI9_5_IRQHandler</a> from startup_stm32f10x_md.o(.text) referenced from startup_stm32f10x_md.o(RESET)
 <LI><a href="#[11]">FLASH_IRQHandler</a> from startup_stm32f10x_md.o(.text) referenced from startup_stm32f10x_md.o(RESET)
 <LI><a href="#[d1]">FNC_ABS</a> from fx1nfnc.o(i.FNC_ABS) referenced from fx1nfnc.o(.constdata)
 <LI><a href="#[a8]">FNC_ABSD</a> from fx1nfnc.o(i.FNC_ABSD) referenced from fx1nfnc.o(.constdata)
 <LI><a href="#[7e]">FNC_ADD</a> from fx1nfnc.o(i.FNC_ADD) referenced from fx1nfnc.o(.constdata)
 <LI><a href="#[ac]">FNC_ALT</a> from fx1nfnc.o(i.FNC_ALT) referenced from fx1nfnc.o(.constdata)
 <LI><a href="#[e7]">FNC_AND_EQ</a> from fx1nfnc.o(i.FNC_AND_EQ) referenced from fx1nfnc.o(.constdata)
 <LI><a href="#[ec]">FNC_AND_GE</a> from fx1nfnc.o(i.FNC_AND_GE) referenced from fx1nfnc.o(.constdata)
 <LI><a href="#[e8]">FNC_AND_GT</a> from fx1nfnc.o(i.FNC_AND_GT) referenced from fx1nfnc.o(.constdata)
 <LI><a href="#[eb]">FNC_AND_LE</a> from fx1nfnc.o(i.FNC_AND_LE) referenced from fx1nfnc.o(.constdata)
 <LI><a href="#[e9]">FNC_AND_LT</a> from fx1nfnc.o(i.FNC_AND_LT) referenced from fx1nfnc.o(.constdata)
 <LI><a href="#[ea]">FNC_AND_NE</a> from fx1nfnc.o(i.FNC_AND_NE) referenced from fx1nfnc.o(.constdata)
 <LI><a href="#[99]">FNC_ANR</a> from fx1nfnc.o(i.FNC_ANR) referenced from fx1nfnc.o(.constdata)
 <LI><a href="#[98]">FNC_ANS</a> from fx1nfnc.o(i.FNC_ANS) referenced from fx1nfnc.o(.constdata)
 <LI><a href="#[b5]">FNC_ARWS</a> from fx1nfnc.o(i.FNC_ARWS) referenced from fx1nfnc.o(.constdata)
 <LI><a href="#[b6]">FNC_ASC</a> from fx1nfnc.o(i.FNC_ASC) referenced from fx1nfnc.o(.constdata)
 <LI><a href="#[bc]">FNC_ASCI</a> from fx1nfnc.o(i.FNC_ASCI) referenced from fx1nfnc.o(.constdata)
 <LI><a href="#[7c]">FNC_BCD</a> from fx1nfnc.o(i.FNC_BCD) referenced from fx1nfnc.o(.constdata)
 <LI><a href="#[7d]">FNC_BIN</a> from fx1nfnc.o(i.FNC_BIN) referenced from fx1nfnc.o(.constdata)
 <LI><a href="#[79]">FNC_BMOV</a> from fx1nfnc.o(i.FNC_BMOV) referenced from fx1nfnc.o(.constdata)
 <LI><a href="#[96]">FNC_BON</a> from fx1nfnc.o(i.FNC_BON) referenced from fx1nfnc.o(.constdata)
 <LI><a href="#[6b]">FNC_CALL</a> from fx1nfnc.o(i.FNC_CALL) referenced from fx1nfnc.o(.constdata)
 <LI><a href="#[be]">FNC_CCD</a> from fx1nfnc.o(i.FNC_CCD) referenced from fx1nfnc.o(.constdata)
 <LI><a href="#[6a]">FNC_CJ</a> from fx1nfnc.o(i.FNC_CJ) referenced from fx1nfnc.o(.constdata)
 <LI><a href="#[78]">FNC_CML</a> from fx1nfnc.o(i.FNC_CML) referenced from fx1nfnc.o(.constdata)
 <LI><a href="#[74]">FNC_CMP</a> from fx1nfnc.o(i.FNC_CMP) referenced from fx1nfnc.o(.constdata)
 <LI><a href="#[ce]">FNC_COS</a> from fx1nfnc.o(i.FNC_COS) referenced from fx1nfnc.o(.constdata)
 <LI><a href="#[83]">FNC_DEC</a> from fx1nfnc.o(i.FNC_DEC) referenced from fx1nfnc.o(.constdata)
 <LI><a href="#[93]">FNC_DECO</a> from fx1nfnc.o(i.FNC_DECO) referenced from fx1nfnc.o(.constdata)
 <LI><a href="#[6f]">FNC_DI</a> from fx1nfnc.o(i.FNC_DI) referenced from fx1nfnc.o(.constdata)
 <LI><a href="#[81]">FNC_DIV</a> from fx1nfnc.o(i.FNC_DIV) referenced from fx1nfnc.o(.constdata)
 <LI><a href="#[94]">FNC_DNCO</a> from fx1nfnc.o(i.FNC_DNCO) referenced from fx1nfnc.o(.constdata)
 <LI><a href="#[d5]">FNC_DRVA</a> from fx1nfnc.o(i.FNC_DRVA) referenced from fx1nfnc.o(.constdata)
 <LI><a href="#[d4]">FNC_DRVI</a> from fx1nfnc.o(i.FNC_DRVI) referenced from fx1nfnc.o(.constdata)
 <LI><a href="#[b2]">FNC_DSW</a> from fx1nfnc.o(i.FNC_DSW) referenced from fx1nfnc.o(.constdata)
 <LI><a href="#[c7]">FNC_EADD</a> from fx1nfnc.o(i.FNC_EADD) referenced from fx1nfnc.o(.constdata)
 <LI><a href="#[c5]">FNC_EBCD</a> from fx1nfnc.o(i.FNC_EBCD) referenced from fx1nfnc.o(.constdata)
 <LI><a href="#[c6]">FNC_EBIN</a> from fx1nfnc.o(i.FNC_EBIN) referenced from fx1nfnc.o(.constdata)
 <LI><a href="#[c3]">FNC_ECMP</a> from fx1nfnc.o(i.FNC_ECMP) referenced from fx1nfnc.o(.constdata)
 <LI><a href="#[ca]">FNC_EDIV</a> from fx1nfnc.o(i.FNC_EDIV) referenced from fx1nfnc.o(.constdata)
 <LI><a href="#[6e]">FNC_EI</a> from fx1nfnc.o(i.FNC_EI) referenced from fx1nfnc.o(.constdata)
 <LI><a href="#[c9]">FNC_EMUL</a> from fx1nfnc.o(i.FNC_EMUL) referenced from fx1nfnc.o(.constdata)
 <LI><a href="#[c1]">FNC_ERROR</a> from fx1nfnc.o(i.FNC_ERROR) referenced 120 times from fx1nfnc.o(.constdata)
 <LI><a href="#[cb]">FNC_ESOR</a> from fx1nfnc.o(i.FNC_ESOR) referenced from fx1nfnc.o(.constdata)
 <LI><a href="#[c8]">FNC_ESUB</a> from fx1nfnc.o(i.FNC_ESUB) referenced from fx1nfnc.o(.constdata)
 <LI><a href="#[c4]">FNC_EZCP</a> from fx1nfnc.o(i.FNC_EZCP) referenced from fx1nfnc.o(.constdata)
 <LI><a href="#[70]">FNC_FEND</a> from fx1nfnc.o(i.FNC_FEND) referenced from fx1nfnc.o(.constdata)
 <LI><a href="#[9b]">FNC_FLT</a> from fx1nfnc.o(i.FNC_FLT) referenced from fx1nfnc.o(.constdata)
 <LI><a href="#[7a]">FNC_FMOV</a> from fx1nfnc.o(i.FNC_FMOV) referenced from fx1nfnc.o(.constdata)
 <LI><a href="#[72]">FNC_FOR</a> from fx1nfnc.o(i.FNC_FOR) referenced from fx1nfnc.o(.constdata)
 <LI><a href="#[b8]">FNC_FROM</a> from fx1nfnc.o(i.FNC_FROM) referenced from fx1nfnc.o(.constdata)
 <LI><a href="#[de]">FNC_GBIN</a> from fx1nfnc.o(i.FNC_GBIN) referenced from fx1nfnc.o(.constdata)
 <LI><a href="#[dd]">FNC_GRY</a> from fx1nfnc.o(i.FNC_GRY) referenced from fx1nfnc.o(.constdata)
 <LI><a href="#[bd]">FNC_HEX</a> from fx1nfnc.o(i.FNC_HEX) referenced from fx1nfnc.o(.constdata)
 <LI><a href="#[b1]">FNC_HKY</a> from fx1nfnc.o(i.FNC_HKY) referenced from fx1nfnc.o(.constdata)
 <LI><a href="#[dc]">FNC_HOUR</a> from fx1nfnc.o(i.FNC_HOUR) referenced from fx1nfnc.o(.constdata)
 <LI><a href="#[a0]">FNC_HSCR</a> from fx1nfnc.o(i.FNC_HSCR) referenced from fx1nfnc.o(.constdata)
 <LI><a href="#[9f]">FNC_HSCS</a> from fx1nfnc.o(i.FNC_HSCS) referenced from fx1nfnc.o(.constdata)
 <LI><a href="#[a1]">FNC_HSZ</a> from fx1nfnc.o(i.FNC_HSZ) referenced from fx1nfnc.o(.constdata)
 <LI><a href="#[82]">FNC_INC</a> from fx1nfnc.o(i.FNC_INC) referenced from fx1nfnc.o(.constdata)
 <LI><a href="#[a9]">FNC_INCD</a> from fx1nfnc.o(i.FNC_INCD) referenced from fx1nfnc.o(.constdata)
 <LI><a href="#[cc]">FNC_INT</a> from fx1nfnc.o(i.FNC_INT) referenced from fx1nfnc.o(.constdata)
 <LI><a href="#[6d]">FNC_IRET</a> from fx1nfnc.o(i.FNC_IRET) referenced from fx1nfnc.o(.constdata)
 <LI><a href="#[a6]">FNC_IST</a> from fx1nfnc.o(i.FNC_IST) referenced from fx1nfnc.o(.constdata)
 <LI><a href="#[e1]">FNC_LD_EQ</a> from fx1nfnc.o(i.FNC_LD_EQ) referenced from fx1nfnc.o(.constdata)
 <LI><a href="#[e6]">FNC_LD_GE</a> from fx1nfnc.o(i.FNC_LD_GE) referenced from fx1nfnc.o(.constdata)
 <LI><a href="#[e2]">FNC_LD_GT</a> from fx1nfnc.o(i.FNC_LD_GT) referenced from fx1nfnc.o(.constdata)
 <LI><a href="#[e5]">FNC_LD_LE</a> from fx1nfnc.o(i.FNC_LD_LE) referenced from fx1nfnc.o(.constdata)
 <LI><a href="#[e3]">FNC_LD_LT</a> from fx1nfnc.o(i.FNC_LD_LT) referenced from fx1nfnc.o(.constdata)
 <LI><a href="#[e4]">FNC_LD_NE</a> from fx1nfnc.o(i.FNC_LD_NE) referenced from fx1nfnc.o(.constdata)
 <LI><a href="#[97]">FNC_MEAN</a> from fx1nfnc.o(i.FNC_MEAN) referenced from fx1nfnc.o(.constdata)
 <LI><a href="#[76]">FNC_MOV</a> from fx1nfnc.o(i.FNC_MOV) referenced from fx1nfnc.o(.constdata)
 <LI><a href="#[9e]">FNC_MTR</a> from fx1nfnc.o(i.FNC_MTR) referenced from fx1nfnc.o(.constdata)
 <LI><a href="#[80]">FNC_MUL</a> from fx1nfnc.o(i.FNC_MUL) referenced from fx1nfnc.o(.constdata)
 <LI><a href="#[87]">FNC_NEG</a> from fx1nfnc.o(i.FNC_NEG) referenced from fx1nfnc.o(.constdata)
 <LI><a href="#[73]">FNC_NEXT</a> from fx1nfnc.o(i.FNC_NEXT) referenced from fx1nfnc.o(.constdata)
 <LI><a href="#[ed]">FNC_OR_EQ</a> from fx1nfnc.o(i.FNC_OR_EQ) referenced from fx1nfnc.o(.constdata)
 <LI><a href="#[f2]">FNC_OR_GE</a> from fx1nfnc.o(i.FNC_OR_GE) referenced from fx1nfnc.o(.constdata)
 <LI><a href="#[ee]">FNC_OR_GT</a> from fx1nfnc.o(i.FNC_OR_GT) referenced from fx1nfnc.o(.constdata)
 <LI><a href="#[f1]">FNC_OR_LE</a> from fx1nfnc.o(i.FNC_OR_LE) referenced from fx1nfnc.o(.constdata)
 <LI><a href="#[ef]">FNC_OR_LT</a> from fx1nfnc.o(i.FNC_OR_LT) referenced from fx1nfnc.o(.constdata)
 <LI><a href="#[f0]">FNC_OR_NE</a> from fx1nfnc.o(i.FNC_OR_NE) referenced from fx1nfnc.o(.constdata)
 <LI><a href="#[c2]">FNC_PID</a> from fx1nfnc.o(i.FNC_PID) referenced from fx1nfnc.o(.constdata)
 <LI><a href="#[a5]">FNC_PLSR</a> from fx1nfnc.o(i.FNC_PLSR) referenced from fx1nfnc.o(.constdata)
 <LI><a href="#[d3]">FNC_PLSV</a> from fx1nfnc.o(i.FNC_PLSV) referenced from fx1nfnc.o(.constdata)
 <LI><a href="#[a3]">FNC_PLSY</a> from fx1nfnc.o(i.FNC_PLSY) referenced from fx1nfnc.o(.constdata)
 <LI><a href="#[b7]">FNC_PR</a> from fx1nfnc.o(i.FNC_PR) referenced from fx1nfnc.o(.constdata)
 <LI><a href="#[bb]">FNC_PRUN</a> from fx1nfnc.o(i.FNC_PRUN) referenced from fx1nfnc.o(.constdata)
 <LI><a href="#[a4]">FNC_PWM</a> from fx1nfnc.o(i.FNC_PWM) referenced from fx1nfnc.o(.constdata)
 <LI><a href="#[ad]">FNC_RAMP</a> from fx1nfnc.o(i.FNC_RAMP) referenced from fx1nfnc.o(.constdata)
 <LI><a href="#[8b]">FNC_RCL</a> from fx1nfnc.o(i.FNC_RCL) referenced from fx1nfnc.o(.constdata)
 <LI><a href="#[8a]">FNC_RCR</a> from fx1nfnc.o(i.FNC_RCR) referenced from fx1nfnc.o(.constdata)
 <LI><a href="#[df]">FNC_RD3A</a> from fx1nfnc.o(i.FNC_RD3A) referenced from fx1nfnc.o(.constdata)
 <LI><a href="#[9c]">FNC_REF</a> from fx1nfnc.o(i.FNC_REF) referenced from fx1nfnc.o(.constdata)
 <LI><a href="#[9d]">FNC_REFF</a> from fx1nfnc.o(i.FNC_REFF) referenced from fx1nfnc.o(.constdata)
 <LI><a href="#[89]">FNC_ROL</a> from fx1nfnc.o(i.FNC_ROL) referenced from fx1nfnc.o(.constdata)
 <LI><a href="#[88]">FNC_ROR</a> from fx1nfnc.o(i.FNC_ROR) referenced from fx1nfnc.o(.constdata)
 <LI><a href="#[ae]">FNC_ROTC</a> from fx1nfnc.o(i.FNC_ROTC) referenced from fx1nfnc.o(.constdata)
 <LI><a href="#[ba]">FNC_RS</a> from fx1nfnc.o(i.FNC_RS) referenced from fx1nfnc.o(.constdata)
 <LI><a href="#[b3]">FNC_SEGD</a> from fx1nfnc.o(i.FNC_SEGD) referenced from fx1nfnc.o(.constdata)
 <LI><a href="#[b4]">FNC_SEGL</a> from fx1nfnc.o(i.FNC_SEGL) referenced from fx1nfnc.o(.constdata)
 <LI><a href="#[a7]">FNC_SER</a> from fx1nfnc.o(i.FNC_SER) referenced from fx1nfnc.o(.constdata)
 <LI><a href="#[91]">FNC_SFRD</a> from fx1nfnc.o(i.FNC_SFRD) referenced from fx1nfnc.o(.constdata)
 <LI><a href="#[8d]">FNC_SFTL</a> from fx1nfnc.o(i.FNC_SFTL) referenced from fx1nfnc.o(.constdata)
 <LI><a href="#[8c]">FNC_SFTR</a> from fx1nfnc.o(i.FNC_SFTR) referenced from fx1nfnc.o(.constdata)
 <LI><a href="#[90]">FNC_SFWR</a> from fx1nfnc.o(i.FNC_SFWR) referenced from fx1nfnc.o(.constdata)
 <LI><a href="#[cd]">FNC_SIN</a> from fx1nfnc.o(i.FNC_SIN) referenced from fx1nfnc.o(.constdata)
 <LI><a href="#[77]">FNC_SMOV</a> from fx1nfnc.o(i.FNC_SMOV) referenced from fx1nfnc.o(.constdata)
 <LI><a href="#[9a]">FNC_SOR</a> from fx1nfnc.o(i.FNC_SOR) referenced from fx1nfnc.o(.constdata)
 <LI><a href="#[af]">FNC_SORT</a> from fx1nfnc.o(i.FNC_SORT) referenced from fx1nfnc.o(.constdata)
 <LI><a href="#[a2]">FNC_SPD</a> from fx1nfnc.o(i.FNC_SPD) referenced from fx1nfnc.o(.constdata)
 <LI><a href="#[6c]">FNC_SRET</a> from fx1nfnc.o(i.FNC_SRET) referenced from fx1nfnc.o(.constdata)
 <LI><a href="#[ab]">FNC_STMR</a> from fx1nfnc.o(i.FNC_STMR) referenced from fx1nfnc.o(.constdata)
 <LI><a href="#[7f]">FNC_SUB</a> from fx1nfnc.o(i.FNC_SUB) referenced from fx1nfnc.o(.constdata)
 <LI><a href="#[95]">FNC_SUM</a> from fx1nfnc.o(i.FNC_SUM) referenced from fx1nfnc.o(.constdata)
 <LI><a href="#[d0]">FNC_SWAP</a> from fx1nfnc.o(i.FNC_SWAP) referenced from fx1nfnc.o(.constdata)
 <LI><a href="#[d8]">FNC_TADD</a> from fx1nfnc.o(i.FNC_TADD) referenced from fx1nfnc.o(.constdata)
 <LI><a href="#[cf]">FNC_TAN</a> from fx1nfnc.o(i.FNC_TAN) referenced from fx1nfnc.o(.constdata)
 <LI><a href="#[d6]">FNC_TCMP</a> from fx1nfnc.o(i.FNC_TCMP) referenced from fx1nfnc.o(.constdata)
 <LI><a href="#[b0]">FNC_TKY</a> from fx1nfnc.o(i.FNC_TKY) referenced from fx1nfnc.o(.constdata)
 <LI><a href="#[b9]">FNC_TO</a> from fx1nfnc.o(i.FNC_TO) referenced from fx1nfnc.o(.constdata)
 <LI><a href="#[da]">FNC_TRD</a> from fx1nfnc.o(i.FNC_TRD) referenced from fx1nfnc.o(.constdata)
 <LI><a href="#[d9]">FNC_TSUB</a> from fx1nfnc.o(i.FNC_TSUB) referenced from fx1nfnc.o(.constdata)
 <LI><a href="#[aa]">FNC_TTMR</a> from fx1nfnc.o(i.FNC_TTMR) referenced from fx1nfnc.o(.constdata)
 <LI><a href="#[db]">FNC_TWR</a> from fx1nfnc.o(i.FNC_TWR) referenced from fx1nfnc.o(.constdata)
 <LI><a href="#[d7]">FNC_TZCP</a> from fx1nfnc.o(i.FNC_TZCP) referenced from fx1nfnc.o(.constdata)
 <LI><a href="#[bf]">FNC_VRRD</a> from fx1nfnc.o(i.FNC_VRRD) referenced from fx1nfnc.o(.constdata)
 <LI><a href="#[c0]">FNC_VRSC</a> from fx1nfnc.o(i.FNC_VRSC) referenced from fx1nfnc.o(.constdata)
 <LI><a href="#[84]">FNC_WAND</a> from fx1nfnc.o(i.FNC_WAND) referenced from fx1nfnc.o(.constdata)
 <LI><a href="#[71]">FNC_WDT</a> from fx1nfnc.o(i.FNC_WDT) referenced from fx1nfnc.o(.constdata)
 <LI><a href="#[85]">FNC_WOR</a> from fx1nfnc.o(i.FNC_WOR) referenced from fx1nfnc.o(.constdata)
 <LI><a href="#[e0]">FNC_WP3A</a> from fx1nfnc.o(i.FNC_WP3A) referenced from fx1nfnc.o(.constdata)
 <LI><a href="#[8f]">FNC_WSFL</a> from fx1nfnc.o(i.FNC_WSFL) referenced from fx1nfnc.o(.constdata)
 <LI><a href="#[8e]">FNC_WSFR</a> from fx1nfnc.o(i.FNC_WSFR) referenced from fx1nfnc.o(.constdata)
 <LI><a href="#[86]">FNC_WXOR</a> from fx1nfnc.o(i.FNC_WXOR) referenced from fx1nfnc.o(.constdata)
 <LI><a href="#[7b]">FNC_XCH</a> from fx1nfnc.o(i.FNC_XCH) referenced from fx1nfnc.o(.constdata)
 <LI><a href="#[75]">FNC_ZCP</a> from fx1nfnc.o(i.FNC_ZCP) referenced from fx1nfnc.o(.constdata)
 <LI><a href="#[d2]">FNC_ZRN</a> from fx1nfnc.o(i.FNC_ZRN) referenced from fx1nfnc.o(.constdata)
 <LI><a href="#[92]">FNC_ZRST</a> from fx1nfnc.o(i.FNC_ZRST) referenced from fx1nfnc.o(.constdata)
 <LI><a href="#[5]">HardFault_Handler</a> from stm32f10x_it.o(i.HardFault_Handler) referenced from startup_stm32f10x_md.o(RESET)
 <LI><a href="#[2d]">I2C1_ER_IRQHandler</a> from startup_stm32f10x_md.o(.text) referenced from startup_stm32f10x_md.o(RESET)
 <LI><a href="#[2c]">I2C1_EV_IRQHandler</a> from startup_stm32f10x_md.o(.text) referenced from startup_stm32f10x_md.o(RESET)
 <LI><a href="#[2f]">I2C2_ER_IRQHandler</a> from startup_stm32f10x_md.o(.text) referenced from startup_stm32f10x_md.o(RESET)
 <LI><a href="#[2e]">I2C2_EV_IRQHandler</a> from startup_stm32f10x_md.o(.text) referenced from startup_stm32f10x_md.o(RESET)
 <LI><a href="#[f9]">INV</a> from fx1nfnc.o(i.INV) referenced from fx1nfnc.o(.constdata)
 <LI><a href="#[3e]">LD</a> from fx1nfnc.o(i.LD) referenced from fx1nfnc.o(.constdata)
 <LI><a href="#[60]">LDF</a> from fx1nfnc.o(i.LDF) referenced from fx1nfnc.o(.constdata)
 <LI><a href="#[61]">LDFMp</a> from fx1nfnc.o(i.LDFMp) referenced from fx1nfnc.o(.constdata)
 <LI><a href="#[3f]">LDI</a> from fx1nfnc.o(i.LDI) referenced from fx1nfnc.o(.constdata)
 <LI><a href="#[59]">LDIMp</a> from fx1nfnc.o(i.LDIMp) referenced from fx1nfnc.o(.constdata)
 <LI><a href="#[58]">LDMp</a> from fx1nfnc.o(i.LDMp) referenced from fx1nfnc.o(.constdata)
 <LI><a href="#[5e]">LDP</a> from fx1nfnc.o(i.LDP) referenced from fx1nfnc.o(.constdata)
 <LI><a href="#[5f]">LDPMp</a> from fx1nfnc.o(i.LDPMp) referenced from fx1nfnc.o(.constdata)
 <LI><a href="#[54]">MC</a> from fx1nfnc.o(i.MC) referenced from fx1nfnc.o(.constdata)
 <LI><a href="#[55]">MCR</a> from fx1nfnc.o(i.MCR) referenced from fx1nfnc.o(.constdata)
 <LI><a href="#[f8]">MPP</a> from fx1nfnc.o(i.MPP) referenced from fx1nfnc.o(.constdata)
 <LI><a href="#[f6]">MPS</a> from fx1nfnc.o(i.MPS) referenced from fx1nfnc.o(.constdata)
 <LI><a href="#[f7]">MRD</a> from fx1nfnc.o(i.MRD) referenced from fx1nfnc.o(.constdata)
 <LI><a href="#[6]">MemManage_Handler</a> from stm32f10x_it.o(i.MemManage_Handler) referenced from startup_stm32f10x_md.o(RESET)
 <LI><a href="#[4]">NMI_Handler</a> from stm32f10x_it.o(i.NMI_Handler) referenced from startup_stm32f10x_md.o(RESET)
 <LI><a href="#[fa]">NOP</a> from fx1nfnc.o(i.NOP) referenced from fx1nfnc.o(.constdata)
 <LI><a href="#[f3]">NULLCMD</a> from fx1nfnc.o(i.NULLCMD) referenced 9 times from fx1nfnc.o(.constdata)
 <LI><a href="#[42]">OR</a> from fx1nfnc.o(i.OR) referenced from fx1nfnc.o(.constdata)
 <LI><a href="#[f5]">ORB</a> from fx1nfnc.o(i.ORB) referenced from fx1nfnc.o(.constdata)
 <LI><a href="#[68]">ORF</a> from fx1nfnc.o(i.ORF) referenced from fx1nfnc.o(.constdata)
 <LI><a href="#[69]">ORFMp</a> from fx1nfnc.o(i.ORFMp) referenced from fx1nfnc.o(.constdata)
 <LI><a href="#[43]">ORI</a> from fx1nfnc.o(i.ORI) referenced from fx1nfnc.o(.constdata)
 <LI><a href="#[5d]">ORIMp</a> from fx1nfnc.o(i.ORIMp) referenced from fx1nfnc.o(.constdata)
 <LI><a href="#[5c]">ORMp</a> from fx1nfnc.o(i.ORMp) referenced from fx1nfnc.o(.constdata)
 <LI><a href="#[66]">ORP</a> from fx1nfnc.o(i.ORP) referenced from fx1nfnc.o(.constdata)
 <LI><a href="#[67]">ORPMp</a> from fx1nfnc.o(i.ORPMp) referenced from fx1nfnc.o(.constdata)
 <LI><a href="#[49]">OUTM8xxx</a> from fx1nfnc.o(i.OUTM8xxx) referenced from fx1nfnc.o(.constdata)
 <LI><a href="#[4a]">OUTMp</a> from fx1nfnc.o(i.OUTMp) referenced from fx1nfnc.o(.constdata)
 <LI><a href="#[4f]">OUTS</a> from fx1nfnc.o(i.OUTS) referenced from fx1nfnc.o(.constdata)
 <LI><a href="#[45]">OUTYM</a> from fx1nfnc.o(i.OUTYM) referenced from fx1nfnc.o(.constdata)
 <LI><a href="#[53]">PLF</a> from fx1nfnc.o(i.PLF) referenced from fx1nfnc.o(.constdata)
 <LI><a href="#[52]">PLS</a> from fx1nfnc.o(i.PLS) referenced from fx1nfnc.o(.constdata)
 <LI><a href="#[e]">PVD_IRQHandler</a> from stm32f10x_it.o(i.PVD_IRQHandler) referenced from startup_stm32f10x_md.o(RESET)
 <LI><a href="#[b]">PendSV_Handler</a> from stm32f10x_it.o(i.PendSV_Handler) referenced from startup_stm32f10x_md.o(RESET)
 <LI><a href="#[12]">RCC_IRQHandler</a> from startup_stm32f10x_md.o(.text) referenced from startup_stm32f10x_md.o(RESET)
 <LI><a href="#[57]">RSTD</a> from fx1nfnc.o(i.RSTD) referenced from fx1nfnc.o(.constdata)
 <LI><a href="#[4d]">RSTM8xxx</a> from fx1nfnc.o(i.RSTM8xxx) referenced from fx1nfnc.o(.constdata)
 <LI><a href="#[4e]">RSTMp</a> from fx1nfnc.o(i.RSTMp) referenced from fx1nfnc.o(.constdata)
 <LI><a href="#[51]">RSTS</a> from fx1nfnc.o(i.RSTS) referenced from fx1nfnc.o(.constdata)
 <LI><a href="#[56]">RSTTC</a> from fx1nfnc.o(i.RSTTC) referenced from fx1nfnc.o(.constdata)
 <LI><a href="#[47]">RSTYM</a> from fx1nfnc.o(i.RSTYM) referenced from fx1nfnc.o(.constdata)
 <LI><a href="#[36]">RTCAlarm_IRQHandler</a> from startup_stm32f10x_md.o(.text) referenced from startup_stm32f10x_md.o(RESET)
 <LI><a href="#[10]">RTC_IRQHandler</a> from startup_stm32f10x_md.o(.text) referenced from startup_stm32f10x_md.o(RESET)
 <LI><a href="#[3]">Reset_Handler</a> from startup_stm32f10x_md.o(.text) referenced from startup_stm32f10x_md.o(RESET)
 <LI><a href="#[4b]">SETM8xxx</a> from fx1nfnc.o(i.SETM8xxx) referenced from fx1nfnc.o(.constdata)
 <LI><a href="#[4c]">SETMp</a> from fx1nfnc.o(i.SETMp) referenced from fx1nfnc.o(.constdata)
 <LI><a href="#[50]">SETS</a> from fx1nfnc.o(i.SETS) referenced from fx1nfnc.o(.constdata)
 <LI><a href="#[46]">SETYM</a> from fx1nfnc.o(i.SETYM) referenced from fx1nfnc.o(.constdata)
 <LI><a href="#[30]">SPI1_IRQHandler</a> from startup_stm32f10x_md.o(.text) referenced from startup_stm32f10x_md.o(RESET)
 <LI><a href="#[31]">SPI2_IRQHandler</a> from startup_stm32f10x_md.o(.text) referenced from startup_stm32f10x_md.o(RESET)
 <LI><a href="#[9]">SVC_Handler</a> from stm32f10x_it.o(i.SVC_Handler) referenced from startup_stm32f10x_md.o(RESET)
 <LI><a href="#[c]">SysTick_Handler</a> from systick.o(i.SysTick_Handler) referenced from startup_stm32f10x_md.o(RESET)
 <LI><a href="#[38]">SystemInit</a> from system_stm32f10x.o(i.SystemInit) referenced from startup_stm32f10x_md.o(.text)
 <LI><a href="#[f]">TAMPER_IRQHandler</a> from startup_stm32f10x_md.o(.text) referenced from startup_stm32f10x_md.o(RESET)
 <LI><a href="#[25]">TIM1_BRK_IRQHandler</a> from startup_stm32f10x_md.o(.text) referenced from startup_stm32f10x_md.o(RESET)
 <LI><a href="#[28]">TIM1_CC_IRQHandler</a> from startup_stm32f10x_md.o(.text) referenced from startup_stm32f10x_md.o(RESET)
 <LI><a href="#[27]">TIM1_TRG_COM_IRQHandler</a> from startup_stm32f10x_md.o(.text) referenced from startup_stm32f10x_md.o(RESET)
 <LI><a href="#[26]">TIM1_UP_IRQHandler</a> from startup_stm32f10x_md.o(.text) referenced from startup_stm32f10x_md.o(RESET)
 <LI><a href="#[29]">TIM2_IRQHandler</a> from startup_stm32f10x_md.o(.text) referenced from startup_stm32f10x_md.o(RESET)
 <LI><a href="#[2a]">TIM3_IRQHandler</a> from startup_stm32f10x_md.o(.text) referenced from startup_stm32f10x_md.o(RESET)
 <LI><a href="#[2b]">TIM4_IRQHandler</a> from startup_stm32f10x_md.o(.text) referenced from startup_stm32f10x_md.o(RESET)
 <LI><a href="#[32]">USART1_IRQHandler</a> from sio.o(i.USART1_IRQHandler) referenced from startup_stm32f10x_md.o(RESET)
 <LI><a href="#[33]">USART2_IRQHandler</a> from sio.o(i.USART2_IRQHandler) referenced from startup_stm32f10x_md.o(RESET)
 <LI><a href="#[34]">USART3_IRQHandler</a> from startup_stm32f10x_md.o(.text) referenced from startup_stm32f10x_md.o(RESET)
 <LI><a href="#[37]">USBWakeUp_IRQHandler</a> from startup_stm32f10x_md.o(.text) referenced from startup_stm32f10x_md.o(RESET)
 <LI><a href="#[20]">USB_HP_CAN1_TX_IRQHandler</a> from startup_stm32f10x_md.o(.text) referenced from startup_stm32f10x_md.o(RESET)
 <LI><a href="#[21]">USB_LP_CAN1_RX0_IRQHandler</a> from startup_stm32f10x_md.o(.text) referenced from startup_stm32f10x_md.o(RESET)
 <LI><a href="#[8]">UsageFault_Handler</a> from stm32f10x_it.o(i.UsageFault_Handler) referenced from startup_stm32f10x_md.o(RESET)
 <LI><a href="#[d]">WWDG_IRQHandler</a> from startup_stm32f10x_md.o(.text) referenced from startup_stm32f10x_md.o(RESET)
 <LI><a href="#[fb]">__main</a> from __main.o(!!!main) referenced from startup_stm32f10x_md.o(.text)
 <LI><a href="#[3a]">read_end</a> from main.o(i.read_end) referenced from main.o(i.init)
 <LI><a href="#[3a]">read_end</a> from main.o(i.read_end) referenced from main.o(i.read_end)
 <LI><a href="#[3b]">write_end</a> from main.o(i.write_end) referenced from main.o(i.poll)
</UL>
<P>
<H3>
Global Symbols
</H3>
<P><STRONG><a name="[fb]"></a>__main</STRONG> (Thumb, 8 bytes, Stack size 0 bytes, __main.o(!!!main))
<BR><BR>[Calls]<UL><LI><a href="#[fc]">&gt;&gt;</a>&nbsp;&nbsp;&nbsp;__scatterload
<LI><a href="#[fd]">&gt;&gt;</a>&nbsp;&nbsp;&nbsp;__rt_entry
</UL>

<P><STRONG><a name="[fc]"></a>__scatterload</STRONG> (Thumb, 0 bytes, Stack size unknown bytes, __scatter.o(!!!scatter))
<BR><BR>[Called By]<UL><LI><a href="#[fb]">&gt;&gt;</a>&nbsp;&nbsp;&nbsp;__main
</UL>

<P><STRONG><a name="[fe]"></a>__scatterload_rt2</STRONG> (Thumb, 44 bytes, Stack size unknown bytes, __scatter.o(!!!scatter), UNUSED)
<BR><BR>[Calls]<UL><LI><a href="#[fd]">&gt;&gt;</a>&nbsp;&nbsp;&nbsp;__rt_entry
</UL>

<P><STRONG><a name="[199]"></a>__scatterload_rt2_thumb_only</STRONG> (Thumb, 0 bytes, Stack size unknown bytes, __scatter.o(!!!scatter), UNUSED)

<P><STRONG><a name="[19a]"></a>__scatterload_null</STRONG> (Thumb, 0 bytes, Stack size unknown bytes, __scatter.o(!!!scatter), UNUSED)

<P><STRONG><a name="[19b]"></a>__decompress</STRONG> (Thumb, 90 bytes, Stack size unknown bytes, __dczerorl2.o(!!dczerorl2), UNUSED)

<P><STRONG><a name="[19c]"></a>__decompress1</STRONG> (Thumb, 0 bytes, Stack size unknown bytes, __dczerorl2.o(!!dczerorl2), UNUSED)

<P><STRONG><a name="[19d]"></a>__scatterload_zeroinit</STRONG> (Thumb, 28 bytes, Stack size unknown bytes, __scatter_zi.o(!!handler_zi), UNUSED)

<P><STRONG><a name="[102]"></a>__rt_lib_init</STRONG> (Thumb, 0 bytes, Stack size unknown bytes, libinit.o(.ARM.Collect$$libinit$$00000000))
<BR><BR>[Called By]<UL><LI><a href="#[101]">&gt;&gt;</a>&nbsp;&nbsp;&nbsp;__rt_entry_li
</UL>

<P><STRONG><a name="[19e]"></a>__rt_lib_init_alloca_1</STRONG> (Thumb, 0 bytes, Stack size unknown bytes, libinit2.o(.ARM.Collect$$libinit$$0000002E))

<P><STRONG><a name="[19f]"></a>__rt_lib_init_argv_1</STRONG> (Thumb, 0 bytes, Stack size unknown bytes, libinit2.o(.ARM.Collect$$libinit$$0000002C))

<P><STRONG><a name="[1a0]"></a>__rt_lib_init_atexit_1</STRONG> (Thumb, 0 bytes, Stack size unknown bytes, libinit2.o(.ARM.Collect$$libinit$$0000001B))

<P><STRONG><a name="[1a1]"></a>__rt_lib_init_clock_1</STRONG> (Thumb, 0 bytes, Stack size unknown bytes, libinit2.o(.ARM.Collect$$libinit$$00000021))

<P><STRONG><a name="[1a2]"></a>__rt_lib_init_cpp_1</STRONG> (Thumb, 0 bytes, Stack size unknown bytes, libinit2.o(.ARM.Collect$$libinit$$00000032))

<P><STRONG><a name="[1a3]"></a>__rt_lib_init_exceptions_1</STRONG> (Thumb, 0 bytes, Stack size unknown bytes, libinit2.o(.ARM.Collect$$libinit$$00000030))

<P><STRONG><a name="[1a4]"></a>__rt_lib_init_fp_1</STRONG> (Thumb, 0 bytes, Stack size unknown bytes, libinit2.o(.ARM.Collect$$libinit$$00000002))

<P><STRONG><a name="[1a5]"></a>__rt_lib_init_fp_trap_1</STRONG> (Thumb, 0 bytes, Stack size unknown bytes, libinit2.o(.ARM.Collect$$libinit$$0000001F))

<P><STRONG><a name="[1a6]"></a>__rt_lib_init_getenv_1</STRONG> (Thumb, 0 bytes, Stack size unknown bytes, libinit2.o(.ARM.Collect$$libinit$$00000023))

<P><STRONG><a name="[1a7]"></a>__rt_lib_init_heap_1</STRONG> (Thumb, 0 bytes, Stack size unknown bytes, libinit2.o(.ARM.Collect$$libinit$$0000000A))

<P><STRONG><a name="[1a8]"></a>__rt_lib_init_lc_collate_1</STRONG> (Thumb, 0 bytes, Stack size unknown bytes, libinit2.o(.ARM.Collect$$libinit$$00000011))

<P><STRONG><a name="[1a9]"></a>__rt_lib_init_lc_ctype_1</STRONG> (Thumb, 0 bytes, Stack size unknown bytes, libinit2.o(.ARM.Collect$$libinit$$00000013))

<P><STRONG><a name="[1aa]"></a>__rt_lib_init_lc_monetary_1</STRONG> (Thumb, 0 bytes, Stack size unknown bytes, libinit2.o(.ARM.Collect$$libinit$$00000015))

<P><STRONG><a name="[1ab]"></a>__rt_lib_init_lc_numeric_1</STRONG> (Thumb, 0 bytes, Stack size unknown bytes, libinit2.o(.ARM.Collect$$libinit$$00000017))

<P><STRONG><a name="[1ac]"></a>__rt_lib_init_lc_time_1</STRONG> (Thumb, 0 bytes, Stack size unknown bytes, libinit2.o(.ARM.Collect$$libinit$$00000019))

<P><STRONG><a name="[1ad]"></a>__rt_lib_init_preinit_1</STRONG> (Thumb, 0 bytes, Stack size unknown bytes, libinit2.o(.ARM.Collect$$libinit$$00000004))

<P><STRONG><a name="[1ae]"></a>__rt_lib_init_rand_1</STRONG> (Thumb, 0 bytes, Stack size unknown bytes, libinit2.o(.ARM.Collect$$libinit$$0000000E))

<P><STRONG><a name="[1af]"></a>__rt_lib_init_return</STRONG> (Thumb, 0 bytes, Stack size unknown bytes, libinit2.o(.ARM.Collect$$libinit$$00000033))

<P><STRONG><a name="[1b0]"></a>__rt_lib_init_signal_1</STRONG> (Thumb, 0 bytes, Stack size unknown bytes, libinit2.o(.ARM.Collect$$libinit$$0000001D))

<P><STRONG><a name="[1b1]"></a>__rt_lib_init_stdio_1</STRONG> (Thumb, 0 bytes, Stack size unknown bytes, libinit2.o(.ARM.Collect$$libinit$$00000025))

<P><STRONG><a name="[1b2]"></a>__rt_lib_init_user_alloc_1</STRONG> (Thumb, 0 bytes, Stack size unknown bytes, libinit2.o(.ARM.Collect$$libinit$$0000000C))

<P><STRONG><a name="[107]"></a>__rt_lib_shutdown</STRONG> (Thumb, 0 bytes, Stack size unknown bytes, libshutdown.o(.ARM.Collect$$libshutdown$$00000000))
<BR><BR>[Called By]<UL><LI><a href="#[106]">&gt;&gt;</a>&nbsp;&nbsp;&nbsp;__rt_exit_ls
</UL>

<P><STRONG><a name="[1b3]"></a>__rt_lib_shutdown_cpp_1</STRONG> (Thumb, 0 bytes, Stack size unknown bytes, libshutdown2.o(.ARM.Collect$$libshutdown$$00000002))

<P><STRONG><a name="[1b4]"></a>__rt_lib_shutdown_fp_trap_1</STRONG> (Thumb, 0 bytes, Stack size unknown bytes, libshutdown2.o(.ARM.Collect$$libshutdown$$00000007))

<P><STRONG><a name="[1b5]"></a>__rt_lib_shutdown_heap_1</STRONG> (Thumb, 0 bytes, Stack size unknown bytes, libshutdown2.o(.ARM.Collect$$libshutdown$$0000000F))

<P><STRONG><a name="[1b6]"></a>__rt_lib_shutdown_return</STRONG> (Thumb, 0 bytes, Stack size unknown bytes, libshutdown2.o(.ARM.Collect$$libshutdown$$00000010))

<P><STRONG><a name="[1b7]"></a>__rt_lib_shutdown_signal_1</STRONG> (Thumb, 0 bytes, Stack size unknown bytes, libshutdown2.o(.ARM.Collect$$libshutdown$$0000000A))

<P><STRONG><a name="[1b8]"></a>__rt_lib_shutdown_stdio_1</STRONG> (Thumb, 0 bytes, Stack size unknown bytes, libshutdown2.o(.ARM.Collect$$libshutdown$$00000004))

<P><STRONG><a name="[1b9]"></a>__rt_lib_shutdown_user_alloc_1</STRONG> (Thumb, 0 bytes, Stack size unknown bytes, libshutdown2.o(.ARM.Collect$$libshutdown$$0000000C))

<P><STRONG><a name="[fd]"></a>__rt_entry</STRONG> (Thumb, 0 bytes, Stack size unknown bytes, __rtentry.o(.ARM.Collect$$rtentry$$00000000))
<BR><BR>[Called By]<UL><LI><a href="#[fe]">&gt;&gt;</a>&nbsp;&nbsp;&nbsp;__scatterload_rt2
<LI><a href="#[fb]">&gt;&gt;</a>&nbsp;&nbsp;&nbsp;__main
</UL>

<P><STRONG><a name="[1ba]"></a>__rt_entry_presh_1</STRONG> (Thumb, 0 bytes, Stack size unknown bytes, __rtentry2.o(.ARM.Collect$$rtentry$$00000002))

<P><STRONG><a name="[ff]"></a>__rt_entry_sh</STRONG> (Thumb, 0 bytes, Stack size unknown bytes, __rtentry4.o(.ARM.Collect$$rtentry$$00000004))
<BR><BR>[Stack]<UL><LI>Max Depth = 8 + Unknown Stack Size
<LI>Call Chain = __rt_entry_sh &rArr; __user_setup_stackheap
</UL>
<BR>[Calls]<UL><LI><a href="#[100]">&gt;&gt;</a>&nbsp;&nbsp;&nbsp;__user_setup_stackheap
</UL>

<P><STRONG><a name="[101]"></a>__rt_entry_li</STRONG> (Thumb, 0 bytes, Stack size unknown bytes, __rtentry2.o(.ARM.Collect$$rtentry$$0000000A))
<BR><BR>[Calls]<UL><LI><a href="#[102]">&gt;&gt;</a>&nbsp;&nbsp;&nbsp;__rt_lib_init
</UL>

<P><STRONG><a name="[1bb]"></a>__rt_entry_postsh_1</STRONG> (Thumb, 0 bytes, Stack size unknown bytes, __rtentry2.o(.ARM.Collect$$rtentry$$00000009))

<P><STRONG><a name="[103]"></a>__rt_entry_main</STRONG> (Thumb, 0 bytes, Stack size unknown bytes, __rtentry2.o(.ARM.Collect$$rtentry$$0000000D))
<BR><BR>[Stack]<UL><LI>Max Depth = 164 + Unknown Stack Size
<LI>Call Chain = __rt_entry_main &rArr; main &rArr; init &rArr; sio_open &rArr; USART_Config &rArr; USART_Init &rArr; RCC_GetClocksFreq
</UL>
<BR>[Calls]<UL><LI><a href="#[104]">&gt;&gt;</a>&nbsp;&nbsp;&nbsp;main
<LI><a href="#[105]">&gt;&gt;</a>&nbsp;&nbsp;&nbsp;exit
</UL>

<P><STRONG><a name="[1bc]"></a>__rt_entry_postli_1</STRONG> (Thumb, 0 bytes, Stack size unknown bytes, __rtentry2.o(.ARM.Collect$$rtentry$$0000000C))

<P><STRONG><a name="[10c]"></a>__rt_exit</STRONG> (Thumb, 0 bytes, Stack size unknown bytes, rtexit.o(.ARM.Collect$$rtexit$$00000000))
<BR><BR>[Called By]<UL><LI><a href="#[105]">&gt;&gt;</a>&nbsp;&nbsp;&nbsp;exit
</UL>

<P><STRONG><a name="[106]"></a>__rt_exit_ls</STRONG> (Thumb, 0 bytes, Stack size unknown bytes, rtexit2.o(.ARM.Collect$$rtexit$$00000003))
<BR><BR>[Calls]<UL><LI><a href="#[107]">&gt;&gt;</a>&nbsp;&nbsp;&nbsp;__rt_lib_shutdown
</UL>

<P><STRONG><a name="[1bd]"></a>__rt_exit_prels_1</STRONG> (Thumb, 0 bytes, Stack size unknown bytes, rtexit2.o(.ARM.Collect$$rtexit$$00000002))

<P><STRONG><a name="[108]"></a>__rt_exit_exit</STRONG> (Thumb, 0 bytes, Stack size unknown bytes, rtexit2.o(.ARM.Collect$$rtexit$$00000004))
<BR><BR>[Calls]<UL><LI><a href="#[109]">&gt;&gt;</a>&nbsp;&nbsp;&nbsp;_sys_exit
</UL>

<P><STRONG><a name="[173]"></a>OS_CPU_SR_Save</STRONG> (Thumb, 0 bytes, Stack size unknown bytes, port_a.o(.text))
<BR><BR>[Called By]<UL><LI><a href="#[156]">&gt;&gt;</a>&nbsp;&nbsp;&nbsp;usart_interrupt
<LI><a href="#[117]">&gt;&gt;</a>&nbsp;&nbsp;&nbsp;dma_write_interrupt
<LI><a href="#[104]">&gt;&gt;</a>&nbsp;&nbsp;&nbsp;main
<LI><a href="#[3b]">&gt;&gt;</a>&nbsp;&nbsp;&nbsp;write_end
<LI><a href="#[3a]">&gt;&gt;</a>&nbsp;&nbsp;&nbsp;read_end
<LI><a href="#[192]">&gt;&gt;</a>&nbsp;&nbsp;&nbsp;poll
<LI><a href="#[18d]">&gt;&gt;</a>&nbsp;&nbsp;&nbsp;init
</UL>

<P><STRONG><a name="[177]"></a>OS_CPU_SR_Restore</STRONG> (Thumb, 0 bytes, Stack size unknown bytes, port_a.o(.text))
<BR><BR>[Called By]<UL><LI><a href="#[156]">&gt;&gt;</a>&nbsp;&nbsp;&nbsp;usart_interrupt
<LI><a href="#[117]">&gt;&gt;</a>&nbsp;&nbsp;&nbsp;dma_write_interrupt
<LI><a href="#[104]">&gt;&gt;</a>&nbsp;&nbsp;&nbsp;main
<LI><a href="#[3b]">&gt;&gt;</a>&nbsp;&nbsp;&nbsp;write_end
<LI><a href="#[3a]">&gt;&gt;</a>&nbsp;&nbsp;&nbsp;read_end
<LI><a href="#[192]">&gt;&gt;</a>&nbsp;&nbsp;&nbsp;poll
<LI><a href="#[18d]">&gt;&gt;</a>&nbsp;&nbsp;&nbsp;init
</UL>

<P><STRONG><a name="[3]"></a>Reset_Handler</STRONG> (Thumb, 8 bytes, Stack size 0 bytes, startup_stm32f10x_md.o(.text))
<BR>[Address Reference Count : 1]<UL><LI> startup_stm32f10x_md.o(RESET)
</UL>
<P><STRONG><a name="[1f]"></a>ADC1_2_IRQHandler</STRONG> (Thumb, 0 bytes, Stack size 0 bytes, startup_stm32f10x_md.o(.text))
<BR><BR>[Calls]<UL><LI><a href="#[1f]">&gt;&gt;</a>&nbsp;&nbsp;&nbsp;ADC1_2_IRQHandler
</UL>
<BR>[Called By]<UL><LI><a href="#[1f]">&gt;&gt;</a>&nbsp;&nbsp;&nbsp;ADC1_2_IRQHandler
</UL>
<BR>[Address Reference Count : 1]<UL><LI> startup_stm32f10x_md.o(RESET)
</UL>
<P><STRONG><a name="[22]"></a>CAN1_RX1_IRQHandler</STRONG> (Thumb, 0 bytes, Stack size 0 bytes, startup_stm32f10x_md.o(.text))
<BR>[Address Reference Count : 1]<UL><LI> startup_stm32f10x_md.o(RESET)
</UL>
<P><STRONG><a name="[23]"></a>CAN1_SCE_IRQHandler</STRONG> (Thumb, 0 bytes, Stack size 0 bytes, startup_stm32f10x_md.o(.text))
<BR>[Address Reference Count : 1]<UL><LI> startup_stm32f10x_md.o(RESET)
</UL>
<P><STRONG><a name="[18]"></a>DMA1_Channel1_IRQHandler</STRONG> (Thumb, 0 bytes, Stack size 0 bytes, startup_stm32f10x_md.o(.text))
<BR>[Address Reference Count : 1]<UL><LI> startup_stm32f10x_md.o(RESET)
</UL>
<P><STRONG><a name="[19]"></a>DMA1_Channel2_IRQHandler</STRONG> (Thumb, 0 bytes, Stack size 0 bytes, startup_stm32f10x_md.o(.text))
<BR>[Address Reference Count : 1]<UL><LI> startup_stm32f10x_md.o(RESET)
</UL>
<P><STRONG><a name="[1a]"></a>DMA1_Channel3_IRQHandler</STRONG> (Thumb, 0 bytes, Stack size 0 bytes, startup_stm32f10x_md.o(.text))
<BR>[Address Reference Count : 1]<UL><LI> startup_stm32f10x_md.o(RESET)
</UL>
<P><STRONG><a name="[1c]"></a>DMA1_Channel5_IRQHandler</STRONG> (Thumb, 0 bytes, Stack size 0 bytes, startup_stm32f10x_md.o(.text))
<BR>[Address Reference Count : 1]<UL><LI> startup_stm32f10x_md.o(RESET)
</UL>
<P><STRONG><a name="[1d]"></a>DMA1_Channel6_IRQHandler</STRONG> (Thumb, 0 bytes, Stack size 0 bytes, startup_stm32f10x_md.o(.text))
<BR>[Address Reference Count : 1]<UL><LI> startup_stm32f10x_md.o(RESET)
</UL>
<P><STRONG><a name="[13]"></a>EXTI0_IRQHandler</STRONG> (Thumb, 0 bytes, Stack size 0 bytes, startup_stm32f10x_md.o(.text))
<BR>[Address Reference Count : 1]<UL><LI> startup_stm32f10x_md.o(RESET)
</UL>
<P><STRONG><a name="[35]"></a>EXTI15_10_IRQHandler</STRONG> (Thumb, 0 bytes, Stack size 0 bytes, startup_stm32f10x_md.o(.text))
<BR>[Address Reference Count : 1]<UL><LI> startup_stm32f10x_md.o(RESET)
</UL>
<P><STRONG><a name="[14]"></a>EXTI1_IRQHandler</STRONG> (Thumb, 0 bytes, Stack size 0 bytes, startup_stm32f10x_md.o(.text))
<BR>[Address Reference Count : 1]<UL><LI> startup_stm32f10x_md.o(RESET)
</UL>
<P><STRONG><a name="[15]"></a>EXTI2_IRQHandler</STRONG> (Thumb, 0 bytes, Stack size 0 bytes, startup_stm32f10x_md.o(.text))
<BR>[Address Reference Count : 1]<UL><LI> startup_stm32f10x_md.o(RESET)
</UL>
<P><STRONG><a name="[16]"></a>EXTI3_IRQHandler</STRONG> (Thumb, 0 bytes, Stack size 0 bytes, startup_stm32f10x_md.o(.text))
<BR>[Address Reference Count : 1]<UL><LI> startup_stm32f10x_md.o(RESET)
</UL>
<P><STRONG><a name="[17]"></a>EXTI4_IRQHandler</STRONG> (Thumb, 0 bytes, Stack size 0 bytes, startup_stm32f10x_md.o(.text))
<BR>[Address Reference Count : 1]<UL><LI> startup_stm32f10x_md.o(RESET)
</UL>
<P><STRONG><a name="[24]"></a>EXTI9_5_IRQHandler</STRONG> (Thumb, 0 bytes, Stack size 0 bytes, startup_stm32f10x_md.o(.text))
<BR>[Address Reference Count : 1]<UL><LI> startup_stm32f10x_md.o(RESET)
</UL>
<P><STRONG><a name="[11]"></a>FLASH_IRQHandler</STRONG> (Thumb, 0 bytes, Stack size 0 bytes, startup_stm32f10x_md.o(.text))
<BR>[Address Reference Count : 1]<UL><LI> startup_stm32f10x_md.o(RESET)
</UL>
<P><STRONG><a name="[2d]"></a>I2C1_ER_IRQHandler</STRONG> (Thumb, 0 bytes, Stack size 0 bytes, startup_stm32f10x_md.o(.text))
<BR>[Address Reference Count : 1]<UL><LI> startup_stm32f10x_md.o(RESET)
</UL>
<P><STRONG><a name="[2c]"></a>I2C1_EV_IRQHandler</STRONG> (Thumb, 0 bytes, Stack size 0 bytes, startup_stm32f10x_md.o(.text))
<BR>[Address Reference Count : 1]<UL><LI> startup_stm32f10x_md.o(RESET)
</UL>
<P><STRONG><a name="[2f]"></a>I2C2_ER_IRQHandler</STRONG> (Thumb, 0 bytes, Stack size 0 bytes, startup_stm32f10x_md.o(.text))
<BR>[Address Reference Count : 1]<UL><LI> startup_stm32f10x_md.o(RESET)
</UL>
<P><STRONG><a name="[2e]"></a>I2C2_EV_IRQHandler</STRONG> (Thumb, 0 bytes, Stack size 0 bytes, startup_stm32f10x_md.o(.text))
<BR>[Address Reference Count : 1]<UL><LI> startup_stm32f10x_md.o(RESET)
</UL>
<P><STRONG><a name="[12]"></a>RCC_IRQHandler</STRONG> (Thumb, 0 bytes, Stack size 0 bytes, startup_stm32f10x_md.o(.text))
<BR>[Address Reference Count : 1]<UL><LI> startup_stm32f10x_md.o(RESET)
</UL>
<P><STRONG><a name="[36]"></a>RTCAlarm_IRQHandler</STRONG> (Thumb, 0 bytes, Stack size 0 bytes, startup_stm32f10x_md.o(.text))
<BR>[Address Reference Count : 1]<UL><LI> startup_stm32f10x_md.o(RESET)
</UL>
<P><STRONG><a name="[10]"></a>RTC_IRQHandler</STRONG> (Thumb, 0 bytes, Stack size 0 bytes, startup_stm32f10x_md.o(.text))
<BR>[Address Reference Count : 1]<UL><LI> startup_stm32f10x_md.o(RESET)
</UL>
<P><STRONG><a name="[30]"></a>SPI1_IRQHandler</STRONG> (Thumb, 0 bytes, Stack size 0 bytes, startup_stm32f10x_md.o(.text))
<BR>[Address Reference Count : 1]<UL><LI> startup_stm32f10x_md.o(RESET)
</UL>
<P><STRONG><a name="[31]"></a>SPI2_IRQHandler</STRONG> (Thumb, 0 bytes, Stack size 0 bytes, startup_stm32f10x_md.o(.text))
<BR>[Address Reference Count : 1]<UL><LI> startup_stm32f10x_md.o(RESET)
</UL>
<P><STRONG><a name="[f]"></a>TAMPER_IRQHandler</STRONG> (Thumb, 0 bytes, Stack size 0 bytes, startup_stm32f10x_md.o(.text))
<BR>[Address Reference Count : 1]<UL><LI> startup_stm32f10x_md.o(RESET)
</UL>
<P><STRONG><a name="[25]"></a>TIM1_BRK_IRQHandler</STRONG> (Thumb, 0 bytes, Stack size 0 bytes, startup_stm32f10x_md.o(.text))
<BR>[Address Reference Count : 1]<UL><LI> startup_stm32f10x_md.o(RESET)
</UL>
<P><STRONG><a name="[28]"></a>TIM1_CC_IRQHandler</STRONG> (Thumb, 0 bytes, Stack size 0 bytes, startup_stm32f10x_md.o(.text))
<BR>[Address Reference Count : 1]<UL><LI> startup_stm32f10x_md.o(RESET)
</UL>
<P><STRONG><a name="[27]"></a>TIM1_TRG_COM_IRQHandler</STRONG> (Thumb, 0 bytes, Stack size 0 bytes, startup_stm32f10x_md.o(.text))
<BR>[Address Reference Count : 1]<UL><LI> startup_stm32f10x_md.o(RESET)
</UL>
<P><STRONG><a name="[26]"></a>TIM1_UP_IRQHandler</STRONG> (Thumb, 0 bytes, Stack size 0 bytes, startup_stm32f10x_md.o(.text))
<BR>[Address Reference Count : 1]<UL><LI> startup_stm32f10x_md.o(RESET)
</UL>
<P><STRONG><a name="[29]"></a>TIM2_IRQHandler</STRONG> (Thumb, 0 bytes, Stack size 0 bytes, startup_stm32f10x_md.o(.text))
<BR>[Address Reference Count : 1]<UL><LI> startup_stm32f10x_md.o(RESET)
</UL>
<P><STRONG><a name="[2a]"></a>TIM3_IRQHandler</STRONG> (Thumb, 0 bytes, Stack size 0 bytes, startup_stm32f10x_md.o(.text))
<BR>[Address Reference Count : 1]<UL><LI> startup_stm32f10x_md.o(RESET)
</UL>
<P><STRONG><a name="[2b]"></a>TIM4_IRQHandler</STRONG> (Thumb, 0 bytes, Stack size 0 bytes, startup_stm32f10x_md.o(.text))
<BR>[Address Reference Count : 1]<UL><LI> startup_stm32f10x_md.o(RESET)
</UL>
<P><STRONG><a name="[34]"></a>USART3_IRQHandler</STRONG> (Thumb, 0 bytes, Stack size 0 bytes, startup_stm32f10x_md.o(.text))
<BR>[Address Reference Count : 1]<UL><LI> startup_stm32f10x_md.o(RESET)
</UL>
<P><STRONG><a name="[37]"></a>USBWakeUp_IRQHandler</STRONG> (Thumb, 0 bytes, Stack size 0 bytes, startup_stm32f10x_md.o(.text))
<BR>[Address Reference Count : 1]<UL><LI> startup_stm32f10x_md.o(RESET)
</UL>
<P><STRONG><a name="[20]"></a>USB_HP_CAN1_TX_IRQHandler</STRONG> (Thumb, 0 bytes, Stack size 0 bytes, startup_stm32f10x_md.o(.text))
<BR>[Address Reference Count : 1]<UL><LI> startup_stm32f10x_md.o(RESET)
</UL>
<P><STRONG><a name="[21]"></a>USB_LP_CAN1_RX0_IRQHandler</STRONG> (Thumb, 0 bytes, Stack size 0 bytes, startup_stm32f10x_md.o(.text))
<BR>[Address Reference Count : 1]<UL><LI> startup_stm32f10x_md.o(RESET)
</UL>
<P><STRONG><a name="[d]"></a>WWDG_IRQHandler</STRONG> (Thumb, 0 bytes, Stack size 0 bytes, startup_stm32f10x_md.o(.text))
<BR>[Address Reference Count : 1]<UL><LI> startup_stm32f10x_md.o(RESET)
</UL>
<P><STRONG><a name="[10b]"></a>__user_initial_stackheap</STRONG> (Thumb, 0 bytes, Stack size unknown bytes, startup_stm32f10x_md.o(.text))
<BR><BR>[Called By]<UL><LI><a href="#[100]">&gt;&gt;</a>&nbsp;&nbsp;&nbsp;__user_setup_stackheap
</UL>

<P><STRONG><a name="[164]"></a>__aeabi_memcpy4</STRONG> (Thumb, 0 bytes, Stack size 8 bytes, rt_memcpy_w.o(.text))
<BR><BR>[Stack]<UL><LI>Max Depth = 8<LI>Call Chain = __aeabi_memcpy4
</UL>
<BR>[Called By]<UL><LI><a href="#[158]">&gt;&gt;</a>&nbsp;&nbsp;&nbsp;USART_GpioCfg
</UL>

<P><STRONG><a name="[1be]"></a>__aeabi_memcpy8</STRONG> (Thumb, 0 bytes, Stack size 8 bytes, rt_memcpy_w.o(.text), UNUSED)

<P><STRONG><a name="[1bf]"></a>__rt_memcpy_w</STRONG> (Thumb, 100 bytes, Stack size 8 bytes, rt_memcpy_w.o(.text), UNUSED)

<P><STRONG><a name="[1c0]"></a>_memcpy_lastbytes_aligned</STRONG> (Thumb, 0 bytes, Stack size unknown bytes, rt_memcpy_w.o(.text), UNUSED)

<P><STRONG><a name="[1c1]"></a>__use_two_region_memory</STRONG> (Thumb, 2 bytes, Stack size 0 bytes, heapauxi.o(.text), UNUSED)

<P><STRONG><a name="[1c2]"></a>__rt_heap_escrow$2region</STRONG> (Thumb, 2 bytes, Stack size 0 bytes, heapauxi.o(.text), UNUSED)

<P><STRONG><a name="[1c3]"></a>__rt_heap_expand$2region</STRONG> (Thumb, 2 bytes, Stack size 0 bytes, heapauxi.o(.text), UNUSED)

<P><STRONG><a name="[100]"></a>__user_setup_stackheap</STRONG> (Thumb, 74 bytes, Stack size 8 bytes, sys_stackheap_outer.o(.text))
<BR><BR>[Stack]<UL><LI>Max Depth = 8 + Unknown Stack Size
<LI>Call Chain = __user_setup_stackheap
</UL>
<BR>[Calls]<UL><LI><a href="#[10b]">&gt;&gt;</a>&nbsp;&nbsp;&nbsp;__user_initial_stackheap
<LI><a href="#[10a]">&gt;&gt;</a>&nbsp;&nbsp;&nbsp;__user_perproc_libspace
</UL>
<BR>[Called By]<UL><LI><a href="#[ff]">&gt;&gt;</a>&nbsp;&nbsp;&nbsp;__rt_entry_sh
</UL>

<P><STRONG><a name="[105]"></a>exit</STRONG> (Thumb, 18 bytes, Stack size 8 bytes, exit.o(.text))
<BR><BR>[Stack]<UL><LI>Max Depth = 8 + Unknown Stack Size
<LI>Call Chain = exit
</UL>
<BR>[Calls]<UL><LI><a href="#[10c]">&gt;&gt;</a>&nbsp;&nbsp;&nbsp;__rt_exit
</UL>
<BR>[Called By]<UL><LI><a href="#[103]">&gt;&gt;</a>&nbsp;&nbsp;&nbsp;__rt_entry_main
</UL>

<P><STRONG><a name="[1c4]"></a>__user_libspace</STRONG> (Thumb, 8 bytes, Stack size 0 bytes, libspace.o(.text), UNUSED)

<P><STRONG><a name="[10a]"></a>__user_perproc_libspace</STRONG> (Thumb, 0 bytes, Stack size 0 bytes, libspace.o(.text))
<BR><BR>[Called By]<UL><LI><a href="#[100]">&gt;&gt;</a>&nbsp;&nbsp;&nbsp;__user_setup_stackheap
</UL>

<P><STRONG><a name="[1c5]"></a>__user_perthread_libspace</STRONG> (Thumb, 0 bytes, Stack size 0 bytes, libspace.o(.text), UNUSED)

<P><STRONG><a name="[109]"></a>_sys_exit</STRONG> (Thumb, 8 bytes, Stack size 0 bytes, sys_exit.o(.text))
<BR><BR>[Called By]<UL><LI><a href="#[108]">&gt;&gt;</a>&nbsp;&nbsp;&nbsp;__rt_exit_exit
</UL>

<P><STRONG><a name="[1c6]"></a>__I$use$semihosting</STRONG> (Thumb, 0 bytes, Stack size 0 bytes, use_no_semi.o(.text), UNUSED)

<P><STRONG><a name="[1c7]"></a>__use_no_semihosting_swi</STRONG> (Thumb, 2 bytes, Stack size 0 bytes, use_no_semi.o(.text), UNUSED)

<P><STRONG><a name="[1c8]"></a>__semihosting_library_function</STRONG> (Thumb, 0 bytes, Stack size unknown bytes, indicate_semi.o(.text), UNUSED)

<P><STRONG><a name="[7]"></a>BusFault_Handler</STRONG> (Thumb, 4 bytes, Stack size 0 bytes, stm32f10x_it.o(i.BusFault_Handler))
<BR>[Address Reference Count : 1]<UL><LI> startup_stm32f10x_md.o(RESET)
</UL>
<P><STRONG><a name="[115]"></a>CODE_scan</STRONG> (Thumb, 354 bytes, Stack size 16 bytes, fx1nfnc.o(i.CODE_scan))
<BR><BR>[Stack]<UL><LI>Max Depth = 16<LI>Call Chain = CODE_scan
</UL>
<BR>[Calls]<UL><LI><a href="#[111]">&gt;&gt;</a>&nbsp;&nbsp;&nbsp;END
<LI><a href="#[112]">&gt;&gt;</a>&nbsp;&nbsp;&nbsp;plc_get_next_cmd
<LI><a href="#[116]">&gt;&gt;</a>&nbsp;&nbsp;&nbsp;Pn
</UL>
<BR>[Called By]<UL><LI><a href="#[181]">&gt;&gt;</a>&nbsp;&nbsp;&nbsp;fx1n_init
</UL>

<P><STRONG><a name="[1b]"></a>DMA1_Channel4_IRQHandler</STRONG> (Thumb, 10 bytes, Stack size 8 bytes, sio.o(i.DMA1_Channel4_IRQHandler))
<BR><BR>[Stack]<UL><LI>Max Depth = 68 + Unknown Stack Size
<LI>Call Chain = DMA1_Channel4_IRQHandler &rArr; dma_write_interrupt &rArr; USART_ITConfig
</UL>
<BR>[Calls]<UL><LI><a href="#[117]">&gt;&gt;</a>&nbsp;&nbsp;&nbsp;dma_write_interrupt
</UL>
<BR>[Address Reference Count : 1]<UL><LI> startup_stm32f10x_md.o(RESET)
</UL>
<P><STRONG><a name="[1e]"></a>DMA1_Channel7_IRQHandler</STRONG> (Thumb, 10 bytes, Stack size 8 bytes, sio.o(i.DMA1_Channel7_IRQHandler))
<BR><BR>[Stack]<UL><LI>Max Depth = 68 + Unknown Stack Size
<LI>Call Chain = DMA1_Channel7_IRQHandler &rArr; dma_write_interrupt &rArr; USART_ITConfig
</UL>
<BR>[Calls]<UL><LI><a href="#[117]">&gt;&gt;</a>&nbsp;&nbsp;&nbsp;dma_write_interrupt
</UL>
<BR>[Address Reference Count : 1]<UL><LI> startup_stm32f10x_md.o(RESET)
</UL>
<P><STRONG><a name="[176]"></a>DMA_ClearFlag</STRONG> (Thumb, 18 bytes, Stack size 0 bytes, stm32f10x_dma.o(i.DMA_ClearFlag))
<BR><BR>[Called By]<UL><LI><a href="#[117]">&gt;&gt;</a>&nbsp;&nbsp;&nbsp;dma_write_interrupt
</UL>

<P><STRONG><a name="[175]"></a>DMA_ClearITPendingBit</STRONG> (Thumb, 18 bytes, Stack size 0 bytes, stm32f10x_dma.o(i.DMA_ClearITPendingBit))
<BR><BR>[Called By]<UL><LI><a href="#[117]">&gt;&gt;</a>&nbsp;&nbsp;&nbsp;dma_write_interrupt
</UL>

<P><STRONG><a name="[163]"></a>DMA_Cmd</STRONG> (Thumb, 24 bytes, Stack size 0 bytes, stm32f10x_dma.o(i.DMA_Cmd))
<BR><BR>[Called By]<UL><LI><a href="#[15e]">&gt;&gt;</a>&nbsp;&nbsp;&nbsp;USART_DMA_Config
<LI><a href="#[156]">&gt;&gt;</a>&nbsp;&nbsp;&nbsp;usart_interrupt
<LI><a href="#[117]">&gt;&gt;</a>&nbsp;&nbsp;&nbsp;dma_write_interrupt
<LI><a href="#[198]">&gt;&gt;</a>&nbsp;&nbsp;&nbsp;sio_end_write
<LI><a href="#[194]">&gt;&gt;</a>&nbsp;&nbsp;&nbsp;sio_end_read
<LI><a href="#[193]">&gt;&gt;</a>&nbsp;&nbsp;&nbsp;sio_async_write
<LI><a href="#[18f]">&gt;&gt;</a>&nbsp;&nbsp;&nbsp;sio_async_read
</UL>

<P><STRONG><a name="[160]"></a>DMA_DeInit</STRONG> (Thumb, 324 bytes, Stack size 0 bytes, stm32f10x_dma.o(i.DMA_DeInit))
<BR><BR>[Called By]<UL><LI><a href="#[15e]">&gt;&gt;</a>&nbsp;&nbsp;&nbsp;USART_DMA_Config
</UL>

<P><STRONG><a name="[174]"></a>DMA_GetFlagStatus</STRONG> (Thumb, 36 bytes, Stack size 0 bytes, stm32f10x_dma.o(i.DMA_GetFlagStatus))
<BR><BR>[Called By]<UL><LI><a href="#[117]">&gt;&gt;</a>&nbsp;&nbsp;&nbsp;dma_write_interrupt
</UL>

<P><STRONG><a name="[162]"></a>DMA_ITConfig</STRONG> (Thumb, 18 bytes, Stack size 0 bytes, stm32f10x_dma.o(i.DMA_ITConfig))
<BR><BR>[Called By]<UL><LI><a href="#[15e]">&gt;&gt;</a>&nbsp;&nbsp;&nbsp;USART_DMA_Config
</UL>

<P><STRONG><a name="[161]"></a>DMA_Init</STRONG> (Thumb, 60 bytes, Stack size 8 bytes, stm32f10x_dma.o(i.DMA_Init))
<BR><BR>[Stack]<UL><LI>Max Depth = 8<LI>Call Chain = DMA_Init
</UL>
<BR>[Called By]<UL><LI><a href="#[15e]">&gt;&gt;</a>&nbsp;&nbsp;&nbsp;USART_DMA_Config
</UL>

<P><STRONG><a name="[a]"></a>DebugMon_Handler</STRONG> (Thumb, 2 bytes, Stack size 0 bytes, stm32f10x_it.o(i.DebugMon_Handler))
<BR>[Address Reference Count : 1]<UL><LI> startup_stm32f10x_md.o(RESET)
</UL>
<P><STRONG><a name="[14b]"></a>EXTI_ClearITPendingBit</STRONG> (Thumb, 6 bytes, Stack size 0 bytes, stm32f10x_exti.o(i.EXTI_ClearITPendingBit))
<BR><BR>[Called By]<UL><LI><a href="#[148]">&gt;&gt;</a>&nbsp;&nbsp;&nbsp;PVD_Config
</UL>

<P><STRONG><a name="[14c]"></a>EXTI_Init</STRONG> (Thumb, 142 bytes, Stack size 0 bytes, stm32f10x_exti.o(i.EXTI_Init))
<BR><BR>[Called By]<UL><LI><a href="#[148]">&gt;&gt;</a>&nbsp;&nbsp;&nbsp;PVD_Config
</UL>

<P><STRONG><a name="[118]"></a>ErasurePLC</STRONG> (Thumb, 134 bytes, Stack size 16 bytes, fx1nuart.o(i.ErasurePLC))
<BR><BR>[Stack]<UL><LI>Max Depth = 36<LI>Call Chain = ErasurePLC &rArr; FLASH_ProgramHalfWord &rArr; FLASH_WaitForLastOperation
</UL>
<BR>[Calls]<UL><LI><a href="#[11a]">&gt;&gt;</a>&nbsp;&nbsp;&nbsp;FLASH_Unlock
<LI><a href="#[11d]">&gt;&gt;</a>&nbsp;&nbsp;&nbsp;FLASH_Lock
<LI><a href="#[11b]">&gt;&gt;</a>&nbsp;&nbsp;&nbsp;FLASH_ClearFlag
<LI><a href="#[11c]">&gt;&gt;</a>&nbsp;&nbsp;&nbsp;FLASH_ProgramHalfWord
<LI><a href="#[119]">&gt;&gt;</a>&nbsp;&nbsp;&nbsp;IAPFlashErasureMode
</UL>
<BR>[Called By]<UL><LI><a href="#[130]">&gt;&gt;</a>&nbsp;&nbsp;&nbsp;UartResponseCMDErasure
</UL>

<P><STRONG><a name="[11b]"></a>FLASH_ClearFlag</STRONG> (Thumb, 6 bytes, Stack size 0 bytes, stm32f10x_flash.o(i.FLASH_ClearFlag))
<BR><BR>[Called By]<UL><LI><a href="#[e]">&gt;&gt;</a>&nbsp;&nbsp;&nbsp;PVD_IRQHandler
<LI><a href="#[155]">&gt;&gt;</a>&nbsp;&nbsp;&nbsp;System_Flash_Init
<LI><a href="#[118]">&gt;&gt;</a>&nbsp;&nbsp;&nbsp;ErasurePLC
</UL>

<P><STRONG><a name="[11e]"></a>FLASH_ErasePage</STRONG> (Thumb, 72 bytes, Stack size 12 bytes, stm32f10x_flash.o(i.FLASH_ErasePage))
<BR><BR>[Stack]<UL><LI>Max Depth = 16<LI>Call Chain = FLASH_ErasePage &rArr; FLASH_WaitForLastOperation
</UL>
<BR>[Calls]<UL><LI><a href="#[11f]">&gt;&gt;</a>&nbsp;&nbsp;&nbsp;FLASH_WaitForLastOperation
</UL>
<BR>[Called By]<UL><LI><a href="#[e]">&gt;&gt;</a>&nbsp;&nbsp;&nbsp;PVD_IRQHandler
<LI><a href="#[18b]">&gt;&gt;</a>&nbsp;&nbsp;&nbsp;iap_write_page_check
</UL>

<P><STRONG><a name="[121]"></a>FLASH_GetBank1Status</STRONG> (Thumb, 48 bytes, Stack size 0 bytes, stm32f10x_flash.o(i.FLASH_GetBank1Status))
<BR><BR>[Called By]<UL><LI><a href="#[11f]">&gt;&gt;</a>&nbsp;&nbsp;&nbsp;FLASH_WaitForLastOperation
</UL>

<P><STRONG><a name="[11d]"></a>FLASH_Lock</STRONG> (Thumb, 14 bytes, Stack size 0 bytes, stm32f10x_flash.o(i.FLASH_Lock))
<BR><BR>[Called By]<UL><LI><a href="#[e]">&gt;&gt;</a>&nbsp;&nbsp;&nbsp;PVD_IRQHandler
<LI><a href="#[155]">&gt;&gt;</a>&nbsp;&nbsp;&nbsp;System_Flash_Init
<LI><a href="#[118]">&gt;&gt;</a>&nbsp;&nbsp;&nbsp;ErasurePLC
<LI><a href="#[18a]">&gt;&gt;</a>&nbsp;&nbsp;&nbsp;iap_comit_
</UL>

<P><STRONG><a name="[11c]"></a>FLASH_ProgramHalfWord</STRONG> (Thumb, 60 bytes, Stack size 16 bytes, stm32f10x_flash.o(i.FLASH_ProgramHalfWord))
<BR><BR>[Stack]<UL><LI>Max Depth = 20<LI>Call Chain = FLASH_ProgramHalfWord &rArr; FLASH_WaitForLastOperation
</UL>
<BR>[Calls]<UL><LI><a href="#[11f]">&gt;&gt;</a>&nbsp;&nbsp;&nbsp;FLASH_WaitForLastOperation
</UL>
<BR>[Called By]<UL><LI><a href="#[155]">&gt;&gt;</a>&nbsp;&nbsp;&nbsp;System_Flash_Init
<LI><a href="#[118]">&gt;&gt;</a>&nbsp;&nbsp;&nbsp;ErasurePLC
<LI><a href="#[18c]">&gt;&gt;</a>&nbsp;&nbsp;&nbsp;iap_write_page_must
</UL>

<P><STRONG><a name="[120]"></a>FLASH_ProgramWord</STRONG> (Thumb, 102 bytes, Stack size 20 bytes, stm32f10x_flash.o(i.FLASH_ProgramWord))
<BR><BR>[Stack]<UL><LI>Max Depth = 24<LI>Call Chain = FLASH_ProgramWord &rArr; FLASH_WaitForLastOperation
</UL>
<BR>[Calls]<UL><LI><a href="#[11f]">&gt;&gt;</a>&nbsp;&nbsp;&nbsp;FLASH_WaitForLastOperation
</UL>
<BR>[Called By]<UL><LI><a href="#[e]">&gt;&gt;</a>&nbsp;&nbsp;&nbsp;PVD_IRQHandler
</UL>

<P><STRONG><a name="[11a]"></a>FLASH_Unlock</STRONG> (Thumb, 12 bytes, Stack size 0 bytes, stm32f10x_flash.o(i.FLASH_Unlock))
<BR><BR>[Called By]<UL><LI><a href="#[e]">&gt;&gt;</a>&nbsp;&nbsp;&nbsp;PVD_IRQHandler
<LI><a href="#[155]">&gt;&gt;</a>&nbsp;&nbsp;&nbsp;System_Flash_Init
<LI><a href="#[118]">&gt;&gt;</a>&nbsp;&nbsp;&nbsp;ErasurePLC
<LI><a href="#[18a]">&gt;&gt;</a>&nbsp;&nbsp;&nbsp;iap_comit_
</UL>

<P><STRONG><a name="[11f]"></a>FLASH_WaitForLastOperation</STRONG> (Thumb, 38 bytes, Stack size 4 bytes, stm32f10x_flash.o(i.FLASH_WaitForLastOperation))
<BR><BR>[Stack]<UL><LI>Max Depth = 4<LI>Call Chain = FLASH_WaitForLastOperation
</UL>
<BR>[Calls]<UL><LI><a href="#[121]">&gt;&gt;</a>&nbsp;&nbsp;&nbsp;FLASH_GetBank1Status
</UL>
<BR>[Called By]<UL><LI><a href="#[120]">&gt;&gt;</a>&nbsp;&nbsp;&nbsp;FLASH_ProgramWord
<LI><a href="#[11e]">&gt;&gt;</a>&nbsp;&nbsp;&nbsp;FLASH_ErasePage
<LI><a href="#[11c]">&gt;&gt;</a>&nbsp;&nbsp;&nbsp;FLASH_ProgramHalfWord
</UL>

<P><STRONG><a name="[125]"></a>FX1NPLCSoftwareVerCheck</STRONG> (Thumb, 58 bytes, Stack size 16 bytes, fx1n.o(i.FX1NPLCSoftwareVerCheck))
<BR><BR>[Stack]<UL><LI>Max Depth = 44<LI>Call Chain = FX1NPLCSoftwareVerCheck &rArr; iap_write_array &rArr; IAPFlashProgremMode
</UL>
<BR>[Calls]<UL><LI><a href="#[127]">&gt;&gt;</a>&nbsp;&nbsp;&nbsp;iap_write_array
<LI><a href="#[126]">&gt;&gt;</a>&nbsp;&nbsp;&nbsp;str_cmp
</UL>
<BR>[Called By]<UL><LI><a href="#[181]">&gt;&gt;</a>&nbsp;&nbsp;&nbsp;fx1n_init
</UL>

<P><STRONG><a name="[128]"></a>FX1NProcessing</STRONG> (Thumb, 202 bytes, Stack size 24 bytes, fx1nuart.o(i.FX1NProcessing))
<BR><BR>[Stack]<UL><LI>Max Depth = 104<LI>Call Chain = FX1NProcessing &rArr; FX1NUartFNCPro &rArr; UartResponseCMDRead &rArr; UartSendASCDate &rArr; hextoasc
</UL>
<BR>[Calls]<UL><LI><a href="#[129]">&gt;&gt;</a>&nbsp;&nbsp;&nbsp;UartSendchar
<LI><a href="#[12a]">&gt;&gt;</a>&nbsp;&nbsp;&nbsp;asctohex
<LI><a href="#[12b]">&gt;&gt;</a>&nbsp;&nbsp;&nbsp;sumcheck
<LI><a href="#[12d]">&gt;&gt;</a>&nbsp;&nbsp;&nbsp;UartResponseError
<LI><a href="#[12c]">&gt;&gt;</a>&nbsp;&nbsp;&nbsp;FX1NUartFNCPro
</UL>
<BR>[Called By]<UL><LI><a href="#[192]">&gt;&gt;</a>&nbsp;&nbsp;&nbsp;poll
</UL>

<P><STRONG><a name="[12c]"></a>FX1NUartFNCPro</STRONG> (Thumb, 114 bytes, Stack size 8 bytes, fx1nuart.o(i.FX1NUartFNCPro))
<BR><BR>[Stack]<UL><LI>Max Depth = 80<LI>Call Chain = FX1NUartFNCPro &rArr; UartResponseCMDRead &rArr; UartSendASCDate &rArr; hextoasc
</UL>
<BR>[Calls]<UL><LI><a href="#[12d]">&gt;&gt;</a>&nbsp;&nbsp;&nbsp;UartResponseError
<LI><a href="#[133]">&gt;&gt;</a>&nbsp;&nbsp;&nbsp;UartResponseCMDunKnow34
<LI><a href="#[12f]">&gt;&gt;</a>&nbsp;&nbsp;&nbsp;UartResponseCMDWrite
<LI><a href="#[12e]">&gt;&gt;</a>&nbsp;&nbsp;&nbsp;UartResponseCMDRead
<LI><a href="#[130]">&gt;&gt;</a>&nbsp;&nbsp;&nbsp;UartResponseCMDErasure
<LI><a href="#[131]">&gt;&gt;</a>&nbsp;&nbsp;&nbsp;UartResponseCMDEnforceOn
<LI><a href="#[132]">&gt;&gt;</a>&nbsp;&nbsp;&nbsp;UartResponseCMDEnforceOff
<LI><a href="#[134]">&gt;&gt;</a>&nbsp;&nbsp;&nbsp;UartResponseCMDDownLoadEnd
</UL>
<BR>[Called By]<UL><LI><a href="#[128]">&gt;&gt;</a>&nbsp;&nbsp;&nbsp;FX1NProcessing
</UL>

<P><STRONG><a name="[146]"></a>GPIO_Init</STRONG> (Thumb, 278 bytes, Stack size 24 bytes, stm32f10x_gpio.o(i.GPIO_Init))
<BR><BR>[Stack]<UL><LI>Max Depth = 24<LI>Call Chain = GPIO_Init
</UL>
<BR>[Called By]<UL><LI><a href="#[197]">&gt;&gt;</a>&nbsp;&nbsp;&nbsp;sio_en_init
<LI><a href="#[158]">&gt;&gt;</a>&nbsp;&nbsp;&nbsp;USART_GpioCfg
<LI><a href="#[13e]">&gt;&gt;</a>&nbsp;&nbsp;&nbsp;PLC_HW_Init
</UL>

<P><STRONG><a name="[145]"></a>GPIO_PinRemapConfig</STRONG> (Thumb, 138 bytes, Stack size 20 bytes, stm32f10x_gpio.o(i.GPIO_PinRemapConfig))
<BR><BR>[Stack]<UL><LI>Max Depth = 20<LI>Call Chain = GPIO_PinRemapConfig
</UL>
<BR>[Called By]<UL><LI><a href="#[13e]">&gt;&gt;</a>&nbsp;&nbsp;&nbsp;PLC_HW_Init
</UL>

<P><STRONG><a name="[184]"></a>GPIO_ReadInputDataBit</STRONG> (Thumb, 18 bytes, Stack size 0 bytes, stm32f10x_gpio.o(i.GPIO_ReadInputDataBit))
<BR><BR>[Called By]<UL><LI><a href="#[104]">&gt;&gt;</a>&nbsp;&nbsp;&nbsp;main
<LI><a href="#[17c]">&gt;&gt;</a>&nbsp;&nbsp;&nbsp;fx1n_readX
</UL>

<P><STRONG><a name="[147]"></a>GPIO_ResetBits</STRONG> (Thumb, 4 bytes, Stack size 0 bytes, stm32f10x_gpio.o(i.GPIO_ResetBits))
<BR><BR>[Called By]<UL><LI><a href="#[156]">&gt;&gt;</a>&nbsp;&nbsp;&nbsp;usart_interrupt
<LI><a href="#[18e]">&gt;&gt;</a>&nbsp;&nbsp;&nbsp;sio_open
<LI><a href="#[18f]">&gt;&gt;</a>&nbsp;&nbsp;&nbsp;sio_async_read
<LI><a href="#[104]">&gt;&gt;</a>&nbsp;&nbsp;&nbsp;main
<LI><a href="#[17e]">&gt;&gt;</a>&nbsp;&nbsp;&nbsp;fx1n_writeY
<LI><a href="#[13e]">&gt;&gt;</a>&nbsp;&nbsp;&nbsp;PLC_HW_Init
</UL>

<P><STRONG><a name="[188]"></a>GPIO_SetBits</STRONG> (Thumb, 4 bytes, Stack size 0 bytes, stm32f10x_gpio.o(i.GPIO_SetBits))
<BR><BR>[Called By]<UL><LI><a href="#[193]">&gt;&gt;</a>&nbsp;&nbsp;&nbsp;sio_async_write
<LI><a href="#[104]">&gt;&gt;</a>&nbsp;&nbsp;&nbsp;main
<LI><a href="#[17e]">&gt;&gt;</a>&nbsp;&nbsp;&nbsp;fx1n_writeY
</UL>

<P><STRONG><a name="[135]"></a>GetRdorWrAddr</STRONG> (Thumb, 52 bytes, Stack size 16 bytes, fx1nuart.o(i.GetRdorWrAddr))
<BR><BR>[Stack]<UL><LI>Max Depth = 16<LI>Call Chain = GetRdorWrAddr
</UL>
<BR>[Calls]<UL><LI><a href="#[136]">&gt;&gt;</a>&nbsp;&nbsp;&nbsp;ascto0F
</UL>
<BR>[Called By]<UL><LI><a href="#[12f]">&gt;&gt;</a>&nbsp;&nbsp;&nbsp;UartResponseCMDWrite
<LI><a href="#[12e]">&gt;&gt;</a>&nbsp;&nbsp;&nbsp;UartResponseCMDRead
<LI><a href="#[131]">&gt;&gt;</a>&nbsp;&nbsp;&nbsp;UartResponseCMDEnforceOn
<LI><a href="#[132]">&gt;&gt;</a>&nbsp;&nbsp;&nbsp;UartResponseCMDEnforceOff
</UL>

<P><STRONG><a name="[137]"></a>GetRdorWrLen</STRONG> (Thumb, 44 bytes, Stack size 16 bytes, fx1nuart.o(i.GetRdorWrLen))
<BR><BR>[Stack]<UL><LI>Max Depth = 16<LI>Call Chain = GetRdorWrLen
</UL>
<BR>[Calls]<UL><LI><a href="#[136]">&gt;&gt;</a>&nbsp;&nbsp;&nbsp;ascto0F
</UL>
<BR>[Called By]<UL><LI><a href="#[12f]">&gt;&gt;</a>&nbsp;&nbsp;&nbsp;UartResponseCMDWrite
<LI><a href="#[12e]">&gt;&gt;</a>&nbsp;&nbsp;&nbsp;UartResponseCMDRead
</UL>

<P><STRONG><a name="[5]"></a>HardFault_Handler</STRONG> (Thumb, 4 bytes, Stack size 0 bytes, stm32f10x_it.o(i.HardFault_Handler))
<BR>[Address Reference Count : 1]<UL><LI> startup_stm32f10x_md.o(RESET)
</UL>
<P><STRONG><a name="[119]"></a>IAPFlashErasureMode</STRONG> (Thumb, 18 bytes, Stack size 0 bytes, fx1niap.o(i.IAPFlashErasureMode))
<BR><BR>[Called By]<UL><LI><a href="#[118]">&gt;&gt;</a>&nbsp;&nbsp;&nbsp;ErasurePLC
</UL>

<P><STRONG><a name="[169]"></a>IAPFlashProgremMode</STRONG> (Thumb, 54 bytes, Stack size 8 bytes, fx1niap.o(i.IAPFlashProgremMode))
<BR><BR>[Stack]<UL><LI>Max Depth = 8<LI>Call Chain = IAPFlashProgremMode
</UL>
<BR>[Called By]<UL><LI><a href="#[181]">&gt;&gt;</a>&nbsp;&nbsp;&nbsp;fx1n_init
<LI><a href="#[127]">&gt;&gt;</a>&nbsp;&nbsp;&nbsp;iap_write_array
<LI><a href="#[170]">&gt;&gt;</a>&nbsp;&nbsp;&nbsp;WriteFlash
<LI><a href="#[131]">&gt;&gt;</a>&nbsp;&nbsp;&nbsp;UartResponseCMDEnforceOn
<LI><a href="#[132]">&gt;&gt;</a>&nbsp;&nbsp;&nbsp;UartResponseCMDEnforceOff
</UL>

<P><STRONG><a name="[13d]"></a>IAPFlashReadMode</STRONG> (Thumb, 24 bytes, Stack size 0 bytes, fx1niap.o(i.IAPFlashReadMode))
<BR><BR>[Called By]<UL><LI><a href="#[13c]">&gt;&gt;</a>&nbsp;&nbsp;&nbsp;PLCStateCheck
<LI><a href="#[12e]">&gt;&gt;</a>&nbsp;&nbsp;&nbsp;UartResponseCMDRead
</UL>

<P><STRONG><a name="[6]"></a>MemManage_Handler</STRONG> (Thumb, 4 bytes, Stack size 0 bytes, stm32f10x_it.o(i.MemManage_Handler))
<BR>[Address Reference Count : 1]<UL><LI> startup_stm32f10x_md.o(RESET)
</UL>
<P><STRONG><a name="[4]"></a>NMI_Handler</STRONG> (Thumb, 2 bytes, Stack size 0 bytes, stm32f10x_it.o(i.NMI_Handler))
<BR>[Address Reference Count : 1]<UL><LI> startup_stm32f10x_md.o(RESET)
</UL>
<P><STRONG><a name="[14d]"></a>NVIC_Init</STRONG> (Thumb, 100 bytes, Stack size 16 bytes, misc.o(i.NVIC_Init))
<BR><BR>[Stack]<UL><LI>Max Depth = 16<LI>Call Chain = NVIC_Init
</UL>
<BR>[Called By]<UL><LI><a href="#[166]">&gt;&gt;</a>&nbsp;&nbsp;&nbsp;USART_NVIC_Config
<LI><a href="#[148]">&gt;&gt;</a>&nbsp;&nbsp;&nbsp;PVD_Config
</UL>

<P><STRONG><a name="[167]"></a>NVIC_PriorityGroupConfig</STRONG> (Thumb, 10 bytes, Stack size 0 bytes, misc.o(i.NVIC_PriorityGroupConfig))
<BR><BR>[Called By]<UL><LI><a href="#[166]">&gt;&gt;</a>&nbsp;&nbsp;&nbsp;USART_NVIC_Config
</UL>

<P><STRONG><a name="[168]"></a>PLCReset</STRONG> (Thumb, 2 bytes, Stack size 0 bytes, fx1nuart.o(i.PLCReset))
<BR><BR>[Called By]<UL><LI><a href="#[17a]">&gt;&gt;</a>&nbsp;&nbsp;&nbsp;fx1n_excute
<LI><a href="#[130]">&gt;&gt;</a>&nbsp;&nbsp;&nbsp;UartResponseCMDErasure
<LI><a href="#[134]">&gt;&gt;</a>&nbsp;&nbsp;&nbsp;UartResponseCMDDownLoadEnd
</UL>

<P><STRONG><a name="[13c]"></a>PLCStateCheck</STRONG> (Thumb, 42 bytes, Stack size 8 bytes, fx1n.o(i.PLCStateCheck))
<BR><BR>[Stack]<UL><LI>Max Depth = 8<LI>Call Chain = PLCStateCheck
</UL>
<BR>[Calls]<UL><LI><a href="#[13d]">&gt;&gt;</a>&nbsp;&nbsp;&nbsp;IAPFlashReadMode
</UL>
<BR>[Called By]<UL><LI><a href="#[181]">&gt;&gt;</a>&nbsp;&nbsp;&nbsp;fx1n_init
</UL>

<P><STRONG><a name="[13e]"></a>PLC_HW_Init</STRONG> (Thumb, 200 bytes, Stack size 8 bytes, main.o(i.PLC_HW_Init))
<BR><BR>[Stack]<UL><LI>Max Depth = 32<LI>Call Chain = PLC_HW_Init &rArr; GPIO_Init
</UL>
<BR>[Calls]<UL><LI><a href="#[143]">&gt;&gt;</a>&nbsp;&nbsp;&nbsp;RCC_LSEConfig
<LI><a href="#[144]">&gt;&gt;</a>&nbsp;&nbsp;&nbsp;RCC_HSEConfig
<LI><a href="#[142]">&gt;&gt;</a>&nbsp;&nbsp;&nbsp;RCC_BackupResetCmd
<LI><a href="#[13f]">&gt;&gt;</a>&nbsp;&nbsp;&nbsp;RCC_APB2PeriphClockCmd
<LI><a href="#[140]">&gt;&gt;</a>&nbsp;&nbsp;&nbsp;RCC_APB1PeriphClockCmd
<LI><a href="#[141]">&gt;&gt;</a>&nbsp;&nbsp;&nbsp;PWR_BackupAccessCmd
<LI><a href="#[147]">&gt;&gt;</a>&nbsp;&nbsp;&nbsp;GPIO_ResetBits
<LI><a href="#[145]">&gt;&gt;</a>&nbsp;&nbsp;&nbsp;GPIO_PinRemapConfig
<LI><a href="#[146]">&gt;&gt;</a>&nbsp;&nbsp;&nbsp;GPIO_Init
</UL>
<BR>[Called By]<UL><LI><a href="#[104]">&gt;&gt;</a>&nbsp;&nbsp;&nbsp;main
</UL>

<P><STRONG><a name="[148]"></a>PVD_Config</STRONG> (Thumb, 90 bytes, Stack size 16 bytes, main.o(i.PVD_Config))
<BR><BR>[Stack]<UL><LI>Max Depth = 32<LI>Call Chain = PVD_Config &rArr; NVIC_Init
</UL>
<BR>[Calls]<UL><LI><a href="#[140]">&gt;&gt;</a>&nbsp;&nbsp;&nbsp;RCC_APB1PeriphClockCmd
<LI><a href="#[149]">&gt;&gt;</a>&nbsp;&nbsp;&nbsp;PWR_PVDLevelConfig
<LI><a href="#[14a]">&gt;&gt;</a>&nbsp;&nbsp;&nbsp;PWR_PVDCmd
<LI><a href="#[14d]">&gt;&gt;</a>&nbsp;&nbsp;&nbsp;NVIC_Init
<LI><a href="#[14c]">&gt;&gt;</a>&nbsp;&nbsp;&nbsp;EXTI_Init
<LI><a href="#[14b]">&gt;&gt;</a>&nbsp;&nbsp;&nbsp;EXTI_ClearITPendingBit
</UL>
<BR>[Called By]<UL><LI><a href="#[104]">&gt;&gt;</a>&nbsp;&nbsp;&nbsp;main
</UL>

<P><STRONG><a name="[e]"></a>PVD_IRQHandler</STRONG> (Thumb, 138 bytes, Stack size 8 bytes, stm32f10x_it.o(i.PVD_IRQHandler))
<BR><BR>[Stack]<UL><LI>Max Depth = 32<LI>Call Chain = PVD_IRQHandler &rArr; FLASH_ProgramWord &rArr; FLASH_WaitForLastOperation
</UL>
<BR>[Calls]<UL><LI><a href="#[14e]">&gt;&gt;</a>&nbsp;&nbsp;&nbsp;PWR_GetFlagStatus
<LI><a href="#[11a]">&gt;&gt;</a>&nbsp;&nbsp;&nbsp;FLASH_Unlock
<LI><a href="#[120]">&gt;&gt;</a>&nbsp;&nbsp;&nbsp;FLASH_ProgramWord
<LI><a href="#[11d]">&gt;&gt;</a>&nbsp;&nbsp;&nbsp;FLASH_Lock
<LI><a href="#[11e]">&gt;&gt;</a>&nbsp;&nbsp;&nbsp;FLASH_ErasePage
<LI><a href="#[11b]">&gt;&gt;</a>&nbsp;&nbsp;&nbsp;FLASH_ClearFlag
</UL>
<BR>[Address Reference Count : 1]<UL><LI> startup_stm32f10x_md.o(RESET)
</UL>
<P><STRONG><a name="[141]"></a>PWR_BackupAccessCmd</STRONG> (Thumb, 6 bytes, Stack size 0 bytes, stm32f10x_pwr.o(i.PWR_BackupAccessCmd))
<BR><BR>[Called By]<UL><LI><a href="#[13e]">&gt;&gt;</a>&nbsp;&nbsp;&nbsp;PLC_HW_Init
</UL>

<P><STRONG><a name="[14e]"></a>PWR_GetFlagStatus</STRONG> (Thumb, 20 bytes, Stack size 0 bytes, stm32f10x_pwr.o(i.PWR_GetFlagStatus))
<BR><BR>[Called By]<UL><LI><a href="#[e]">&gt;&gt;</a>&nbsp;&nbsp;&nbsp;PVD_IRQHandler
</UL>

<P><STRONG><a name="[14a]"></a>PWR_PVDCmd</STRONG> (Thumb, 6 bytes, Stack size 0 bytes, stm32f10x_pwr.o(i.PWR_PVDCmd))
<BR><BR>[Called By]<UL><LI><a href="#[148]">&gt;&gt;</a>&nbsp;&nbsp;&nbsp;PVD_Config
</UL>

<P><STRONG><a name="[149]"></a>PWR_PVDLevelConfig</STRONG> (Thumb, 18 bytes, Stack size 0 bytes, stm32f10x_pwr.o(i.PWR_PVDLevelConfig))
<BR><BR>[Called By]<UL><LI><a href="#[148]">&gt;&gt;</a>&nbsp;&nbsp;&nbsp;PVD_Config
</UL>

<P><STRONG><a name="[b]"></a>PendSV_Handler</STRONG> (Thumb, 2 bytes, Stack size 0 bytes, stm32f10x_it.o(i.PendSV_Handler))
<BR>[Address Reference Count : 1]<UL><LI> startup_stm32f10x_md.o(RESET)
</UL>
<P><STRONG><a name="[15f]"></a>RCC_AHBPeriphClockCmd</STRONG> (Thumb, 26 bytes, Stack size 0 bytes, stm32f10x_rcc.o(i.RCC_AHBPeriphClockCmd))
<BR><BR>[Called By]<UL><LI><a href="#[15e]">&gt;&gt;</a>&nbsp;&nbsp;&nbsp;USART_DMA_Config
</UL>

<P><STRONG><a name="[140]"></a>RCC_APB1PeriphClockCmd</STRONG> (Thumb, 26 bytes, Stack size 0 bytes, stm32f10x_rcc.o(i.RCC_APB1PeriphClockCmd))
<BR><BR>[Called By]<UL><LI><a href="#[157]">&gt;&gt;</a>&nbsp;&nbsp;&nbsp;USART_Config
<LI><a href="#[148]">&gt;&gt;</a>&nbsp;&nbsp;&nbsp;PVD_Config
<LI><a href="#[13e]">&gt;&gt;</a>&nbsp;&nbsp;&nbsp;PLC_HW_Init
</UL>

<P><STRONG><a name="[13f]"></a>RCC_APB2PeriphClockCmd</STRONG> (Thumb, 26 bytes, Stack size 0 bytes, stm32f10x_rcc.o(i.RCC_APB2PeriphClockCmd))
<BR><BR>[Called By]<UL><LI><a href="#[197]">&gt;&gt;</a>&nbsp;&nbsp;&nbsp;sio_en_init
<LI><a href="#[157]">&gt;&gt;</a>&nbsp;&nbsp;&nbsp;USART_Config
<LI><a href="#[13e]">&gt;&gt;</a>&nbsp;&nbsp;&nbsp;PLC_HW_Init
</UL>

<P><STRONG><a name="[142]"></a>RCC_BackupResetCmd</STRONG> (Thumb, 6 bytes, Stack size 0 bytes, stm32f10x_rcc.o(i.RCC_BackupResetCmd))
<BR><BR>[Called By]<UL><LI><a href="#[13e]">&gt;&gt;</a>&nbsp;&nbsp;&nbsp;PLC_HW_Init
</UL>

<P><STRONG><a name="[165]"></a>RCC_GetClocksFreq</STRONG> (Thumb, 192 bytes, Stack size 12 bytes, stm32f10x_rcc.o(i.RCC_GetClocksFreq))
<BR><BR>[Stack]<UL><LI>Max Depth = 12<LI>Call Chain = RCC_GetClocksFreq
</UL>
<BR>[Called By]<UL><LI><a href="#[15a]">&gt;&gt;</a>&nbsp;&nbsp;&nbsp;USART_Init
</UL>

<P><STRONG><a name="[144]"></a>RCC_HSEConfig</STRONG> (Thumb, 70 bytes, Stack size 0 bytes, stm32f10x_rcc.o(i.RCC_HSEConfig))
<BR><BR>[Called By]<UL><LI><a href="#[13e]">&gt;&gt;</a>&nbsp;&nbsp;&nbsp;PLC_HW_Init
</UL>

<P><STRONG><a name="[143]"></a>RCC_LSEConfig</STRONG> (Thumb, 46 bytes, Stack size 0 bytes, stm32f10x_rcc.o(i.RCC_LSEConfig))
<BR><BR>[Called By]<UL><LI><a href="#[13e]">&gt;&gt;</a>&nbsp;&nbsp;&nbsp;PLC_HW_Init
</UL>

<P><STRONG><a name="[122]"></a>RD_ADDR</STRONG> (Thumb, 214 bytes, Stack size 24 bytes, fx1nfnc.o(i.RD_ADDR))
<BR><BR>[Stack]<UL><LI>Max Depth = 48<LI>Call Chain = RD_ADDR &rArr; RD_ppp &rArr; _ADDR_int_ppp
</UL>
<BR>[Calls]<UL><LI><a href="#[10d]">&gt;&gt;</a>&nbsp;&nbsp;&nbsp;RD_ppp
<LI><a href="#[14f]">&gt;&gt;</a>&nbsp;&nbsp;&nbsp;RD_int_ppp
</UL>
<BR>[Called By]<UL><LI><a href="#[eb]">&gt;&gt;</a>&nbsp;&nbsp;&nbsp;FNC_AND_LE
<LI><a href="#[e8]">&gt;&gt;</a>&nbsp;&nbsp;&nbsp;FNC_AND_GT
<LI><a href="#[ec]">&gt;&gt;</a>&nbsp;&nbsp;&nbsp;FNC_AND_GE
<LI><a href="#[e7]">&gt;&gt;</a>&nbsp;&nbsp;&nbsp;FNC_AND_EQ
<LI><a href="#[7e]">&gt;&gt;</a>&nbsp;&nbsp;&nbsp;FNC_ADD
<LI><a href="#[113]">&gt;&gt;</a>&nbsp;&nbsp;&nbsp;WR_TK
<LI><a href="#[114]">&gt;&gt;</a>&nbsp;&nbsp;&nbsp;WR_CK
<LI><a href="#[75]">&gt;&gt;</a>&nbsp;&nbsp;&nbsp;FNC_ZCP
<LI><a href="#[7b]">&gt;&gt;</a>&nbsp;&nbsp;&nbsp;FNC_XCH
<LI><a href="#[86]">&gt;&gt;</a>&nbsp;&nbsp;&nbsp;FNC_WXOR
<LI><a href="#[85]">&gt;&gt;</a>&nbsp;&nbsp;&nbsp;FNC_WOR
<LI><a href="#[84]">&gt;&gt;</a>&nbsp;&nbsp;&nbsp;FNC_WAND
<LI><a href="#[d0]">&gt;&gt;</a>&nbsp;&nbsp;&nbsp;FNC_SWAP
<LI><a href="#[7f]">&gt;&gt;</a>&nbsp;&nbsp;&nbsp;FNC_SUB
<LI><a href="#[88]">&gt;&gt;</a>&nbsp;&nbsp;&nbsp;FNC_ROR
<LI><a href="#[89]">&gt;&gt;</a>&nbsp;&nbsp;&nbsp;FNC_ROL
<LI><a href="#[f0]">&gt;&gt;</a>&nbsp;&nbsp;&nbsp;FNC_OR_NE
<LI><a href="#[ef]">&gt;&gt;</a>&nbsp;&nbsp;&nbsp;FNC_OR_LT
<LI><a href="#[f1]">&gt;&gt;</a>&nbsp;&nbsp;&nbsp;FNC_OR_LE
<LI><a href="#[ee]">&gt;&gt;</a>&nbsp;&nbsp;&nbsp;FNC_OR_GT
<LI><a href="#[f2]">&gt;&gt;</a>&nbsp;&nbsp;&nbsp;FNC_OR_GE
<LI><a href="#[ed]">&gt;&gt;</a>&nbsp;&nbsp;&nbsp;FNC_OR_EQ
<LI><a href="#[87]">&gt;&gt;</a>&nbsp;&nbsp;&nbsp;FNC_NEG
<LI><a href="#[80]">&gt;&gt;</a>&nbsp;&nbsp;&nbsp;FNC_MUL
<LI><a href="#[76]">&gt;&gt;</a>&nbsp;&nbsp;&nbsp;FNC_MOV
<LI><a href="#[e4]">&gt;&gt;</a>&nbsp;&nbsp;&nbsp;FNC_LD_NE
<LI><a href="#[e3]">&gt;&gt;</a>&nbsp;&nbsp;&nbsp;FNC_LD_LT
<LI><a href="#[e5]">&gt;&gt;</a>&nbsp;&nbsp;&nbsp;FNC_LD_LE
<LI><a href="#[e2]">&gt;&gt;</a>&nbsp;&nbsp;&nbsp;FNC_LD_GT
<LI><a href="#[e6]">&gt;&gt;</a>&nbsp;&nbsp;&nbsp;FNC_LD_GE
<LI><a href="#[e1]">&gt;&gt;</a>&nbsp;&nbsp;&nbsp;FNC_LD_EQ
<LI><a href="#[82]">&gt;&gt;</a>&nbsp;&nbsp;&nbsp;FNC_INC
<LI><a href="#[7a]">&gt;&gt;</a>&nbsp;&nbsp;&nbsp;FNC_FMOV
<LI><a href="#[81]">&gt;&gt;</a>&nbsp;&nbsp;&nbsp;FNC_DIV
<LI><a href="#[83]">&gt;&gt;</a>&nbsp;&nbsp;&nbsp;FNC_DEC
<LI><a href="#[74]">&gt;&gt;</a>&nbsp;&nbsp;&nbsp;FNC_CMP
<LI><a href="#[78]">&gt;&gt;</a>&nbsp;&nbsp;&nbsp;FNC_CML
<LI><a href="#[7d]">&gt;&gt;</a>&nbsp;&nbsp;&nbsp;FNC_BIN
<LI><a href="#[7c]">&gt;&gt;</a>&nbsp;&nbsp;&nbsp;FNC_BCD
<LI><a href="#[bc]">&gt;&gt;</a>&nbsp;&nbsp;&nbsp;FNC_ASCI
<LI><a href="#[ea]">&gt;&gt;</a>&nbsp;&nbsp;&nbsp;FNC_AND_NE
<LI><a href="#[e9]">&gt;&gt;</a>&nbsp;&nbsp;&nbsp;FNC_AND_LT
</UL>

<P><STRONG><a name="[110]"></a>RD_Mp</STRONG> (Thumb, 8 bytes, Stack size 0 bytes, fx1nfnc.o(i.RD_Mp))
<BR><BR>[Called By]<UL><LI><a href="#[5b]">&gt;&gt;</a>&nbsp;&nbsp;&nbsp;ANIMp
<LI><a href="#[63]">&gt;&gt;</a>&nbsp;&nbsp;&nbsp;ANDPMp
<LI><a href="#[5a]">&gt;&gt;</a>&nbsp;&nbsp;&nbsp;ANDMp
<LI><a href="#[65]">&gt;&gt;</a>&nbsp;&nbsp;&nbsp;ANDFMp
<LI><a href="#[67]">&gt;&gt;</a>&nbsp;&nbsp;&nbsp;ORPMp
<LI><a href="#[5c]">&gt;&gt;</a>&nbsp;&nbsp;&nbsp;ORMp
<LI><a href="#[5d]">&gt;&gt;</a>&nbsp;&nbsp;&nbsp;ORIMp
<LI><a href="#[69]">&gt;&gt;</a>&nbsp;&nbsp;&nbsp;ORFMp
<LI><a href="#[5f]">&gt;&gt;</a>&nbsp;&nbsp;&nbsp;LDPMp
<LI><a href="#[58]">&gt;&gt;</a>&nbsp;&nbsp;&nbsp;LDMp
<LI><a href="#[59]">&gt;&gt;</a>&nbsp;&nbsp;&nbsp;LDIMp
<LI><a href="#[61]">&gt;&gt;</a>&nbsp;&nbsp;&nbsp;LDFMp
</UL>

<P><STRONG><a name="[10f]"></a>RD_Mp_old</STRONG> (Thumb, 8 bytes, Stack size 0 bytes, fx1nfnc.o(i.RD_Mp_old))
<BR><BR>[Called By]<UL><LI><a href="#[63]">&gt;&gt;</a>&nbsp;&nbsp;&nbsp;ANDPMp
<LI><a href="#[65]">&gt;&gt;</a>&nbsp;&nbsp;&nbsp;ANDFMp
<LI><a href="#[67]">&gt;&gt;</a>&nbsp;&nbsp;&nbsp;ORPMp
<LI><a href="#[69]">&gt;&gt;</a>&nbsp;&nbsp;&nbsp;ORFMp
<LI><a href="#[5f]">&gt;&gt;</a>&nbsp;&nbsp;&nbsp;LDPMp
<LI><a href="#[61]">&gt;&gt;</a>&nbsp;&nbsp;&nbsp;LDFMp
</UL>

<P><STRONG><a name="[14f]"></a>RD_int_ppp</STRONG> (Thumb, 66 bytes, Stack size 16 bytes, fx1nfnc.o(i.RD_int_ppp))
<BR><BR>[Stack]<UL><LI>Max Depth = 24<LI>Call Chain = RD_int_ppp &rArr; _ADDR_int_ppp
</UL>
<BR>[Calls]<UL><LI><a href="#[124]">&gt;&gt;</a>&nbsp;&nbsp;&nbsp;_ADDR_int_ppp
</UL>
<BR>[Called By]<UL><LI><a href="#[122]">&gt;&gt;</a>&nbsp;&nbsp;&nbsp;RD_ADDR
</UL>

<P><STRONG><a name="[10d]"></a>RD_ppp</STRONG> (Thumb, 30 bytes, Stack size 16 bytes, fx1nfnc.o(i.RD_ppp))
<BR><BR>[Stack]<UL><LI>Max Depth = 24<LI>Call Chain = RD_ppp &rArr; _ADDR_int_ppp
</UL>
<BR>[Calls]<UL><LI><a href="#[124]">&gt;&gt;</a>&nbsp;&nbsp;&nbsp;_ADDR_int_ppp
</UL>
<BR>[Called By]<UL><LI><a href="#[41]">&gt;&gt;</a>&nbsp;&nbsp;&nbsp;ANI
<LI><a href="#[62]">&gt;&gt;</a>&nbsp;&nbsp;&nbsp;ANDP
<LI><a href="#[64]">&gt;&gt;</a>&nbsp;&nbsp;&nbsp;ANDF
<LI><a href="#[40]">&gt;&gt;</a>&nbsp;&nbsp;&nbsp;AND
<LI><a href="#[122]">&gt;&gt;</a>&nbsp;&nbsp;&nbsp;RD_ADDR
<LI><a href="#[66]">&gt;&gt;</a>&nbsp;&nbsp;&nbsp;ORP
<LI><a href="#[43]">&gt;&gt;</a>&nbsp;&nbsp;&nbsp;ORI
<LI><a href="#[68]">&gt;&gt;</a>&nbsp;&nbsp;&nbsp;ORF
<LI><a href="#[42]">&gt;&gt;</a>&nbsp;&nbsp;&nbsp;OR
<LI><a href="#[5e]">&gt;&gt;</a>&nbsp;&nbsp;&nbsp;LDP
<LI><a href="#[3f]">&gt;&gt;</a>&nbsp;&nbsp;&nbsp;LDI
<LI><a href="#[60]">&gt;&gt;</a>&nbsp;&nbsp;&nbsp;LDF
<LI><a href="#[3e]">&gt;&gt;</a>&nbsp;&nbsp;&nbsp;LD
</UL>

<P><STRONG><a name="[10e]"></a>RD_ppp_old</STRONG> (Thumb, 30 bytes, Stack size 16 bytes, fx1nfnc.o(i.RD_ppp_old))
<BR><BR>[Stack]<UL><LI>Max Depth = 24<LI>Call Chain = RD_ppp_old &rArr; _ADDR_int_ppp
</UL>
<BR>[Calls]<UL><LI><a href="#[124]">&gt;&gt;</a>&nbsp;&nbsp;&nbsp;_ADDR_int_ppp
</UL>
<BR>[Called By]<UL><LI><a href="#[62]">&gt;&gt;</a>&nbsp;&nbsp;&nbsp;ANDP
<LI><a href="#[64]">&gt;&gt;</a>&nbsp;&nbsp;&nbsp;ANDF
<LI><a href="#[66]">&gt;&gt;</a>&nbsp;&nbsp;&nbsp;ORP
<LI><a href="#[68]">&gt;&gt;</a>&nbsp;&nbsp;&nbsp;ORF
<LI><a href="#[5e]">&gt;&gt;</a>&nbsp;&nbsp;&nbsp;LDP
<LI><a href="#[60]">&gt;&gt;</a>&nbsp;&nbsp;&nbsp;LDF
</UL>

<P><STRONG><a name="[191]"></a>Restore_Retentive_Data</STRONG> (Thumb, 74 bytes, Stack size 16 bytes, main.o(i.Restore_Retentive_Data))
<BR><BR>[Stack]<UL><LI>Max Depth = 16<LI>Call Chain = Restore_Retentive_Data
</UL>
<BR>[Called By]<UL><LI><a href="#[104]">&gt;&gt;</a>&nbsp;&nbsp;&nbsp;main
</UL>

<P><STRONG><a name="[9]"></a>SVC_Handler</STRONG> (Thumb, 2 bytes, Stack size 0 bytes, stm32f10x_it.o(i.SVC_Handler))
<BR>[Address Reference Count : 1]<UL><LI> startup_stm32f10x_md.o(RESET)
</UL>
<P><STRONG><a name="[190]"></a>SysTickInit</STRONG> (Thumb, 98 bytes, Stack size 12 bytes, systick.o(i.SysTickInit))
<BR><BR>[Stack]<UL><LI>Max Depth = 12<LI>Call Chain = SysTickInit
</UL>
<BR>[Called By]<UL><LI><a href="#[104]">&gt;&gt;</a>&nbsp;&nbsp;&nbsp;main
</UL>

<P><STRONG><a name="[c]"></a>SysTick_Handler</STRONG> (Thumb, 18 bytes, Stack size 8 bytes, systick.o(i.SysTick_Handler))
<BR><BR>[Stack]<UL><LI>Max Depth = 8<LI>Call Chain = SysTick_Handler
</UL>
<BR>[Calls]<UL><LI><a href="#[154]">&gt;&gt;</a>&nbsp;&nbsp;&nbsp;fn1n_on10ms
</UL>
<BR>[Address Reference Count : 1]<UL><LI> startup_stm32f10x_md.o(RESET)
</UL>
<P><STRONG><a name="[38]"></a>SystemInit</STRONG> (Thumb, 78 bytes, Stack size 8 bytes, system_stm32f10x.o(i.SystemInit))
<BR><BR>[Stack]<UL><LI>Max Depth = 28<LI>Call Chain = SystemInit &rArr; SetSysClock &rArr; SetSysClockTo72
</UL>
<BR>[Calls]<UL><LI><a href="#[152]">&gt;&gt;</a>&nbsp;&nbsp;&nbsp;SetSysClock
</UL>
<BR>[Address Reference Count : 1]<UL><LI> startup_stm32f10x_md.o(.text)
</UL>
<P><STRONG><a name="[155]"></a>System_Flash_Init</STRONG> (Thumb, 50 bytes, Stack size 8 bytes, fx1nuart.o(i.System_Flash_Init))
<BR><BR>[Stack]<UL><LI>Max Depth = 28<LI>Call Chain = System_Flash_Init &rArr; FLASH_ProgramHalfWord &rArr; FLASH_WaitForLastOperation
</UL>
<BR>[Calls]<UL><LI><a href="#[11a]">&gt;&gt;</a>&nbsp;&nbsp;&nbsp;FLASH_Unlock
<LI><a href="#[11d]">&gt;&gt;</a>&nbsp;&nbsp;&nbsp;FLASH_Lock
<LI><a href="#[11b]">&gt;&gt;</a>&nbsp;&nbsp;&nbsp;FLASH_ClearFlag
<LI><a href="#[11c]">&gt;&gt;</a>&nbsp;&nbsp;&nbsp;FLASH_ProgramHalfWord
</UL>
<BR>[Called By]<UL><LI><a href="#[104]">&gt;&gt;</a>&nbsp;&nbsp;&nbsp;main
</UL>

<P><STRONG><a name="[32]"></a>USART1_IRQHandler</STRONG> (Thumb, 10 bytes, Stack size 8 bytes, sio.o(i.USART1_IRQHandler))
<BR><BR>[Stack]<UL><LI>Max Depth = 52 + Unknown Stack Size
<LI>Call Chain = USART1_IRQHandler &rArr; usart_interrupt &rArr; USART_ITConfig
</UL>
<BR>[Calls]<UL><LI><a href="#[156]">&gt;&gt;</a>&nbsp;&nbsp;&nbsp;usart_interrupt
</UL>
<BR>[Address Reference Count : 1]<UL><LI> startup_stm32f10x_md.o(RESET)
</UL>
<P><STRONG><a name="[33]"></a>USART2_IRQHandler</STRONG> (Thumb, 10 bytes, Stack size 8 bytes, sio.o(i.USART2_IRQHandler))
<BR><BR>[Stack]<UL><LI>Max Depth = 52 + Unknown Stack Size
<LI>Call Chain = USART2_IRQHandler &rArr; usart_interrupt &rArr; USART_ITConfig
</UL>
<BR>[Calls]<UL><LI><a href="#[156]">&gt;&gt;</a>&nbsp;&nbsp;&nbsp;usart_interrupt
</UL>
<BR>[Address Reference Count : 1]<UL><LI> startup_stm32f10x_md.o(RESET)
</UL>
<P><STRONG><a name="[159]"></a>USART_ClockInit</STRONG> (Thumb, 34 bytes, Stack size 8 bytes, stm32f10x_usart.o(i.USART_ClockInit))
<BR><BR>[Stack]<UL><LI>Max Depth = 8<LI>Call Chain = USART_ClockInit
</UL>
<BR>[Called By]<UL><LI><a href="#[157]">&gt;&gt;</a>&nbsp;&nbsp;&nbsp;USART_Config
</UL>

<P><STRONG><a name="[15d]"></a>USART_Cmd</STRONG> (Thumb, 24 bytes, Stack size 0 bytes, stm32f10x_usart.o(i.USART_Cmd))
<BR><BR>[Called By]<UL><LI><a href="#[157]">&gt;&gt;</a>&nbsp;&nbsp;&nbsp;USART_Config
</UL>

<P><STRONG><a name="[15c]"></a>USART_DMACmd</STRONG> (Thumb, 18 bytes, Stack size 0 bytes, stm32f10x_usart.o(i.USART_DMACmd))
[...]
<BR><BR>[Stack]<UL><LI>Max Depth = 80<LI>Call Chain = FNC_WAND &rArr; WR_ADDR &rArr; WR_int_ppp &rArr; _ADDR_int_ppp
</UL>
<BR>[Calls]<UL><LI><a href="#[123]">&gt;&gt;</a>&nbsp;&nbsp;&nbsp;WR_ADDR
<LI><a href="#[122]">&gt;&gt;</a>&nbsp;&nbsp;&nbsp;RD_ADDR
</UL>
<BR>[Address Reference Count : 1]<UL><LI> fx1nfnc.o(.constdata)
</UL>
<P><STRONG><a name="[71]"></a>FNC_WDT</STRONG> (Thumb, 2 bytes, Stack size 0 bytes, fx1nfnc.o(i.FNC_WDT))
<BR>[Address Reference Count : 1]<UL><LI> fx1nfnc.o(.constdata)
</UL>
<P><STRONG><a name="[85]"></a>FNC_WOR</STRONG> (Thumb, 58 bytes, Stack size 16 bytes, fx1nfnc.o(i.FNC_WOR))
<BR><BR>[Stack]<UL><LI>Max Depth = 80<LI>Call Chain = FNC_WOR &rArr; WR_ADDR &rArr; WR_int_ppp &rArr; _ADDR_int_ppp
</UL>
<BR>[Calls]<UL><LI><a href="#[123]">&gt;&gt;</a>&nbsp;&nbsp;&nbsp;WR_ADDR
<LI><a href="#[122]">&gt;&gt;</a>&nbsp;&nbsp;&nbsp;RD_ADDR
</UL>
<BR>[Address Reference Count : 1]<UL><LI> fx1nfnc.o(.constdata)
</UL>
<P><STRONG><a name="[e0]"></a>FNC_WP3A</STRONG> (Thumb, 2 bytes, Stack size 0 bytes, fx1nfnc.o(i.FNC_WP3A))
<BR>[Address Reference Count : 1]<UL><LI> fx1nfnc.o(.constdata)
</UL>
<P><STRONG><a name="[8f]"></a>FNC_WSFL</STRONG> (Thumb, 2 bytes, Stack size 0 bytes, fx1nfnc.o(i.FNC_WSFL))
<BR>[Address Reference Count : 1]<UL><LI> fx1nfnc.o(.constdata)
</UL>
<P><STRONG><a name="[8e]"></a>FNC_WSFR</STRONG> (Thumb, 2 bytes, Stack size 0 bytes, fx1nfnc.o(i.FNC_WSFR))
<BR>[Address Reference Count : 1]<UL><LI> fx1nfnc.o(.constdata)
</UL>
<P><STRONG><a name="[86]"></a>FNC_WXOR</STRONG> (Thumb, 58 bytes, Stack size 16 bytes, fx1nfnc.o(i.FNC_WXOR))
<BR><BR>[Stack]<UL><LI>Max Depth = 80<LI>Call Chain = FNC_WXOR &rArr; WR_ADDR &rArr; WR_int_ppp &rArr; _ADDR_int_ppp
</UL>
<BR>[Calls]<UL><LI><a href="#[123]">&gt;&gt;</a>&nbsp;&nbsp;&nbsp;WR_ADDR
<LI><a href="#[122]">&gt;&gt;</a>&nbsp;&nbsp;&nbsp;RD_ADDR
</UL>
<BR>[Address Reference Count : 1]<UL><LI> fx1nfnc.o(.constdata)
</UL>
<P><STRONG><a name="[7b]"></a>FNC_XCH</STRONG> (Thumb, 70 bytes, Stack size 16 bytes, fx1nfnc.o(i.FNC_XCH))
<BR><BR>[Stack]<UL><LI>Max Depth = 80<LI>Call Chain = FNC_XCH &rArr; WR_ADDR &rArr; WR_int_ppp &rArr; _ADDR_int_ppp
</UL>
<BR>[Calls]<UL><LI><a href="#[123]">&gt;&gt;</a>&nbsp;&nbsp;&nbsp;WR_ADDR
<LI><a href="#[122]">&gt;&gt;</a>&nbsp;&nbsp;&nbsp;RD_ADDR
</UL>
<BR>[Address Reference Count : 1]<UL><LI> fx1nfnc.o(.constdata)
</UL>
<P><STRONG><a name="[75]"></a>FNC_ZCP</STRONG> (Thumb, 168 bytes, Stack size 24 bytes, fx1nfnc.o(i.FNC_ZCP))
<BR><BR>[Stack]<UL><LI>Max Depth = 88<LI>Call Chain = FNC_ZCP &rArr; WR_ADDR &rArr; WR_int_ppp &rArr; _ADDR_int_ppp
</UL>
<BR>[Calls]<UL><LI><a href="#[123]">&gt;&gt;</a>&nbsp;&nbsp;&nbsp;WR_ADDR
<LI><a href="#[122]">&gt;&gt;</a>&nbsp;&nbsp;&nbsp;RD_ADDR
</UL>
<BR>[Address Reference Count : 1]<UL><LI> fx1nfnc.o(.constdata)
</UL>
<P><STRONG><a name="[d2]"></a>FNC_ZRN</STRONG> (Thumb, 2 bytes, Stack size 0 bytes, fx1nfnc.o(i.FNC_ZRN))
<BR>[Address Reference Count : 1]<UL><LI> fx1nfnc.o(.constdata)
</UL>
<P><STRONG><a name="[92]"></a>FNC_ZRST</STRONG> (Thumb, 42 bytes, Stack size 8 bytes, fx1nfnc.o(i.FNC_ZRST))
<BR><BR>[Stack]<UL><LI>Max Depth = 72<LI>Call Chain = FNC_ZRST &rArr; WR_ADDR &rArr; WR_int_ppp &rArr; _ADDR_int_ppp
</UL>
<BR>[Calls]<UL><LI><a href="#[123]">&gt;&gt;</a>&nbsp;&nbsp;&nbsp;WR_ADDR
</UL>
<BR>[Address Reference Count : 1]<UL><LI> fx1nfnc.o(.constdata)
</UL>
<P><STRONG><a name="[f9]"></a>INV</STRONG> (Thumb, 24 bytes, Stack size 0 bytes, fx1nfnc.o(i.INV))
<BR>[Address Reference Count : 1]<UL><LI> fx1nfnc.o(.constdata)
</UL>
<P><STRONG><a name="[3e]"></a>LD</STRONG> (Thumb, 36 bytes, Stack size 8 bytes, fx1nfnc.o(i.LD))
<BR><BR>[Stack]<UL><LI>Max Depth = 32<LI>Call Chain = LD &rArr; RD_ppp &rArr; _ADDR_int_ppp
</UL>
<BR>[Calls]<UL><LI><a href="#[10d]">&gt;&gt;</a>&nbsp;&nbsp;&nbsp;RD_ppp
</UL>
<BR>[Address Reference Count : 1]<UL><LI> fx1nfnc.o(.constdata)
</UL>
<P><STRONG><a name="[60]"></a>LDF</STRONG> (Thumb, 48 bytes, Stack size 8 bytes, fx1nfnc.o(i.LDF))
<BR><BR>[Stack]<UL><LI>Max Depth = 32<LI>Call Chain = LDF &rArr; RD_ppp_old &rArr; _ADDR_int_ppp
</UL>
<BR>[Calls]<UL><LI><a href="#[10e]">&gt;&gt;</a>&nbsp;&nbsp;&nbsp;RD_ppp_old
<LI><a href="#[10d]">&gt;&gt;</a>&nbsp;&nbsp;&nbsp;RD_ppp
</UL>
<BR>[Address Reference Count : 1]<UL><LI> fx1nfnc.o(.constdata)
</UL>
<P><STRONG><a name="[61]"></a>LDFMp</STRONG> (Thumb, 48 bytes, Stack size 4 bytes, fx1nfnc.o(i.LDFMp))
<BR><BR>[Stack]<UL><LI>Max Depth = 4<LI>Call Chain = LDFMp
</UL>
<BR>[Calls]<UL><LI><a href="#[10f]">&gt;&gt;</a>&nbsp;&nbsp;&nbsp;RD_Mp_old
<LI><a href="#[110]">&gt;&gt;</a>&nbsp;&nbsp;&nbsp;RD_Mp
</UL>
<BR>[Address Reference Count : 1]<UL><LI> fx1nfnc.o(.constdata)
</UL>
<P><STRONG><a name="[3f]"></a>LDI</STRONG> (Thumb, 36 bytes, Stack size 8 bytes, fx1nfnc.o(i.LDI))
<BR><BR>[Stack]<UL><LI>Max Depth = 32<LI>Call Chain = LDI &rArr; RD_ppp &rArr; _ADDR_int_ppp
</UL>
<BR>[Calls]<UL><LI><a href="#[10d]">&gt;&gt;</a>&nbsp;&nbsp;&nbsp;RD_ppp
</UL>
<BR>[Address Reference Count : 1]<UL><LI> fx1nfnc.o(.constdata)
</UL>
<P><STRONG><a name="[59]"></a>LDIMp</STRONG> (Thumb, 38 bytes, Stack size 4 bytes, fx1nfnc.o(i.LDIMp))
<BR><BR>[Stack]<UL><LI>Max Depth = 4<LI>Call Chain = LDIMp
</UL>
<BR>[Calls]<UL><LI><a href="#[110]">&gt;&gt;</a>&nbsp;&nbsp;&nbsp;RD_Mp
</UL>
<BR>[Address Reference Count : 1]<UL><LI> fx1nfnc.o(.constdata)
</UL>
<P><STRONG><a name="[58]"></a>LDMp</STRONG> (Thumb, 32 bytes, Stack size 4 bytes, fx1nfnc.o(i.LDMp))
<BR><BR>[Stack]<UL><LI>Max Depth = 4<LI>Call Chain = LDMp
</UL>
<BR>[Calls]<UL><LI><a href="#[110]">&gt;&gt;</a>&nbsp;&nbsp;&nbsp;RD_Mp
</UL>
<BR>[Address Reference Count : 1]<UL><LI> fx1nfnc.o(.constdata)
</UL>
<P><STRONG><a name="[5e]"></a>LDP</STRONG> (Thumb, 48 bytes, Stack size 8 bytes, fx1nfnc.o(i.LDP))
<BR><BR>[Stack]<UL><LI>Max Depth = 32<LI>Call Chain = LDP &rArr; RD_ppp_old &rArr; _ADDR_int_ppp
</UL>
<BR>[Calls]<UL><LI><a href="#[10e]">&gt;&gt;</a>&nbsp;&nbsp;&nbsp;RD_ppp_old
<LI><a href="#[10d]">&gt;&gt;</a>&nbsp;&nbsp;&nbsp;RD_ppp
</UL>
<BR>[Address Reference Count : 1]<UL><LI> fx1nfnc.o(.constdata)
</UL>
<P><STRONG><a name="[5f]"></a>LDPMp</STRONG> (Thumb, 48 bytes, Stack size 4 bytes, fx1nfnc.o(i.LDPMp))
<BR><BR>[Stack]<UL><LI>Max Depth = 4<LI>Call Chain = LDPMp
</UL>
<BR>[Calls]<UL><LI><a href="#[10f]">&gt;&gt;</a>&nbsp;&nbsp;&nbsp;RD_Mp_old
<LI><a href="#[110]">&gt;&gt;</a>&nbsp;&nbsp;&nbsp;RD_Mp
</UL>
<BR>[Address Reference Count : 1]<UL><LI> fx1nfnc.o(.constdata)
</UL>
<P><STRONG><a name="[54]"></a>MC</STRONG> (Thumb, 2 bytes, Stack size 0 bytes, fx1nfnc.o(i.MC))
<BR>[Address Reference Count : 1]<UL><LI> fx1nfnc.o(.constdata)
</UL>
<P><STRONG><a name="[55]"></a>MCR</STRONG> (Thumb, 2 bytes, Stack size 0 bytes, fx1nfnc.o(i.MCR))
<BR>[Address Reference Count : 1]<UL><LI> fx1nfnc.o(.constdata)
</UL>
<P><STRONG><a name="[f8]"></a>MPP</STRONG> (Thumb, 34 bytes, Stack size 0 bytes, fx1nfnc.o(i.MPP))
<BR>[Address Reference Count : 1]<UL><LI> fx1nfnc.o(.constdata)
</UL>
<P><STRONG><a name="[f6]"></a>MPS</STRONG> (Thumb, 18 bytes, Stack size 0 bytes, fx1nfnc.o(i.MPS))
<BR>[Address Reference Count : 1]<UL><LI> fx1nfnc.o(.constdata)
</UL>
<P><STRONG><a name="[f7]"></a>MRD</STRONG> (Thumb, 24 bytes, Stack size 0 bytes, fx1nfnc.o(i.MRD))
<BR>[Address Reference Count : 1]<UL><LI> fx1nfnc.o(.constdata)
</UL>
<P><STRONG><a name="[fa]"></a>NOP</STRONG> (Thumb, 2 bytes, Stack size 0 bytes, fx1nfnc.o(i.NOP))
<BR>[Address Reference Count : 1]<UL><LI> fx1nfnc.o(.constdata)
</UL>
<P><STRONG><a name="[f3]"></a>NULLCMD</STRONG> (Thumb, 2 bytes, Stack size 0 bytes, fx1nfnc.o(i.NULLCMD))
<BR>[Address Reference Count : 1]<UL><LI> fx1nfnc.o(.constdata)
</UL>
<P><STRONG><a name="[42]"></a>OR</STRONG> (Thumb, 36 bytes, Stack size 8 bytes, fx1nfnc.o(i.OR))
<BR><BR>[Stack]<UL><LI>Max Depth = 32<LI>Call Chain = OR &rArr; RD_ppp &rArr; _ADDR_int_ppp
</UL>
<BR>[Calls]<UL><LI><a href="#[10d]">&gt;&gt;</a>&nbsp;&nbsp;&nbsp;RD_ppp
</UL>
<BR>[Address Reference Count : 1]<UL><LI> fx1nfnc.o(.constdata)
</UL>
<P><STRONG><a name="[f5]"></a>ORB</STRONG> (Thumb, 28 bytes, Stack size 0 bytes, fx1nfnc.o(i.ORB))
<BR>[Address Reference Count : 1]<UL><LI> fx1nfnc.o(.constdata)
</UL>
<P><STRONG><a name="[68]"></a>ORF</STRONG> (Thumb, 38 bytes, Stack size 8 bytes, fx1nfnc.o(i.ORF))
<BR><BR>[Stack]<UL><LI>Max Depth = 32<LI>Call Chain = ORF &rArr; RD_ppp_old &rArr; _ADDR_int_ppp
</UL>
<BR>[Calls]<UL><LI><a href="#[10e]">&gt;&gt;</a>&nbsp;&nbsp;&nbsp;RD_ppp_old
<LI><a href="#[10d]">&gt;&gt;</a>&nbsp;&nbsp;&nbsp;RD_ppp
</UL>
<BR>[Address Reference Count : 1]<UL><LI> fx1nfnc.o(.constdata)
</UL>
<P><STRONG><a name="[69]"></a>ORFMp</STRONG> (Thumb, 38 bytes, Stack size 4 bytes, fx1nfnc.o(i.ORFMp))
<BR><BR>[Stack]<UL><LI>Max Depth = 4<LI>Call Chain = ORFMp
</UL>
<BR>[Calls]<UL><LI><a href="#[10f]">&gt;&gt;</a>&nbsp;&nbsp;&nbsp;RD_Mp_old
<LI><a href="#[110]">&gt;&gt;</a>&nbsp;&nbsp;&nbsp;RD_Mp
</UL>
<BR>[Address Reference Count : 1]<UL><LI> fx1nfnc.o(.constdata)
</UL>
<P><STRONG><a name="[43]"></a>ORI</STRONG> (Thumb, 36 bytes, Stack size 8 bytes, fx1nfnc.o(i.ORI))
<BR><BR>[Stack]<UL><LI>Max Depth = 32<LI>Call Chain = ORI &rArr; RD_ppp &rArr; _ADDR_int_ppp
</UL>
<BR>[Calls]<UL><LI><a href="#[10d]">&gt;&gt;</a>&nbsp;&nbsp;&nbsp;RD_ppp
</UL>
<BR>[Address Reference Count : 1]<UL><LI> fx1nfnc.o(.constdata)
</UL>
<P><STRONG><a name="[5d]"></a>ORIMp</STRONG> (Thumb, 28 bytes, Stack size 4 bytes, fx1nfnc.o(i.ORIMp))
<BR><BR>[Stack]<UL><LI>Max Depth = 4<LI>Call Chain = ORIMp
</UL>
<BR>[Calls]<UL><LI><a href="#[110]">&gt;&gt;</a>&nbsp;&nbsp;&nbsp;RD_Mp
</UL>
<BR>[Address Reference Count : 1]<UL><LI> fx1nfnc.o(.constdata)
</UL>
<P><STRONG><a name="[5c]"></a>ORMp</STRONG> (Thumb, 22 bytes, Stack size 4 bytes, fx1nfnc.o(i.ORMp))
<BR><BR>[Stack]<UL><LI>Max Depth = 4<LI>Call Chain = ORMp
</UL>
<BR>[Calls]<UL><LI><a href="#[110]">&gt;&gt;</a>&nbsp;&nbsp;&nbsp;RD_Mp
</UL>
<BR>[Address Reference Count : 1]<UL><LI> fx1nfnc.o(.constdata)
</UL>
<P><STRONG><a name="[66]"></a>ORP</STRONG> (Thumb, 38 bytes, Stack size 8 bytes, fx1nfnc.o(i.ORP))
<BR><BR>[Stack]<UL><LI>Max Depth = 32<LI>Call Chain = ORP &rArr; RD_ppp_old &rArr; _ADDR_int_ppp
</UL>
<BR>[Calls]<UL><LI><a href="#[10e]">&gt;&gt;</a>&nbsp;&nbsp;&nbsp;RD_ppp_old
<LI><a href="#[10d]">&gt;&gt;</a>&nbsp;&nbsp;&nbsp;RD_ppp
</UL>
<BR>[Address Reference Count : 1]<UL><LI> fx1nfnc.o(.constdata)
</UL>
<P><STRONG><a name="[67]"></a>ORPMp</STRONG> (Thumb, 38 bytes, Stack size 4 bytes, fx1nfnc.o(i.ORPMp))
<BR><BR>[Stack]<UL><LI>Max Depth = 4<LI>Call Chain = ORPMp
</UL>
<BR>[Calls]<UL><LI><a href="#[10f]">&gt;&gt;</a>&nbsp;&nbsp;&nbsp;RD_Mp_old
<LI><a href="#[110]">&gt;&gt;</a>&nbsp;&nbsp;&nbsp;RD_Mp
</UL>
<BR>[Address Reference Count : 1]<UL><LI> fx1nfnc.o(.constdata)
</UL>
<P><STRONG><a name="[49]"></a>OUTM8xxx</STRONG> (Thumb, 16 bytes, Stack size 4 bytes, fx1nfnc.o(i.OUTM8xxx))
<BR><BR>[Stack]<UL><LI>Max Depth = 16<LI>Call Chain = OUTM8xxx &rArr; WR_M8xxx
</UL>
<BR>[Calls]<UL><LI><a href="#[138]">&gt;&gt;</a>&nbsp;&nbsp;&nbsp;WR_M8xxx
</UL>
<BR>[Address Reference Count : 1]<UL><LI> fx1nfnc.o(.constdata)
</UL>
<P><STRONG><a name="[4a]"></a>OUTMp</STRONG> (Thumb, 16 bytes, Stack size 4 bytes, fx1nfnc.o(i.OUTMp))
<BR><BR>[Stack]<UL><LI>Max Depth = 4<LI>Call Chain = OUTMp
</UL>
<BR>[Calls]<UL><LI><a href="#[139]">&gt;&gt;</a>&nbsp;&nbsp;&nbsp;WR_Mp
</UL>
<BR>[Address Reference Count : 1]<UL><LI> fx1nfnc.o(.constdata)
</UL>
<P><STRONG><a name="[4f]"></a>OUTS</STRONG> (Thumb, 16 bytes, Stack size 4 bytes, fx1nfnc.o(i.OUTS))
<BR><BR>[Stack]<UL><LI>Max Depth = 16<LI>Call Chain = OUTS &rArr; WR_S
</UL>
<BR>[Calls]<UL><LI><a href="#[13a]">&gt;&gt;</a>&nbsp;&nbsp;&nbsp;WR_S
</UL>
<BR>[Address Reference Count : 1]<UL><LI> fx1nfnc.o(.constdata)
</UL>
<P><STRONG><a name="[45]"></a>OUTYM</STRONG> (Thumb, 20 bytes, Stack size 8 bytes, fx1nfnc.o(i.OUTYM))
<BR><BR>[Stack]<UL><LI>Max Depth = 48<LI>Call Chain = OUTYM &rArr; WR_YM &rArr; WR_YM_SET &rArr; _ADDR_int_ppp
</UL>
<BR>[Calls]<UL><LI><a href="#[13b]">&gt;&gt;</a>&nbsp;&nbsp;&nbsp;WR_YM
</UL>
<BR>[Address Reference Count : 1]<UL><LI> fx1nfnc.o(.constdata)
</UL>
<P><STRONG><a name="[53]"></a>PLF</STRONG> (Thumb, 98 bytes, Stack size 8 bytes, fx1nfnc.o(i.PLF))
<BR><BR>[Stack]<UL><LI>Max Depth = 48<LI>Call Chain = PLF &rArr; WR_YM &rArr; WR_YM_SET &rArr; _ADDR_int_ppp
</UL>
<BR>[Calls]<UL><LI><a href="#[13b]">&gt;&gt;</a>&nbsp;&nbsp;&nbsp;WR_YM
</UL>
<BR>[Address Reference Count : 1]<UL><LI> fx1nfnc.o(.constdata)
</UL>
<P><STRONG><a name="[52]"></a>PLS</STRONG> (Thumb, 98 bytes, Stack size 8 bytes, fx1nfnc.o(i.PLS))
<BR><BR>[Stack]<UL><LI>Max Depth = 48<LI>Call Chain = PLS &rArr; WR_YM &rArr; WR_YM_SET &rArr; _ADDR_int_ppp
</UL>
<BR>[Calls]<UL><LI><a href="#[13b]">&gt;&gt;</a>&nbsp;&nbsp;&nbsp;WR_YM
</UL>
<BR>[Address Reference Count : 1]<UL><LI> fx1nfnc.o(.constdata)
</UL>
<P><STRONG><a name="[116]"></a>Pn</STRONG> (Thumb, 32 bytes, Stack size 0 bytes, fx1nfnc.o(i.Pn))
<BR><BR>[Called By]<UL><LI><a href="#[115]">&gt;&gt;</a>&nbsp;&nbsp;&nbsp;CODE_scan
</UL>

<P><STRONG><a name="[57]"></a>RSTD</STRONG> (Thumb, 272 bytes, Stack size 8 bytes, fx1nfnc.o(i.RSTD))
<BR><BR>[Stack]<UL><LI>Max Depth = 8<LI>Call Chain = RSTD
</UL>
<BR>[Address Reference Count : 1]<UL><LI> fx1nfnc.o(.constdata)
</UL>
<P><STRONG><a name="[4d]"></a>RSTM8xxx</STRONG> (Thumb, 24 bytes, Stack size 4 bytes, fx1nfnc.o(i.RSTM8xxx))
<BR><BR>[Stack]<UL><LI>Max Depth = 16<LI>Call Chain = RSTM8xxx &rArr; WR_M8xxx
</UL>
<BR>[Calls]<UL><LI><a href="#[138]">&gt;&gt;</a>&nbsp;&nbsp;&nbsp;WR_M8xxx
</UL>
<BR>[Address Reference Count : 1]<UL><LI> fx1nfnc.o(.constdata)
</UL>
<P><STRONG><a name="[4e]"></a>RSTMp</STRONG> (Thumb, 24 bytes, Stack size 4 bytes, fx1nfnc.o(i.RSTMp))
<BR><BR>[Stack]<UL><LI>Max Depth = 4<LI>Call Chain = RSTMp
</UL>
<BR>[Calls]<UL><LI><a href="#[139]">&gt;&gt;</a>&nbsp;&nbsp;&nbsp;WR_Mp
</UL>
<BR>[Address Reference Count : 1]<UL><LI> fx1nfnc.o(.constdata)
</UL>
<P><STRONG><a name="[51]"></a>RSTS</STRONG> (Thumb, 24 bytes, Stack size 4 bytes, fx1nfnc.o(i.RSTS))
<BR><BR>[Stack]<UL><LI>Max Depth = 16<LI>Call Chain = RSTS &rArr; WR_S
</UL>
<BR>[Calls]<UL><LI><a href="#[13a]">&gt;&gt;</a>&nbsp;&nbsp;&nbsp;WR_S
</UL>
<BR>[Address Reference Count : 1]<UL><LI> fx1nfnc.o(.constdata)
</UL>
<P><STRONG><a name="[56]"></a>RSTTC</STRONG> (Thumb, 136 bytes, Stack size 8 bytes, fx1nfnc.o(i.RSTTC))
<BR><BR>[Stack]<UL><LI>Max Depth = 8<LI>Call Chain = RSTTC
</UL>
<BR>[Address Reference Count : 1]<UL><LI> fx1nfnc.o(.constdata)
</UL>
<P><STRONG><a name="[47]"></a>RSTYM</STRONG> (Thumb, 22 bytes, Stack size 8 bytes, fx1nfnc.o(i.RSTYM))
<BR><BR>[Stack]<UL><LI>Max Depth = 32<LI>Call Chain = RSTYM &rArr; WR_YM_CLR &rArr; _ADDR_int_ppp
</UL>
<BR>[Calls]<UL><LI><a href="#[150]">&gt;&gt;</a>&nbsp;&nbsp;&nbsp;WR_YM_CLR
</UL>
<BR>[Address Reference Count : 1]<UL><LI> fx1nfnc.o(.constdata)
</UL>
<P><STRONG><a name="[4b]"></a>SETM8xxx</STRONG> (Thumb, 24 bytes, Stack size 4 bytes, fx1nfnc.o(i.SETM8xxx))
<BR><BR>[Stack]<UL><LI>Max Depth = 16<LI>Call Chain = SETM8xxx &rArr; WR_M8xxx
</UL>
<BR>[Calls]<UL><LI><a href="#[138]">&gt;&gt;</a>&nbsp;&nbsp;&nbsp;WR_M8xxx
</UL>
<BR>[Address Reference Count : 1]<UL><LI> fx1nfnc.o(.constdata)
</UL>
<P><STRONG><a name="[4c]"></a>SETMp</STRONG> (Thumb, 24 bytes, Stack size 4 bytes, fx1nfnc.o(i.SETMp))
<BR><BR>[Stack]<UL><LI>Max Depth = 4<LI>Call Chain = SETMp
</UL>
<BR>[Calls]<UL><LI><a href="#[139]">&gt;&gt;</a>&nbsp;&nbsp;&nbsp;WR_Mp
</UL>
<BR>[Address Reference Count : 1]<UL><LI> fx1nfnc.o(.constdata)
</UL>
<P><STRONG><a name="[50]"></a>SETS</STRONG> (Thumb, 24 bytes, Stack size 4 bytes, fx1nfnc.o(i.SETS))
<BR><BR>[Stack]<UL><LI>Max Depth = 16<LI>Call Chain = SETS &rArr; WR_S
</UL>
<BR>[Calls]<UL><LI><a href="#[13a]">&gt;&gt;</a>&nbsp;&nbsp;&nbsp;WR_S
</UL>
<BR>[Address Reference Count : 1]<UL><LI> fx1nfnc.o(.constdata)
</UL>
<P><STRONG><a name="[46]"></a>SETYM</STRONG> (Thumb, 22 bytes, Stack size 8 bytes, fx1nfnc.o(i.SETYM))
<BR><BR>[Stack]<UL><LI>Max Depth = 32<LI>Call Chain = SETYM &rArr; WR_YM_SET &rArr; _ADDR_int_ppp
</UL>
<BR>[Calls]<UL><LI><a href="#[151]">&gt;&gt;</a>&nbsp;&nbsp;&nbsp;WR_YM_SET
</UL>
<BR>[Address Reference Count : 1]<UL><LI> fx1nfnc.o(.constdata)
</UL>
<P><STRONG><a name="[13b]"></a>WR_YM</STRONG> (Thumb, 24 bytes, Stack size 16 bytes, fx1nfnc.o(i.WR_YM))
<BR><BR>[Stack]<UL><LI>Max Depth = 40<LI>Call Chain = WR_YM &rArr; WR_YM_SET &rArr; _ADDR_int_ppp
</UL>
<BR>[Calls]<UL><LI><a href="#[151]">&gt;&gt;</a>&nbsp;&nbsp;&nbsp;WR_YM_SET
<LI><a href="#[150]">&gt;&gt;</a>&nbsp;&nbsp;&nbsp;WR_YM_CLR
</UL>
<BR>[Called By]<UL><LI><a href="#[52]">&gt;&gt;</a>&nbsp;&nbsp;&nbsp;PLS
<LI><a href="#[53]">&gt;&gt;</a>&nbsp;&nbsp;&nbsp;PLF
<LI><a href="#[45]">&gt;&gt;</a>&nbsp;&nbsp;&nbsp;OUTYM
</UL>

<P><STRONG><a name="[150]"></a>WR_YM_CLR</STRONG> (Thumb, 34 bytes, Stack size 16 bytes, fx1nfnc.o(i.WR_YM_CLR))
<BR><BR>[Stack]<UL><LI>Max Depth = 24<LI>Call Chain = WR_YM_CLR &rArr; _ADDR_int_ppp
</UL>
<BR>[Calls]<UL><LI><a href="#[124]">&gt;&gt;</a>&nbsp;&nbsp;&nbsp;_ADDR_int_ppp
</UL>
<BR>[Called By]<UL><LI><a href="#[13b]">&gt;&gt;</a>&nbsp;&nbsp;&nbsp;WR_YM
<LI><a href="#[47]">&gt;&gt;</a>&nbsp;&nbsp;&nbsp;RSTYM
</UL>

<P><STRONG><a name="[151]"></a>WR_YM_SET</STRONG> (Thumb, 32 bytes, Stack size 16 bytes, fx1nfnc.o(i.WR_YM_SET))
<BR><BR>[Stack]<UL><LI>Max Depth = 24<LI>Call Chain = WR_YM_SET &rArr; _ADDR_int_ppp
</UL>
<BR>[Calls]<UL><LI><a href="#[124]">&gt;&gt;</a>&nbsp;&nbsp;&nbsp;_ADDR_int_ppp
</UL>
<BR>[Called By]<UL><LI><a href="#[13b]">&gt;&gt;</a>&nbsp;&nbsp;&nbsp;WR_YM
<LI><a href="#[46]">&gt;&gt;</a>&nbsp;&nbsp;&nbsp;SETYM
</UL>

<P><STRONG><a name="[124]"></a>_ADDR_int_ppp</STRONG> (Thumb, 52 bytes, Stack size 8 bytes, fx1nfnc.o(i._ADDR_int_ppp))
<BR><BR>[Stack]<UL><LI>Max Depth = 8<LI>Call Chain = _ADDR_int_ppp
</UL>
<BR>[Called By]<UL><LI><a href="#[ac]">&gt;&gt;</a>&nbsp;&nbsp;&nbsp;FNC_ALT
<LI><a href="#[172]">&gt;&gt;</a>&nbsp;&nbsp;&nbsp;WR_int_ppp
<LI><a href="#[10e]">&gt;&gt;</a>&nbsp;&nbsp;&nbsp;RD_ppp_old
<LI><a href="#[10d]">&gt;&gt;</a>&nbsp;&nbsp;&nbsp;RD_ppp
<LI><a href="#[14f]">&gt;&gt;</a>&nbsp;&nbsp;&nbsp;RD_int_ppp
<LI><a href="#[151]">&gt;&gt;</a>&nbsp;&nbsp;&nbsp;WR_YM_SET
<LI><a href="#[150]">&gt;&gt;</a>&nbsp;&nbsp;&nbsp;WR_YM_CLR
</UL>

<P><STRONG><a name="[112]"></a>plc_get_next_cmd</STRONG> (Thumb, 54 bytes, Stack size 0 bytes, fx1nfnc.o(i.plc_get_next_cmd))
<BR><BR>[Called By]<UL><LI><a href="#[17d]">&gt;&gt;</a>&nbsp;&nbsp;&nbsp;plc_excute_cmd
<LI><a href="#[115]">&gt;&gt;</a>&nbsp;&nbsp;&nbsp;CODE_scan
<LI><a href="#[3c]">&gt;&gt;</a>&nbsp;&nbsp;&nbsp;CMDFNC
</UL>

<P><STRONG><a name="[18b]"></a>iap_write_page_check</STRONG> (Thumb, 66 bytes, Stack size 24 bytes, fx1niap.o(i.iap_write_page_check))
<BR><BR>[Stack]<UL><LI>Max Depth = 40<LI>Call Chain = iap_write_page_check &rArr; FLASH_ErasePage &rArr; FLASH_WaitForLastOperation
</UL>
<BR>[Calls]<UL><LI><a href="#[11e]">&gt;&gt;</a>&nbsp;&nbsp;&nbsp;FLASH_ErasePage
</UL>
<BR>[Called By]<UL><LI><a href="#[18a]">&gt;&gt;</a>&nbsp;&nbsp;&nbsp;iap_comit_
</UL>

<P><STRONG><a name="[18c]"></a>iap_write_page_must</STRONG> (Thumb, 52 bytes, Stack size 24 bytes, fx1niap.o(i.iap_write_page_must))
<BR><BR>[Stack]<UL><LI>Max Depth = 44<LI>Call Chain = iap_write_page_must &rArr; FLASH_ProgramHalfWord &rArr; FLASH_WaitForLastOperation
</UL>
<BR>[Calls]<UL><LI><a href="#[11c]">&gt;&gt;</a>&nbsp;&nbsp;&nbsp;FLASH_ProgramHalfWord
</UL>
<BR>[Called By]<UL><LI><a href="#[18a]">&gt;&gt;</a>&nbsp;&nbsp;&nbsp;iap_comit_
</UL>

<P><STRONG><a name="[16c]"></a>GetBitVarValue</STRONG> (Thumb, 78 bytes, Stack size 8 bytes, fx1nuart.o(i.GetBitVarValue))
<BR><BR>[Stack]<UL><LI>Max Depth = 8<LI>Call Chain = GetBitVarValue
</UL>
<BR>[Called By]<UL><LI><a href="#[12e]">&gt;&gt;</a>&nbsp;&nbsp;&nbsp;UartResponseCMDRead
</UL>

<P><STRONG><a name="[16a]"></a>GetU32tVarValue</STRONG> (Thumb, 84 bytes, Stack size 0 bytes, fx1nuart.o(i.GetU32tVarValue))
<BR><BR>[Called By]<UL><LI><a href="#[12e]">&gt;&gt;</a>&nbsp;&nbsp;&nbsp;UartResponseCMDRead
</UL>
<P>
<H3>
Undefined Global Symbols
</H3><HR></body></html>
