<!doctype html public "-//w3c//dtd html 4.0 transitional//en">
<html><head>
<title>Static Call Graph - [.\Objects\ppiapp.axf]</title></head>
<body><HR>
<H1>Static Call Graph for image .\Objects\ppiapp.axf</H1><HR>
<BR><P>#&#060CALLGRAPH&#062# ARM Linker, 6130100: Last Updated: Tue Apr 28 16:08:08 2026
<BR><P>
<H3>Maximum Stack Usage =        188 bytes + Unknown(Functions without stacksize, Cycles, Untraceable Function Pointers)</H3><H3>
Call chain for Maximum Stack Depth:</H3>
__rt_entry_main &rArr; main &rArr; sio_open &rArr; USART_DMA_Config &rArr; DMA_Init
<P>
<H3>
Functions with no stack information
</H3><UL>
 <LI><a href="#[15f]">OS_CPU_SR_Save</a>
 <LI><a href="#[163]">OS_CPU_SR_Restore</a>
 <LI><a href="#[10f]">__user_initial_stackheap</a>
</UL>
</UL>
<P>
<H3>
Mutually Recursive functions
</H3> <LI><a href="#[1c]">ADC1_2_IRQHandler</a>&nbsp;&nbsp;&nbsp;&rArr;&nbsp;&nbsp;&nbsp;<a href="#[1c]">ADC1_2_IRQHandler</a><BR>
 <LI><a href="#[4]">BusFault_Handler</a>&nbsp;&nbsp;&nbsp;&rArr;&nbsp;&nbsp;&nbsp;<a href="#[4]">BusFault_Handler</a><BR>
 <LI><a href="#[2]">HardFault_Handler</a>&nbsp;&nbsp;&nbsp;&rArr;&nbsp;&nbsp;&nbsp;<a href="#[2]">HardFault_Handler</a><BR>
 <LI><a href="#[3]">MemManage_Handler</a>&nbsp;&nbsp;&nbsp;&rArr;&nbsp;&nbsp;&nbsp;<a href="#[3]">MemManage_Handler</a><BR>
 <LI><a href="#[5]">UsageFault_Handler</a>&nbsp;&nbsp;&nbsp;&rArr;&nbsp;&nbsp;&nbsp;<a href="#[5]">UsageFault_Handler</a><BR>
 <LI><a href="#[43]">str_copy</a>&nbsp;&nbsp;&nbsp;&rArr;&nbsp;&nbsp;&nbsp;<a href="#[43]">str_copy</a><BR>
</UL>
<P>
<H3>
Function Pointers
</H3><UL>
 <LI><a href="#[1c]">ADC1_2_IRQHandler</a> from startup_stm32f10x_md.o(.text) referenced from startup_stm32f10x_md.o(RESET)
 <LI><a href="#[38]">ANB</a> from fx1nfnc.o(.text.ANB) referenced from fx1nfnc.o(.text.CMDCH)
 <LI><a href="#[49]">AND</a> from fx1nfnc.o(.text.AND) referenced from fx1nfnc.o(.text.plc_excute_cmd)
 <LI><a href="#[70]">ANDF</a> from fx1nfnc.o(.text.ANDF) referenced from fx1nfnc.o(.rodata.key_list_2)
 <LI><a href="#[71]">ANDFMp</a> from fx1nfnc.o(.text.ANDFMp) referenced from fx1nfnc.o(.rodata.key_list_2)
 <LI><a href="#[66]">ANDMp</a> from fx1nfnc.o(.text.ANDMp) referenced from fx1nfnc.o(.rodata.key_list_2)
 <LI><a href="#[6e]">ANDP</a> from fx1nfnc.o(.text.ANDP) referenced from fx1nfnc.o(.rodata.key_list_2)
 <LI><a href="#[6f]">ANDPMp</a> from fx1nfnc.o(.text.ANDPMp) referenced from fx1nfnc.o(.rodata.key_list_2)
 <LI><a href="#[4a]">ANI</a> from fx1nfnc.o(.text.ANI) referenced from fx1nfnc.o(.text.plc_excute_cmd)
 <LI><a href="#[67]">ANIMp</a> from fx1nfnc.o(.text.ANIMp) referenced from fx1nfnc.o(.rodata.key_list_2)
 <LI><a href="#[4]">BusFault_Handler</a> from stm32f10x_it.o(.text.BusFault_Handler) referenced from startup_stm32f10x_md.o(RESET)
 <LI><a href="#[1f]">CAN1_RX1_IRQHandler</a> from startup_stm32f10x_md.o(.text) referenced from startup_stm32f10x_md.o(RESET)
 <LI><a href="#[20]">CAN1_SCE_IRQHandler</a> from startup_stm32f10x_md.o(.text) referenced from startup_stm32f10x_md.o(RESET)
 <LI><a href="#[51]">CMDCH</a> from fx1nfnc.o(.text.CMDCH) referenced from fx1nfnc.o(.text.plc_excute_cmd)
 <LI><a href="#[4d]">CMDER</a> from fx1nfnc.o(.text.CMDER) referenced 9 times from fx1nfnc.o(.rodata.key_list_1)
 <LI><a href="#[4d]">CMDER</a> from fx1nfnc.o(.text.CMDER) referenced 10 times from fx1nfnc.o(.rodata.key_list_2)
 <LI><a href="#[4d]">CMDER</a> from fx1nfnc.o(.text.CMDER) referenced 4 times from fx1nfnc.o(.text.plc_excute_cmd)
 <LI><a href="#[45]">CMDFNC</a> from fx1nfnc.o(.text.CMDFNC) referenced from fx1nfnc.o(.text.plc_excute_cmd)
 <LI><a href="#[46]">CMDP</a> from fx1nfnc.o(.text.CMDP) referenced from fx1nfnc.o(.text.plc_excute_cmd)
 <LI><a href="#[15]">DMA1_Channel1_IRQHandler</a> from startup_stm32f10x_md.o(.text) referenced from startup_stm32f10x_md.o(RESET)
 <LI><a href="#[16]">DMA1_Channel2_IRQHandler</a> from startup_stm32f10x_md.o(.text) referenced from startup_stm32f10x_md.o(RESET)
 <LI><a href="#[17]">DMA1_Channel3_IRQHandler</a> from startup_stm32f10x_md.o(.text) referenced from startup_stm32f10x_md.o(RESET)
 <LI><a href="#[18]">DMA1_Channel4_IRQHandler</a> from sio.o(.text.DMA1_Channel4_IRQHandler) referenced from startup_stm32f10x_md.o(RESET)
 <LI><a href="#[19]">DMA1_Channel5_IRQHandler</a> from startup_stm32f10x_md.o(.text) referenced from startup_stm32f10x_md.o(RESET)
 <LI><a href="#[1a]">DMA1_Channel6_IRQHandler</a> from startup_stm32f10x_md.o(.text) referenced from startup_stm32f10x_md.o(RESET)
 <LI><a href="#[1b]">DMA1_Channel7_IRQHandler</a> from sio.o(.text.DMA1_Channel7_IRQHandler) referenced from startup_stm32f10x_md.o(RESET)
 <LI><a href="#[7]">DebugMon_Handler</a> from stm32f10x_it.o(.text.DebugMon_Handler) referenced from startup_stm32f10x_md.o(RESET)
 <LI><a href="#[10]">EXTI0_IRQHandler</a> from startup_stm32f10x_md.o(.text) referenced from startup_stm32f10x_md.o(RESET)
 <LI><a href="#[32]">EXTI15_10_IRQHandler</a> from startup_stm32f10x_md.o(.text) referenced from startup_stm32f10x_md.o(RESET)
 <LI><a href="#[11]">EXTI1_IRQHandler</a> from startup_stm32f10x_md.o(.text) referenced from startup_stm32f10x_md.o(RESET)
 <LI><a href="#[12]">EXTI2_IRQHandler</a> from startup_stm32f10x_md.o(.text) referenced from startup_stm32f10x_md.o(RESET)
 <LI><a href="#[13]">EXTI3_IRQHandler</a> from startup_stm32f10x_md.o(.text) referenced from startup_stm32f10x_md.o(RESET)
 <LI><a href="#[14]">EXTI4_IRQHandler</a> from startup_stm32f10x_md.o(.text) referenced from startup_stm32f10x_md.o(RESET)
 <LI><a href="#[21]">EXTI9_5_IRQHandler</a> from startup_stm32f10x_md.o(.text) referenced from startup_stm32f10x_md.o(RESET)
 <LI><a href="#[e]">FLASH_IRQHandler</a> from startup_stm32f10x_md.o(.text) referenced from startup_stm32f10x_md.o(RESET)
 <LI><a href="#[dd]">FNC_ABS</a> from fx1nfnc.o(.text.FNC_ABS) referenced from fx1nfnc.o(.rodata.key_list_3)
 <LI><a href="#[b4]">FNC_ABSD</a> from fx1nfnc.o(.text.FNC_ABSD) referenced from fx1nfnc.o(.rodata.key_list_3)
 <LI><a href="#[8a]">FNC_ADD</a> from fx1nfnc.o(.text.FNC_ADD) referenced from fx1nfnc.o(.rodata.key_list_3)
 <LI><a href="#[b8]">FNC_ALT</a> from fx1nfnc.o(.text.FNC_ALT) referenced from fx1nfnc.o(.rodata.key_list_3)
 <LI><a href="#[f3]">FNC_AND_EQ</a> from fx1nfnc.o(.text.FNC_AND_EQ) referenced from fx1nfnc.o(.rodata.key_list_3)
 <LI><a href="#[f8]">FNC_AND_GE</a> from fx1nfnc.o(.text.FNC_AND_GE) referenced from fx1nfnc.o(.rodata.key_list_3)
 <LI><a href="#[f4]">FNC_AND_GT</a> from fx1nfnc.o(.text.FNC_AND_GT) referenced from fx1nfnc.o(.rodata.key_list_3)
 <LI><a href="#[f7]">FNC_AND_LE</a> from fx1nfnc.o(.text.FNC_AND_LE) referenced from fx1nfnc.o(.rodata.key_list_3)
 <LI><a href="#[f5]">FNC_AND_LT</a> from fx1nfnc.o(.text.FNC_AND_LT) referenced from fx1nfnc.o(.rodata.key_list_3)
 <LI><a href="#[f6]">FNC_AND_NE</a> from fx1nfnc.o(.text.FNC_AND_NE) referenced from fx1nfnc.o(.rodata.key_list_3)
 <LI><a href="#[a5]">FNC_ANR</a> from fx1nfnc.o(.text.FNC_ANR) referenced from fx1nfnc.o(.rodata.key_list_3)
 <LI><a href="#[a4]">FNC_ANS</a> from fx1nfnc.o(.text.FNC_ANS) referenced from fx1nfnc.o(.rodata.key_list_3)
 <LI><a href="#[c1]">FNC_ARWS</a> from fx1nfnc.o(.text.FNC_ARWS) referenced from fx1nfnc.o(.rodata.key_list_3)
 <LI><a href="#[c2]">FNC_ASC</a> from fx1nfnc.o(.text.FNC_ASC) referenced from fx1nfnc.o(.rodata.key_list_3)
 <LI><a href="#[c8]">FNC_ASCI</a> from fx1nfnc.o(.text.FNC_ASCI) referenced from fx1nfnc.o(.rodata.key_list_3)
 <LI><a href="#[88]">FNC_BCD</a> from fx1nfnc.o(.text.FNC_BCD) referenced from fx1nfnc.o(.rodata.key_list_3)
 <LI><a href="#[89]">FNC_BIN</a> from fx1nfnc.o(.text.FNC_BIN) referenced from fx1nfnc.o(.rodata.key_list_3)
 <LI><a href="#[85]">FNC_BMOV</a> from fx1nfnc.o(.text.FNC_BMOV) referenced from fx1nfnc.o(.rodata.key_list_3)
 <LI><a href="#[a2]">FNC_BON</a> from fx1nfnc.o(.text.FNC_BON) referenced from fx1nfnc.o(.rodata.key_list_3)
 <LI><a href="#[77]">FNC_CALL</a> from fx1nfnc.o(.text.FNC_CALL) referenced from fx1nfnc.o(.rodata.key_list_3)
 <LI><a href="#[ca]">FNC_CCD</a> from fx1nfnc.o(.text.FNC_CCD) referenced from fx1nfnc.o(.rodata.key_list_3)
 <LI><a href="#[76]">FNC_CJ</a> from fx1nfnc.o(.text.FNC_CJ) referenced from fx1nfnc.o(.rodata.key_list_3)
 <LI><a href="#[84]">FNC_CML</a> from fx1nfnc.o(.text.FNC_CML) referenced from fx1nfnc.o(.rodata.key_list_3)
 <LI><a href="#[80]">FNC_CMP</a> from fx1nfnc.o(.text.FNC_CMP) referenced from fx1nfnc.o(.rodata.key_list_3)
 <LI><a href="#[da]">FNC_COS</a> from fx1nfnc.o(.text.FNC_COS) referenced from fx1nfnc.o(.rodata.key_list_3)
 <LI><a href="#[8f]">FNC_DEC</a> from fx1nfnc.o(.text.FNC_DEC) referenced from fx1nfnc.o(.rodata.key_list_3)
 <LI><a href="#[9f]">FNC_DECO</a> from fx1nfnc.o(.text.FNC_DECO) referenced from fx1nfnc.o(.rodata.key_list_3)
 <LI><a href="#[7b]">FNC_DI</a> from fx1nfnc.o(.text.FNC_DI) referenced from fx1nfnc.o(.rodata.key_list_3)
 <LI><a href="#[8d]">FNC_DIV</a> from fx1nfnc.o(.text.FNC_DIV) referenced from fx1nfnc.o(.rodata.key_list_3)
 <LI><a href="#[a0]">FNC_DNCO</a> from fx1nfnc.o(.text.FNC_DNCO) referenced from fx1nfnc.o(.rodata.key_list_3)
 <LI><a href="#[e1]">FNC_DRVA</a> from fx1nfnc.o(.text.FNC_DRVA) referenced from fx1nfnc.o(.rodata.key_list_3)
 <LI><a href="#[e0]">FNC_DRVI</a> from fx1nfnc.o(.text.FNC_DRVI) referenced from fx1nfnc.o(.rodata.key_list_3)
 <LI><a href="#[be]">FNC_DSW</a> from fx1nfnc.o(.text.FNC_DSW) referenced from fx1nfnc.o(.rodata.key_list_3)
 <LI><a href="#[d3]">FNC_EADD</a> from fx1nfnc.o(.text.FNC_EADD) referenced from fx1nfnc.o(.rodata.key_list_3)
 <LI><a href="#[d1]">FNC_EBCD</a> from fx1nfnc.o(.text.FNC_EBCD) referenced from fx1nfnc.o(.rodata.key_list_3)
 <LI><a href="#[d2]">FNC_EBIN</a> from fx1nfnc.o(.text.FNC_EBIN) referenced from fx1nfnc.o(.rodata.key_list_3)
 <LI><a href="#[cf]">FNC_ECMP</a> from fx1nfnc.o(.text.FNC_ECMP) referenced from fx1nfnc.o(.rodata.key_list_3)
 <LI><a href="#[d6]">FNC_EDIV</a> from fx1nfnc.o(.text.FNC_EDIV) referenced from fx1nfnc.o(.rodata.key_list_3)
 <LI><a href="#[7a]">FNC_EI</a> from fx1nfnc.o(.text.FNC_EI) referenced from fx1nfnc.o(.rodata.key_list_3)
 <LI><a href="#[d5]">FNC_EMUL</a> from fx1nfnc.o(.text.FNC_EMUL) referenced from fx1nfnc.o(.rodata.key_list_3)
 <LI><a href="#[cd]">FNC_ERROR</a> from fx1nfnc.o(.text.FNC_ERROR) referenced 120 times from fx1nfnc.o(.rodata.key_list_3)
 <LI><a href="#[d7]">FNC_ESOR</a> from fx1nfnc.o(.text.FNC_ESOR) referenced from fx1nfnc.o(.rodata.key_list_3)
 <LI><a href="#[d4]">FNC_ESUB</a> from fx1nfnc.o(.text.FNC_ESUB) referenced from fx1nfnc.o(.rodata.key_list_3)
 <LI><a href="#[d0]">FNC_EZCP</a> from fx1nfnc.o(.text.FNC_EZCP) referenced from fx1nfnc.o(.rodata.key_list_3)
 <LI><a href="#[7c]">FNC_FEND</a> from fx1nfnc.o(.text.FNC_FEND) referenced from fx1nfnc.o(.rodata.key_list_3)
 <LI><a href="#[a7]">FNC_FLT</a> from fx1nfnc.o(.text.FNC_FLT) referenced from fx1nfnc.o(.rodata.key_list_3)
 <LI><a href="#[86]">FNC_FMOV</a> from fx1nfnc.o(.text.FNC_FMOV) referenced from fx1nfnc.o(.rodata.key_list_3)
 <LI><a href="#[7e]">FNC_FOR</a> from fx1nfnc.o(.text.FNC_FOR) referenced from fx1nfnc.o(.rodata.key_list_3)
 <LI><a href="#[c4]">FNC_FROM</a> from fx1nfnc.o(.text.FNC_FROM) referenced from fx1nfnc.o(.rodata.key_list_3)
 <LI><a href="#[ea]">FNC_GBIN</a> from fx1nfnc.o(.text.FNC_GBIN) referenced from fx1nfnc.o(.rodata.key_list_3)
 <LI><a href="#[e9]">FNC_GRY</a> from fx1nfnc.o(.text.FNC_GRY) referenced from fx1nfnc.o(.rodata.key_list_3)
 <LI><a href="#[c9]">FNC_HEX</a> from fx1nfnc.o(.text.FNC_HEX) referenced from fx1nfnc.o(.rodata.key_list_3)
 <LI><a href="#[bd]">FNC_HKY</a> from fx1nfnc.o(.text.FNC_HKY) referenced from fx1nfnc.o(.rodata.key_list_3)
 <LI><a href="#[e8]">FNC_HOUR</a> from fx1nfnc.o(.text.FNC_HOUR) referenced from fx1nfnc.o(.rodata.key_list_3)
 <LI><a href="#[ac]">FNC_HSCR</a> from fx1nfnc.o(.text.FNC_HSCR) referenced from fx1nfnc.o(.rodata.key_list_3)
 <LI><a href="#[ab]">FNC_HSCS</a> from fx1nfnc.o(.text.FNC_HSCS) referenced from fx1nfnc.o(.rodata.key_list_3)
 <LI><a href="#[ad]">FNC_HSZ</a> from fx1nfnc.o(.text.FNC_HSZ) referenced from fx1nfnc.o(.rodata.key_list_3)
 <LI><a href="#[8e]">FNC_INC</a> from fx1nfnc.o(.text.FNC_INC) referenced from fx1nfnc.o(.rodata.key_list_3)
 <LI><a href="#[b5]">FNC_INCD</a> from fx1nfnc.o(.text.FNC_INCD) referenced from fx1nfnc.o(.rodata.key_list_3)
 <LI><a href="#[d8]">FNC_INT</a> from fx1nfnc.o(.text.FNC_INT) referenced from fx1nfnc.o(.rodata.key_list_3)
 <LI><a href="#[79]">FNC_IRET</a> from fx1nfnc.o(.text.FNC_IRET) referenced from fx1nfnc.o(.rodata.key_list_3)
 <LI><a href="#[b2]">FNC_IST</a> from fx1nfnc.o(.text.FNC_IST) referenced from fx1nfnc.o(.rodata.key_list_3)
 <LI><a href="#[ed]">FNC_LD_EQ</a> from fx1nfnc.o(.text.FNC_LD_EQ) referenced from fx1nfnc.o(.rodata.key_list_3)
 <LI><a href="#[f2]">FNC_LD_GE</a> from fx1nfnc.o(.text.FNC_LD_GE) referenced from fx1nfnc.o(.rodata.key_list_3)
 <LI><a href="#[ee]">FNC_LD_GT</a> from fx1nfnc.o(.text.FNC_LD_GT) referenced from fx1nfnc.o(.rodata.key_list_3)
 <LI><a href="#[f1]">FNC_LD_LE</a> from fx1nfnc.o(.text.FNC_LD_LE) referenced from fx1nfnc.o(.rodata.key_list_3)
 <LI><a href="#[ef]">FNC_LD_LT</a> from fx1nfnc.o(.text.FNC_LD_LT) referenced from fx1nfnc.o(.rodata.key_list_3)
 <LI><a href="#[f0]">FNC_LD_NE</a> from fx1nfnc.o(.text.FNC_LD_NE) referenced from fx1nfnc.o(.rodata.key_list_3)
 <LI><a href="#[a3]">FNC_MEAN</a> from fx1nfnc.o(.text.FNC_MEAN) referenced from fx1nfnc.o(.rodata.key_list_3)
 <LI><a href="#[82]">FNC_MOV</a> from fx1nfnc.o(.text.FNC_MOV) referenced from fx1nfnc.o(.rodata.key_list_3)
 <LI><a href="#[aa]">FNC_MTR</a> from fx1nfnc.o(.text.FNC_MTR) referenced from fx1nfnc.o(.rodata.key_list_3)
 <LI><a href="#[8c]">FNC_MUL</a> from fx1nfnc.o(.text.FNC_MUL) referenced from fx1nfnc.o(.rodata.key_list_3)
 <LI><a href="#[93]">FNC_NEG</a> from fx1nfnc.o(.text.FNC_NEG) referenced from fx1nfnc.o(.rodata.key_list_3)
 <LI><a href="#[7f]">FNC_NEXT</a> from fx1nfnc.o(.text.FNC_NEXT) referenced from fx1nfnc.o(.rodata.key_list_3)
 <LI><a href="#[f9]">FNC_OR_EQ</a> from fx1nfnc.o(.text.FNC_OR_EQ) referenced from fx1nfnc.o(.rodata.key_list_3)
 <LI><a href="#[fe]">FNC_OR_GE</a> from fx1nfnc.o(.text.FNC_OR_GE) referenced from fx1nfnc.o(.rodata.key_list_3)
 <LI><a href="#[fa]">FNC_OR_GT</a> from fx1nfnc.o(.text.FNC_OR_GT) referenced from fx1nfnc.o(.rodata.key_list_3)
 <LI><a href="#[fd]">FNC_OR_LE</a> from fx1nfnc.o(.text.FNC_OR_LE) referenced from fx1nfnc.o(.rodata.key_list_3)
 <LI><a href="#[fb]">FNC_OR_LT</a> from fx1nfnc.o(.text.FNC_OR_LT) referenced from fx1nfnc.o(.rodata.key_list_3)
 <LI><a href="#[fc]">FNC_OR_NE</a> from fx1nfnc.o(.text.FNC_OR_NE) referenced from fx1nfnc.o(.rodata.key_list_3)
 <LI><a href="#[ce]">FNC_PID</a> from fx1nfnc.o(.text.FNC_PID) referenced from fx1nfnc.o(.rodata.key_list_3)
 <LI><a href="#[b1]">FNC_PLSR</a> from fx1nfnc.o(.text.FNC_PLSR) referenced from fx1nfnc.o(.rodata.key_list_3)
 <LI><a href="#[df]">FNC_PLSV</a> from fx1nfnc.o(.text.FNC_PLSV) referenced from fx1nfnc.o(.rodata.key_list_3)
 <LI><a href="#[af]">FNC_PLSY</a> from fx1nfnc.o(.text.FNC_PLSY) referenced from fx1nfnc.o(.rodata.key_list_3)
 <LI><a href="#[c3]">FNC_PR</a> from fx1nfnc.o(.text.FNC_PR) referenced from fx1nfnc.o(.rodata.key_list_3)
 <LI><a href="#[c7]">FNC_PRUN</a> from fx1nfnc.o(.text.FNC_PRUN) referenced from fx1nfnc.o(.rodata.key_list_3)
 <LI><a href="#[b0]">FNC_PWM</a> from fx1nfnc.o(.text.FNC_PWM) referenced from fx1nfnc.o(.rodata.key_list_3)
 <LI><a href="#[b9]">FNC_RAMP</a> from fx1nfnc.o(.text.FNC_RAMP) referenced from fx1nfnc.o(.rodata.key_list_3)
 <LI><a href="#[97]">FNC_RCL</a> from fx1nfnc.o(.text.FNC_RCL) referenced from fx1nfnc.o(.rodata.key_list_3)
 <LI><a href="#[96]">FNC_RCR</a> from fx1nfnc.o(.text.FNC_RCR) referenced from fx1nfnc.o(.rodata.key_list_3)
 <LI><a href="#[eb]">FNC_RD3A</a> from fx1nfnc.o(.text.FNC_RD3A) referenced from fx1nfnc.o(.rodata.key_list_3)
 <LI><a href="#[a8]">FNC_REF</a> from fx1nfnc.o(.text.FNC_REF) referenced from fx1nfnc.o(.rodata.key_list_3)
 <LI><a href="#[a9]">FNC_REFF</a> from fx1nfnc.o(.text.FNC_REFF) referenced from fx1nfnc.o(.rodata.key_list_3)
 <LI><a href="#[95]">FNC_ROL</a> from fx1nfnc.o(.text.FNC_ROL) referenced from fx1nfnc.o(.rodata.key_list_3)
 <LI><a href="#[94]">FNC_ROR</a> from fx1nfnc.o(.text.FNC_ROR) referenced from fx1nfnc.o(.rodata.key_list_3)
 <LI><a href="#[ba]">FNC_ROTC</a> from fx1nfnc.o(.text.FNC_ROTC) referenced from fx1nfnc.o(.rodata.key_list_3)
 <LI><a href="#[c6]">FNC_RS</a> from fx1nfnc.o(.text.FNC_RS) referenced from fx1nfnc.o(.rodata.key_list_3)
 <LI><a href="#[bf]">FNC_SEGD</a> from fx1nfnc.o(.text.FNC_SEGD) referenced from fx1nfnc.o(.rodata.key_list_3)
 <LI><a href="#[c0]">FNC_SEGL</a> from fx1nfnc.o(.text.FNC_SEGL) referenced from fx1nfnc.o(.rodata.key_list_3)
 <LI><a href="#[b3]">FNC_SER</a> from fx1nfnc.o(.text.FNC_SER) referenced from fx1nfnc.o(.rodata.key_list_3)
 <LI><a href="#[9d]">FNC_SFRD</a> from fx1nfnc.o(.text.FNC_SFRD) referenced from fx1nfnc.o(.rodata.key_list_3)
 <LI><a href="#[99]">FNC_SFTL</a> from fx1nfnc.o(.text.FNC_SFTL) referenced from fx1nfnc.o(.rodata.key_list_3)
 <LI><a href="#[98]">FNC_SFTR</a> from fx1nfnc.o(.text.FNC_SFTR) referenced from fx1nfnc.o(.rodata.key_list_3)
 <LI><a href="#[9c]">FNC_SFWR</a> from fx1nfnc.o(.text.FNC_SFWR) referenced from fx1nfnc.o(.rodata.key_list_3)
 <LI><a href="#[d9]">FNC_SIN</a> from fx1nfnc.o(.text.FNC_SIN) referenced from fx1nfnc.o(.rodata.key_list_3)
 <LI><a href="#[83]">FNC_SMOV</a> from fx1nfnc.o(.text.FNC_SMOV) referenced from fx1nfnc.o(.rodata.key_list_3)
 <LI><a href="#[a6]">FNC_SOR</a> from fx1nfnc.o(.text.FNC_SOR) referenced from fx1nfnc.o(.rodata.key_list_3)
 <LI><a href="#[bb]">FNC_SORT</a> from fx1nfnc.o(.text.FNC_SORT) referenced from fx1nfnc.o(.rodata.key_list_3)
 <LI><a href="#[ae]">FNC_SPD</a> from fx1nfnc.o(.text.FNC_SPD) referenced from fx1nfnc.o(.rodata.key_list_3)
 <LI><a href="#[78]">FNC_SRET</a> from fx1nfnc.o(.text.FNC_SRET) referenced from fx1nfnc.o(.rodata.key_list_3)
 <LI><a href="#[b7]">FNC_STMR</a> from fx1nfnc.o(.text.FNC_STMR) referenced from fx1nfnc.o(.rodata.key_list_3)
 <LI><a href="#[8b]">FNC_SUB</a> from fx1nfnc.o(.text.FNC_SUB) referenced from fx1nfnc.o(.rodata.key_list_3)
 <LI><a href="#[a1]">FNC_SUM</a> from fx1nfnc.o(.text.FNC_SUM) referenced from fx1nfnc.o(.rodata.key_list_3)
 <LI><a href="#[dc]">FNC_SWAP</a> from fx1nfnc.o(.text.FNC_SWAP) referenced from fx1nfnc.o(.rodata.key_list_3)
 <LI><a href="#[e4]">FNC_TADD</a> from fx1nfnc.o(.text.FNC_TADD) referenced from fx1nfnc.o(.rodata.key_list_3)
 <LI><a href="#[db]">FNC_TAN</a> from fx1nfnc.o(.text.FNC_TAN) referenced from fx1nfnc.o(.rodata.key_list_3)
 <LI><a href="#[e2]">FNC_TCMP</a> from fx1nfnc.o(.text.FNC_TCMP) referenced from fx1nfnc.o(.rodata.key_list_3)
 <LI><a href="#[bc]">FNC_TKY</a> from fx1nfnc.o(.text.FNC_TKY) referenced from fx1nfnc.o(.rodata.key_list_3)
 <LI><a href="#[c5]">FNC_TO</a> from fx1nfnc.o(.text.FNC_TO) referenced from fx1nfnc.o(.rodata.key_list_3)
 <LI><a href="#[e6]">FNC_TRD</a> from fx1nfnc.o(.text.FNC_TRD) referenced from fx1nfnc.o(.rodata.key_list_3)
 <LI><a href="#[e5]">FNC_TSUB</a> from fx1nfnc.o(.text.FNC_TSUB) referenced from fx1nfnc.o(.rodata.key_list_3)
 <LI><a href="#[b6]">FNC_TTMR</a> from fx1nfnc.o(.text.FNC_TTMR) referenced from fx1nfnc.o(.rodata.key_list_3)
 <LI><a href="#[e7]">FNC_TWR</a> from fx1nfnc.o(.text.FNC_TWR) referenced from fx1nfnc.o(.rodata.key_list_3)
 <LI><a href="#[e3]">FNC_TZCP</a> from fx1nfnc.o(.text.FNC_TZCP) referenced from fx1nfnc.o(.rodata.key_list_3)
 <LI><a href="#[cb]">FNC_VRRD</a> from fx1nfnc.o(.text.FNC_VRRD) referenced from fx1nfnc.o(.rodata.key_list_3)
 <LI><a href="#[cc]">FNC_VRSC</a> from fx1nfnc.o(.text.FNC_VRSC) referenced from fx1nfnc.o(.rodata.key_list_3)
 <LI><a href="#[90]">FNC_WAND</a> from fx1nfnc.o(.text.FNC_WAND) referenced from fx1nfnc.o(.rodata.key_list_3)
 <LI><a href="#[7d]">FNC_WDT</a> from fx1nfnc.o(.text.FNC_WDT) referenced from fx1nfnc.o(.rodata.key_list_3)
 <LI><a href="#[91]">FNC_WOR</a> from fx1nfnc.o(.text.FNC_WOR) referenced from fx1nfnc.o(.rodata.key_list_3)
 <LI><a href="#[ec]">FNC_WP3A</a> from fx1nfnc.o(.text.FNC_WP3A) referenced from fx1nfnc.o(.rodata.key_list_3)
 <LI><a href="#[9b]">FNC_WSFL</a> from fx1nfnc.o(.text.FNC_WSFL) referenced from fx1nfnc.o(.rodata.key_list_3)
 <LI><a href="#[9a]">FNC_WSFR</a> from fx1nfnc.o(.text.FNC_WSFR) referenced from fx1nfnc.o(.rodata.key_list_3)
 <LI><a href="#[92]">FNC_WXOR</a> from fx1nfnc.o(.text.FNC_WXOR) referenced from fx1nfnc.o(.rodata.key_list_3)
 <LI><a href="#[87]">FNC_XCH</a> from fx1nfnc.o(.text.FNC_XCH) referenced from fx1nfnc.o(.rodata.key_list_3)
 <LI><a href="#[81]">FNC_ZCP</a> from fx1nfnc.o(.text.FNC_ZCP) referenced from fx1nfnc.o(.rodata.key_list_3)
 <LI><a href="#[de]">FNC_ZRN</a> from fx1nfnc.o(.text.FNC_ZRN) referenced from fx1nfnc.o(.rodata.key_list_3)
 <LI><a href="#[9e]">FNC_ZRST</a> from fx1nfnc.o(.text.FNC_ZRST) referenced from fx1nfnc.o(.rodata.key_list_3)
 <LI><a href="#[42]">GPIO_Init</a> from stm32f10x_gpio.o(.text.GPIO_Init) referenced from main.o(.text.PLC_HW_Init)
 <LI><a href="#[42]">GPIO_Init</a> from stm32f10x_gpio.o(.text.GPIO_Init) referenced from sio.o(.text.sio_open)
 <LI><a href="#[2]">HardFault_Handler</a> from stm32f10x_it.o(.text.HardFault_Handler) referenced from startup_stm32f10x_md.o(RESET)
 <LI><a href="#[2a]">I2C1_ER_IRQHandler</a> from startup_stm32f10x_md.o(.text) referenced from startup_stm32f10x_md.o(RESET)
 <LI><a href="#[29]">I2C1_EV_IRQHandler</a> from startup_stm32f10x_md.o(.text) referenced from startup_stm32f10x_md.o(RESET)
 <LI><a href="#[2c]">I2C2_ER_IRQHandler</a> from startup_stm32f10x_md.o(.text) referenced from startup_stm32f10x_md.o(RESET)
 <LI><a href="#[2b]">I2C2_EV_IRQHandler</a> from startup_stm32f10x_md.o(.text) referenced from startup_stm32f10x_md.o(RESET)
 <LI><a href="#[3d]">INV</a> from fx1nfnc.o(.text.INV) referenced from fx1nfnc.o(.text.CMDCH)
 <LI><a href="#[47]">LD</a> from fx1nfnc.o(.text.LD) referenced from fx1nfnc.o(.text.plc_excute_cmd)
 <LI><a href="#[6c]">LDF</a> from fx1nfnc.o(.text.LDF) referenced from fx1nfnc.o(.rodata.key_list_2)
 <LI><a href="#[6d]">LDFMp</a> from fx1nfnc.o(.text.LDFMp) referenced from fx1nfnc.o(.rodata.key_list_2)
 <LI><a href="#[48]">LDI</a> from fx1nfnc.o(.text.LDI) referenced from fx1nfnc.o(.text.plc_excute_cmd)
 <LI><a href="#[65]">LDIMp</a> from fx1nfnc.o(.text.LDIMp) referenced from fx1nfnc.o(.rodata.key_list_2)
 <LI><a href="#[64]">LDMp</a> from fx1nfnc.o(.text.LDMp) referenced from fx1nfnc.o(.rodata.key_list_2)
 <LI><a href="#[6a]">LDP</a> from fx1nfnc.o(.text.LDP) referenced from fx1nfnc.o(.rodata.key_list_2)
 <LI><a href="#[6b]">LDPMp</a> from fx1nfnc.o(.text.LDPMp) referenced from fx1nfnc.o(.rodata.key_list_2)
 <LI><a href="#[60]">MC</a> from fx1nfnc.o(.text.MC) referenced from fx1nfnc.o(.rodata.key_list_1)
 <LI><a href="#[61]">MCR</a> from fx1nfnc.o(.text.MCR) referenced from fx1nfnc.o(.rodata.key_list_1)
 <LI><a href="#[3c]">MPP</a> from fx1nfnc.o(.text.MPP) referenced from fx1nfnc.o(.text.CMDCH)
 <LI><a href="#[3a]">MPS</a> from fx1nfnc.o(.text.MPS) referenced from fx1nfnc.o(.text.CMDCH)
 <LI><a href="#[3b]">MRD</a> from fx1nfnc.o(.text.MRD) referenced from fx1nfnc.o(.text.CMDCH)
 <LI><a href="#[3]">MemManage_Handler</a> from stm32f10x_it.o(.text.MemManage_Handler) referenced from startup_stm32f10x_md.o(RESET)
 <LI><a href="#[1]">NMI_Handler</a> from stm32f10x_it.o(.text.NMI_Handler) referenced from startup_stm32f10x_md.o(RESET)
 <LI><a href="#[3e]">NOP</a> from fx1nfnc.o(.text.NOP) referenced from fx1nfnc.o(.text.CMDCH)
 <LI><a href="#[37]">NULLCMD</a> from fx1nfnc.o(.text.NULLCMD) referenced 9 times from fx1nfnc.o(.text.CMDCH)
 <LI><a href="#[4b]">OR</a> from fx1nfnc.o(.text.OR) referenced from fx1nfnc.o(.text.plc_excute_cmd)
 <LI><a href="#[39]">ORB</a> from fx1nfnc.o(.text.ORB) referenced from fx1nfnc.o(.text.CMDCH)
 <LI><a href="#[74]">ORF</a> from fx1nfnc.o(.text.ORF) referenced from fx1nfnc.o(.rodata.key_list_2)
 <LI><a href="#[75]">ORFMp</a> from fx1nfnc.o(.text.ORFMp) referenced from fx1nfnc.o(.rodata.key_list_2)
 <LI><a href="#[4c]">ORI</a> from fx1nfnc.o(.text.ORI) referenced from fx1nfnc.o(.text.plc_excute_cmd)
 <LI><a href="#[69]">ORIMp</a> from fx1nfnc.o(.text.ORIMp) referenced from fx1nfnc.o(.rodata.key_list_2)
 <LI><a href="#[68]">ORMp</a> from fx1nfnc.o(.text.ORMp) referenced from fx1nfnc.o(.rodata.key_list_2)
 <LI><a href="#[72]">ORP</a> from fx1nfnc.o(.text.ORP) referenced from fx1nfnc.o(.rodata.key_list_2)
 <LI><a href="#[73]">ORPMp</a> from fx1nfnc.o(.text.ORPMp) referenced from fx1nfnc.o(.rodata.key_list_2)
 <LI><a href="#[55]">OUTM8xxx</a> from fx1nfnc.o(.text.OUTM8xxx) referenced from fx1nfnc.o(.rodata.key_list_1)
 <LI><a href="#[56]">OUTMp</a> from fx1nfnc.o(.text.OUTMp) referenced from fx1nfnc.o(.rodata.key_list_1)
 <LI><a href="#[5b]">OUTS</a> from fx1nfnc.o(.text.OUTS) referenced from fx1nfnc.o(.rodata.key_list_1)
 <LI><a href="#[4e]">OUTYM</a> from fx1nfnc.o(.text.OUTYM) referenced from fx1nfnc.o(.text.plc_excute_cmd)
 <LI><a href="#[5f]">PLF</a> from fx1nfnc.o(.text.PLF) referenced from fx1nfnc.o(.rodata.key_list_1)
 <LI><a href="#[5e]">PLS</a> from fx1nfnc.o(.text.PLS) referenced from fx1nfnc.o(.rodata.key_list_1)
 <LI><a href="#[b]">PVD_IRQHandler</a> from stm32f10x_it.o(.text.PVD_IRQHandler) referenced from startup_stm32f10x_md.o(RESET)
 <LI><a href="#[8]">PendSV_Handler</a> from stm32f10x_it.o(.text.PendSV_Handler) referenced from startup_stm32f10x_md.o(RESET)
 <LI><a href="#[53]">RCC_APB2PeriphClockCmd</a> from stm32f10x_rcc.o(.text.RCC_APB2PeriphClockCmd) referenced from sio.o(.text.sio_open)
 <LI><a href="#[f]">RCC_IRQHandler</a> from startup_stm32f10x_md.o(.text) referenced from startup_stm32f10x_md.o(RESET)
 <LI><a href="#[40]">RD_ADDR</a> from fx1nfnc.o(.text.RD_ADDR) referenced from fx1nfnc.o(.text.FNC_ZCP)
 <LI><a href="#[63]">RSTD</a> from fx1nfnc.o(.text.RSTD) referenced from fx1nfnc.o(.rodata.key_list_1)
 <LI><a href="#[59]">RSTM8xxx</a> from fx1nfnc.o(.text.RSTM8xxx) referenced from fx1nfnc.o(.rodata.key_list_1)
 <LI><a href="#[5a]">RSTMp</a> from fx1nfnc.o(.text.RSTMp) referenced from fx1nfnc.o(.rodata.key_list_1)
 <LI><a href="#[5d]">RSTS</a> from fx1nfnc.o(.text.RSTS) referenced from fx1nfnc.o(.rodata.key_list_1)
 <LI><a href="#[62]">RSTTC</a> from fx1nfnc.o(.text.RSTTC) referenced from fx1nfnc.o(.rodata.key_list_1)
 <LI><a href="#[50]">RSTYM</a> from fx1nfnc.o(.text.RSTYM) referenced from fx1nfnc.o(.text.plc_excute_cmd)
 <LI><a href="#[33]">RTCAlarm_IRQHandler</a> from startup_stm32f10x_md.o(.text) referenced from startup_stm32f10x_md.o(RESET)
 <LI><a href="#[d]">RTC_IRQHandler</a> from startup_stm32f10x_md.o(.text) referenced from startup_stm32f10x_md.o(RESET)
 <LI><a href="#[0]">Reset_Handler</a> from startup_stm32f10x_md.o(.text) referenced from startup_stm32f10x_md.o(RESET)
 <LI><a href="#[57]">SETM8xxx</a> from fx1nfnc.o(.text.SETM8xxx) referenced from fx1nfnc.o(.rodata.key_list_1)
 <LI><a href="#[58]">SETMp</a> from fx1nfnc.o(.text.SETMp) referenced from fx1nfnc.o(.rodata.key_list_1)
 <LI><a href="#[5c]">SETS</a> from fx1nfnc.o(.text.SETS) referenced from fx1nfnc.o(.rodata.key_list_1)
 <LI><a href="#[4f]">SETYM</a> from fx1nfnc.o(.text.SETYM) referenced from fx1nfnc.o(.text.plc_excute_cmd)
 <LI><a href="#[2d]">SPI1_IRQHandler</a> from startup_stm32f10x_md.o(.text) referenced from startup_stm32f10x_md.o(RESET)
 <LI><a href="#[2e]">SPI2_IRQHandler</a> from startup_stm32f10x_md.o(.text) referenced from startup_stm32f10x_md.o(RESET)
 <LI><a href="#[6]">SVC_Handler</a> from stm32f10x_it.o(.text.SVC_Handler) referenced from startup_stm32f10x_md.o(RESET)
 <LI><a href="#[9]">SysTick_Handler</a> from systick.o(.text.SysTick_Handler) referenced from startup_stm32f10x_md.o(RESET)
 <LI><a href="#[35]">SystemInit</a> from system_stm32f10x.o(.text.SystemInit) referenced from startup_stm32f10x_md.o(.text)
 <LI><a href="#[c]">TAMPER_IRQHandler</a> from startup_stm32f10x_md.o(.text) referenced from startup_stm32f10x_md.o(RESET)
 <LI><a href="#[22]">TIM1_BRK_IRQHandler</a> from startup_stm32f10x_md.o(.text) referenced from startup_stm32f10x_md.o(RESET)
 <LI><a href="#[25]">TIM1_CC_IRQHandler</a> from startup_stm32f10x_md.o(.text) referenced from startup_stm32f10x_md.o(RESET)
 <LI><a href="#[24]">TIM1_TRG_COM_IRQHandler</a> from startup_stm32f10x_md.o(.text) referenced from startup_stm32f10x_md.o(RESET)
 <LI><a href="#[23]">TIM1_UP_IRQHandler</a> from startup_stm32f10x_md.o(.text) referenced from startup_stm32f10x_md.o(RESET)
 <LI><a href="#[26]">TIM2_IRQHandler</a> from startup_stm32f10x_md.o(.text) referenced from startup_stm32f10x_md.o(RESET)
 <LI><a href="#[27]">TIM3_IRQHandler</a> from startup_stm32f10x_md.o(.text) referenced from startup_stm32f10x_md.o(RESET)
 <LI><a href="#[28]">TIM4_IRQHandler</a> from startup_stm32f10x_md.o(.text) referenced from startup_stm32f10x_md.o(RESET)
 <LI><a href="#[2f]">USART1_IRQHandler</a> from sio.o(.text.USART1_IRQHandler) referenced from startup_stm32f10x_md.o(RESET)
 <LI><a href="#[30]">USART2_IRQHandler</a> from sio.o(.text.USART2_IRQHandler) referenced from startup_stm32f10x_md.o(RESET)
 <LI><a href="#[31]">USART3_IRQHandler</a> from startup_stm32f10x_md.o(.text) referenced from startup_stm32f10x_md.o(RESET)
 <LI><a href="#[54]">USART_ITConfig</a> from stm32f10x_usart.o(.text.USART_ITConfig) referenced from sio.o(.text.sio_open)
 <LI><a href="#[34]">USBWakeUp_IRQHandler</a> from startup_stm32f10x_md.o(.text) referenced from startup_stm32f10x_md.o(RESET)
 <LI><a href="#[1d]">USB_HP_CAN1_TX_IRQHandler</a> from startup_stm32f10x_md.o(.text) referenced from startup_stm32f10x_md.o(RESET)
 <LI><a href="#[1e]">USB_LP_CAN1_RX0_IRQHandler</a> from startup_stm32f10x_md.o(.text) referenced from startup_stm32f10x_md.o(RESET)
 <LI><a href="#[5]">UsageFault_Handler</a> from stm32f10x_it.o(.text.UsageFault_Handler) referenced from startup_stm32f10x_md.o(RESET)
 <LI><a href="#[3f]">WR_ADDR</a> from fx1nfnc.o(.text.WR_ADDR) referenced from fx1nfnc.o(.text.FNC_CMP)
 <LI><a href="#[a]">WWDG_IRQHandler</a> from startup_stm32f10x_md.o(.text) referenced from startup_stm32f10x_md.o(RESET)
 <LI><a href="#[36]">__main</a> from __main.o(!!!main) referenced from startup_stm32f10x_md.o(.text)
 <LI><a href="#[41]">iap_write_array</a> from fx1niap.o(.text.iap_write_array) referenced from fx1n.o(.text.FX1NPLCSoftwareVerCheck)
 <LI><a href="#[52]">read_end</a> from main.o(.text.read_end) referenced from main.o(.text.read_end)
 <LI><a href="#[43]">str_copy</a> from fx1nhelper.o(.text.str_copy) referenced from fx1n.o(.text.fx1n_reg_bk)
 <LI><a href="#[44]">write_end</a> from main.o(.text.write_end) referenced from main.o(.text.main)
</UL>
<P>
<H3>
Global Symbols
</H3>
<P><STRONG><a name="[36]"></a>__main</STRONG> (Thumb, 8 bytes, Stack size 0 bytes, __main.o(!!!main))
<BR><BR>[Calls]<UL><LI><a href="#[ff]">&gt;&gt;</a>&nbsp;&nbsp;&nbsp;__scatterload
<LI><a href="#[100]">&gt;&gt;</a>&nbsp;&nbsp;&nbsp;__rt_entry
</UL>
<BR>[Address Reference Count : 1]<UL><LI> startup_stm32f10x_md.o(.text)
</UL>
<P><STRONG><a name="[ff]"></a>__scatterload</STRONG> (Thumb, 0 bytes, Stack size unknown bytes, __scatter.o(!!!scatter))
<BR><BR>[Called By]<UL><LI><a href="#[36]">&gt;&gt;</a>&nbsp;&nbsp;&nbsp;__main
</UL>

<P><STRONG><a name="[101]"></a>__scatterload_rt2</STRONG> (Thumb, 44 bytes, Stack size unknown bytes, __scatter.o(!!!scatter), UNUSED)
<BR><BR>[Calls]<UL><LI><a href="#[100]">&gt;&gt;</a>&nbsp;&nbsp;&nbsp;__rt_entry
</UL>

<P><STRONG><a name="[182]"></a>__scatterload_rt2_thumb_only</STRONG> (Thumb, 0 bytes, Stack size unknown bytes, __scatter.o(!!!scatter), UNUSED)

<P><STRONG><a name="[183]"></a>__scatterload_null</STRONG> (Thumb, 0 bytes, Stack size unknown bytes, __scatter.o(!!!scatter), UNUSED)

<P><STRONG><a name="[102]"></a>__scatterload_copy</STRONG> (Thumb, 26 bytes, Stack size unknown bytes, __scatter_copy.o(!!handler_copy), UNUSED)
<BR><BR>[Calls]<UL><LI><a href="#[102]">&gt;&gt;</a>&nbsp;&nbsp;&nbsp;__scatterload_copy
</UL>
<BR>[Called By]<UL><LI><a href="#[102]">&gt;&gt;</a>&nbsp;&nbsp;&nbsp;__scatterload_copy
</UL>

<P><STRONG><a name="[184]"></a>__scatterload_zeroinit</STRONG> (Thumb, 28 bytes, Stack size unknown bytes, __scatter_zi.o(!!handler_zi), UNUSED)

<P><STRONG><a name="[106]"></a>__rt_lib_init</STRONG> (Thumb, 0 bytes, Stack size unknown bytes, libinit.o(.ARM.Collect$$libinit$$00000000))
<BR><BR>[Called By]<UL><LI><a href="#[105]">&gt;&gt;</a>&nbsp;&nbsp;&nbsp;__rt_entry_li
</UL>

<P><STRONG><a name="[185]"></a>__rt_lib_init_alloca_1</STRONG> (Thumb, 0 bytes, Stack size unknown bytes, libinit2.o(.ARM.Collect$$libinit$$0000002E))

<P><STRONG><a name="[186]"></a>__rt_lib_init_argv_1</STRONG> (Thumb, 0 bytes, Stack size unknown bytes, libinit2.o(.ARM.Collect$$libinit$$0000002C))

<P><STRONG><a name="[187]"></a>__rt_lib_init_atexit_1</STRONG> (Thumb, 0 bytes, Stack size unknown bytes, libinit2.o(.ARM.Collect$$libinit$$0000001B))

<P><STRONG><a name="[188]"></a>__rt_lib_init_clock_1</STRONG> (Thumb, 0 bytes, Stack size unknown bytes, libinit2.o(.ARM.Collect$$libinit$$00000021))

<P><STRONG><a name="[189]"></a>__rt_lib_init_cpp_1</STRONG> (Thumb, 0 bytes, Stack size unknown bytes, libinit2.o(.ARM.Collect$$libinit$$00000032))

<P><STRONG><a name="[18a]"></a>__rt_lib_init_exceptions_1</STRONG> (Thumb, 0 bytes, Stack size unknown bytes, libinit2.o(.ARM.Collect$$libinit$$00000030))

<P><STRONG><a name="[18b]"></a>__rt_lib_init_fp_1</STRONG> (Thumb, 0 bytes, Stack size unknown bytes, libinit2.o(.ARM.Collect$$libinit$$00000002))

<P><STRONG><a name="[18c]"></a>__rt_lib_init_fp_trap_1</STRONG> (Thumb, 0 bytes, Stack size unknown bytes, libinit2.o(.ARM.Collect$$libinit$$0000001F))

<P><STRONG><a name="[18d]"></a>__rt_lib_init_getenv_1</STRONG> (Thumb, 0 bytes, Stack size unknown bytes, libinit2.o(.ARM.Collect$$libinit$$00000023))

<P><STRONG><a name="[18e]"></a>__rt_lib_init_heap_1</STRONG> (Thumb, 0 bytes, Stack size unknown bytes, libinit2.o(.ARM.Collect$$libinit$$0000000A))

<P><STRONG><a name="[18f]"></a>__rt_lib_init_lc_collate_1</STRONG> (Thumb, 0 bytes, Stack size unknown bytes, libinit2.o(.ARM.Collect$$libinit$$00000011))

<P><STRONG><a name="[190]"></a>__rt_lib_init_lc_ctype_1</STRONG> (Thumb, 0 bytes, Stack size unknown bytes, libinit2.o(.ARM.Collect$$libinit$$00000013))

<P><STRONG><a name="[191]"></a>__rt_lib_init_lc_monetary_1</STRONG> (Thumb, 0 bytes, Stack size unknown bytes, libinit2.o(.ARM.Collect$$libinit$$00000015))

<P><STRONG><a name="[192]"></a>__rt_lib_init_lc_numeric_1</STRONG> (Thumb, 0 bytes, Stack size unknown bytes, libinit2.o(.ARM.Collect$$libinit$$00000017))

<P><STRONG><a name="[193]"></a>__rt_lib_init_lc_time_1</STRONG> (Thumb, 0 bytes, Stack size unknown bytes, libinit2.o(.ARM.Collect$$libinit$$00000019))

<P><STRONG><a name="[194]"></a>__rt_lib_init_preinit_1</STRONG> (Thumb, 0 bytes, Stack size unknown bytes, libinit2.o(.ARM.Collect$$libinit$$00000004))

<P><STRONG><a name="[195]"></a>__rt_lib_init_rand_1</STRONG> (Thumb, 0 bytes, Stack size unknown bytes, libinit2.o(.ARM.Collect$$libinit$$0000000E))

<P><STRONG><a name="[196]"></a>__rt_lib_init_return</STRONG> (Thumb, 0 bytes, Stack size unknown bytes, libinit2.o(.ARM.Collect$$libinit$$00000033))

<P><STRONG><a name="[197]"></a>__rt_lib_init_signal_1</STRONG> (Thumb, 0 bytes, Stack size unknown bytes, libinit2.o(.ARM.Collect$$libinit$$0000001D))

<P><STRONG><a name="[198]"></a>__rt_lib_init_stdio_1</STRONG> (Thumb, 0 bytes, Stack size unknown bytes, libinit2.o(.ARM.Collect$$libinit$$00000025))

<P><STRONG><a name="[199]"></a>__rt_lib_init_user_alloc_1</STRONG> (Thumb, 0 bytes, Stack size unknown bytes, libinit2.o(.ARM.Collect$$libinit$$0000000C))

<P><STRONG><a name="[10b]"></a>__rt_lib_shutdown</STRONG> (Thumb, 0 bytes, Stack size unknown bytes, libshutdown.o(.ARM.Collect$$libshutdown$$00000000))
<BR><BR>[Called By]<UL><LI><a href="#[10a]">&gt;&gt;</a>&nbsp;&nbsp;&nbsp;__rt_exit_ls
</UL>

<P><STRONG><a name="[19a]"></a>__rt_lib_shutdown_cpp_1</STRONG> (Thumb, 0 bytes, Stack size unknown bytes, libshutdown2.o(.ARM.Collect$$libshutdown$$00000002))

<P><STRONG><a name="[19b]"></a>__rt_lib_shutdown_fp_trap_1</STRONG> (Thumb, 0 bytes, Stack size unknown bytes, libshutdown2.o(.ARM.Collect$$libshutdown$$00000007))

<P><STRONG><a name="[19c]"></a>__rt_lib_shutdown_heap_1</STRONG> (Thumb, 0 bytes, Stack size unknown bytes, libshutdown2.o(.ARM.Collect$$libshutdown$$0000000F))

<P><STRONG><a name="[19d]"></a>__rt_lib_shutdown_return</STRONG> (Thumb, 0 bytes, Stack size unknown bytes, libshutdown2.o(.ARM.Collect$$libshutdown$$00000010))

<P><STRONG><a name="[19e]"></a>__rt_lib_shutdown_signal_1</STRONG> (Thumb, 0 bytes, Stack size unknown bytes, libshutdown2.o(.ARM.Collect$$libshutdown$$0000000A))

<P><STRONG><a name="[19f]"></a>__rt_lib_shutdown_stdio_1</STRONG> (Thumb, 0 bytes, Stack size unknown bytes, libshutdown2.o(.ARM.Collect$$libshutdown$$00000004))

<P><STRONG><a name="[1a0]"></a>__rt_lib_shutdown_user_alloc_1</STRONG> (Thumb, 0 bytes, Stack size unknown bytes, libshutdown2.o(.ARM.Collect$$libshutdown$$0000000C))

<P><STRONG><a name="[100]"></a>__rt_entry</STRONG> (Thumb, 0 bytes, Stack size unknown bytes, __rtentry.o(.ARM.Collect$$rtentry$$00000000))
<BR><BR>[Called By]<UL><LI><a href="#[101]">&gt;&gt;</a>&nbsp;&nbsp;&nbsp;__scatterload_rt2
<LI><a href="#[36]">&gt;&gt;</a>&nbsp;&nbsp;&nbsp;__main
</UL>

<P><STRONG><a name="[1a1]"></a>__rt_entry_presh_1</STRONG> (Thumb, 0 bytes, Stack size unknown bytes, __rtentry2.o(.ARM.Collect$$rtentry$$00000002))

<P><STRONG><a name="[103]"></a>__rt_entry_sh</STRONG> (Thumb, 0 bytes, Stack size unknown bytes, __rtentry4.o(.ARM.Collect$$rtentry$$00000004))
<BR><BR>[Stack]<UL><LI>Max Depth = 8 + Unknown Stack Size
<LI>Call Chain = __rt_entry_sh &rArr; __user_setup_stackheap
</UL>
<BR>[Calls]<UL><LI><a href="#[104]">&gt;&gt;</a>&nbsp;&nbsp;&nbsp;__user_setup_stackheap
</UL>

<P><STRONG><a name="[105]"></a>__rt_entry_li</STRONG> (Thumb, 0 bytes, Stack size unknown bytes, __rtentry2.o(.ARM.Collect$$rtentry$$0000000A))
<BR><BR>[Calls]<UL><LI><a href="#[106]">&gt;&gt;</a>&nbsp;&nbsp;&nbsp;__rt_lib_init
</UL>

<P><STRONG><a name="[1a2]"></a>__rt_entry_postsh_1</STRONG> (Thumb, 0 bytes, Stack size unknown bytes, __rtentry2.o(.ARM.Collect$$rtentry$$00000009))

<P><STRONG><a name="[107]"></a>__rt_entry_main</STRONG> (Thumb, 0 bytes, Stack size unknown bytes, __rtentry2.o(.ARM.Collect$$rtentry$$0000000D))
<BR><BR>[Stack]<UL><LI>Max Depth = 188 + Unknown Stack Size
<LI>Call Chain = __rt_entry_main &rArr; main &rArr; sio_open &rArr; USART_DMA_Config &rArr; DMA_Init
</UL>
<BR>[Calls]<UL><LI><a href="#[108]">&gt;&gt;</a>&nbsp;&nbsp;&nbsp;main
<LI><a href="#[109]">&gt;&gt;</a>&nbsp;&nbsp;&nbsp;exit
</UL>

<P><STRONG><a name="[1a3]"></a>__rt_entry_postli_1</STRONG> (Thumb, 0 bytes, Stack size unknown bytes, __rtentry2.o(.ARM.Collect$$rtentry$$0000000C))

<P><STRONG><a name="[110]"></a>__rt_exit</STRONG> (Thumb, 0 bytes, Stack size unknown bytes, rtexit.o(.ARM.Collect$$rtexit$$00000000))
<BR><BR>[Called By]<UL><LI><a href="#[109]">&gt;&gt;</a>&nbsp;&nbsp;&nbsp;exit
</UL>

<P><STRONG><a name="[10a]"></a>__rt_exit_ls</STRONG> (Thumb, 0 bytes, Stack size unknown bytes, rtexit2.o(.ARM.Collect$$rtexit$$00000003))
<BR><BR>[Calls]<UL><LI><a href="#[10b]">&gt;&gt;</a>&nbsp;&nbsp;&nbsp;__rt_lib_shutdown
</UL>

<P><STRONG><a name="[1a4]"></a>__rt_exit_prels_1</STRONG> (Thumb, 0 bytes, Stack size unknown bytes, rtexit2.o(.ARM.Collect$$rtexit$$00000002))

<P><STRONG><a name="[10c]"></a>__rt_exit_exit</STRONG> (Thumb, 0 bytes, Stack size unknown bytes, rtexit2.o(.ARM.Collect$$rtexit$$00000004))
<BR><BR>[Calls]<UL><LI><a href="#[10d]">&gt;&gt;</a>&nbsp;&nbsp;&nbsp;_sys_exit
</UL>

<P><STRONG><a name="[15f]"></a>OS_CPU_SR_Save</STRONG> (Thumb, 0 bytes, Stack size unknown bytes, port_a.o(.text))
<BR><BR>[Called By]<UL><LI><a href="#[14e]">&gt;&gt;</a>&nbsp;&nbsp;&nbsp;usart_interrupt
<LI><a href="#[117]">&gt;&gt;</a>&nbsp;&nbsp;&nbsp;dma_write_interrupt
<LI><a href="#[108]">&gt;&gt;</a>&nbsp;&nbsp;&nbsp;main
<LI><a href="#[44]">&gt;&gt;</a>&nbsp;&nbsp;&nbsp;write_end
<LI><a href="#[52]">&gt;&gt;</a>&nbsp;&nbsp;&nbsp;read_end
</UL>

<P><STRONG><a name="[163]"></a>OS_CPU_SR_Restore</STRONG> (Thumb, 0 bytes, Stack size unknown bytes, port_a.o(.text))
<BR><BR>[Called By]<UL><LI><a href="#[14e]">&gt;&gt;</a>&nbsp;&nbsp;&nbsp;usart_interrupt
<LI><a href="#[117]">&gt;&gt;</a>&nbsp;&nbsp;&nbsp;dma_write_interrupt
<LI><a href="#[108]">&gt;&gt;</a>&nbsp;&nbsp;&nbsp;main
<LI><a href="#[44]">&gt;&gt;</a>&nbsp;&nbsp;&nbsp;write_end
<LI><a href="#[52]">&gt;&gt;</a>&nbsp;&nbsp;&nbsp;read_end
</UL>

<P><STRONG><a name="[0]"></a>Reset_Handler</STRONG> (Thumb, 8 bytes, Stack size 0 bytes, startup_stm32f10x_md.o(.text))
<BR>[Address Reference Count : 1]<UL><LI> startup_stm32f10x_md.o(RESET)
</UL>
<P><STRONG><a name="[1c]"></a>ADC1_2_IRQHandler</STRONG> (Thumb, 0 bytes, Stack size 0 bytes, startup_stm32f10x_md.o(.text))
<BR><BR>[Calls]<UL><LI><a href="#[1c]">&gt;&gt;</a>&nbsp;&nbsp;&nbsp;ADC1_2_IRQHandler
</UL>
<BR>[Called By]<UL><LI><a href="#[1c]">&gt;&gt;</a>&nbsp;&nbsp;&nbsp;ADC1_2_IRQHandler
</UL>
<BR>[Address Reference Count : 1]<UL><LI> startup_stm32f10x_md.o(RESET)
</UL>
<P><STRONG><a name="[1f]"></a>CAN1_RX1_IRQHandler</STRONG> (Thumb, 0 bytes, Stack size 0 bytes, startup_stm32f10x_md.o(.text))
<BR>[Address Reference Count : 1]<UL><LI> startup_stm32f10x_md.o(RESET)
</UL>
<P><STRONG><a name="[20]"></a>CAN1_SCE_IRQHandler</STRONG> (Thumb, 0 bytes, Stack size 0 bytes, startup_stm32f10x_md.o(.text))
<BR>[Address Reference Count : 1]<UL><LI> startup_stm32f10x_md.o(RESET)
</UL>
<P><STRONG><a name="[15]"></a>DMA1_Channel1_IRQHandler</STRONG> (Thumb, 0 bytes, Stack size 0 bytes, startup_stm32f10x_md.o(.text))
<BR>[Address Reference Count : 1]<UL><LI> startup_stm32f10x_md.o(RESET)
</UL>
<P><STRONG><a name="[16]"></a>DMA1_Channel2_IRQHandler</STRONG> (Thumb, 0 bytes, Stack size 0 bytes, startup_stm32f10x_md.o(.text))
<BR>[Address Reference Count : 1]<UL><LI> startup_stm32f10x_md.o(RESET)
</UL>
<P><STRONG><a name="[17]"></a>DMA1_Channel3_IRQHandler</STRONG> (Thumb, 0 bytes, Stack size 0 bytes, startup_stm32f10x_md.o(.text))
<BR>[Address Reference Count : 1]<UL><LI> startup_stm32f10x_md.o(RESET)
</UL>
<P><STRONG><a name="[19]"></a>DMA1_Channel5_IRQHandler</STRONG> (Thumb, 0 bytes, Stack size 0 bytes, startup_stm32f10x_md.o(.text))
<BR>[Address Reference Count : 1]<UL><LI> startup_stm32f10x_md.o(RESET)
</UL>
<P><STRONG><a name="[1a]"></a>DMA1_Channel6_IRQHandler</STRONG> (Thumb, 0 bytes, Stack size 0 bytes, startup_stm32f10x_md.o(.text))
<BR>[Address Reference Count : 1]<UL><LI> startup_stm32f10x_md.o(RESET)
</UL>
<P><STRONG><a name="[10]"></a>EXTI0_IRQHandler</STRONG> (Thumb, 0 bytes, Stack size 0 bytes, startup_stm32f10x_md.o(.text))
<BR>[Address Reference Count : 1]<UL><LI> startup_stm32f10x_md.o(RESET)
</UL>
<P><STRONG><a name="[32]"></a>EXTI15_10_IRQHandler</STRONG> (Thumb, 0 bytes, Stack size 0 bytes, startup_stm32f10x_md.o(.text))
<BR>[Address Reference Count : 1]<UL><LI> startup_stm32f10x_md.o(RESET)
</UL>
<P><STRONG><a name="[11]"></a>EXTI1_IRQHandler</STRONG> (Thumb, 0 bytes, Stack size 0 bytes, startup_stm32f10x_md.o(.text))
<BR>[Address Reference Count : 1]<UL><LI> startup_stm32f10x_md.o(RESET)
</UL>
<P><STRONG><a name="[12]"></a>EXTI2_IRQHandler</STRONG> (Thumb, 0 bytes, Stack size 0 bytes, startup_stm32f10x_md.o(.text))
<BR>[Address Reference Count : 1]<UL><LI> startup_stm32f10x_md.o(RESET)
</UL>
<P><STRONG><a name="[13]"></a>EXTI3_IRQHandler</STRONG> (Thumb, 0 bytes, Stack size 0 bytes, startup_stm32f10x_md.o(.text))
<BR>[Address Reference Count : 1]<UL><LI> startup_stm32f10x_md.o(RESET)
</UL>
<P><STRONG><a name="[14]"></a>EXTI4_IRQHandler</STRONG> (Thumb, 0 bytes, Stack size 0 bytes, startup_stm32f10x_md.o(.text))
<BR>[Address Reference Count : 1]<UL><LI> startup_stm32f10x_md.o(RESET)
</UL>
<P><STRONG><a name="[21]"></a>EXTI9_5_IRQHandler</STRONG> (Thumb, 0 bytes, Stack size 0 bytes, startup_stm32f10x_md.o(.text))
<BR>[Address Reference Count : 1]<UL><LI> startup_stm32f10x_md.o(RESET)
</UL>
<P><STRONG><a name="[e]"></a>FLASH_IRQHandler</STRONG> (Thumb, 0 bytes, Stack size 0 bytes, startup_stm32f10x_md.o(.text))
<BR>[Address Reference Count : 1]<UL><LI> startup_stm32f10x_md.o(RESET)
</UL>
<P><STRONG><a name="[2a]"></a>I2C1_ER_IRQHandler</STRONG> (Thumb, 0 bytes, Stack size 0 bytes, startup_stm32f10x_md.o(.text))
<BR>[Address Reference Count : 1]<UL><LI> startup_stm32f10x_md.o(RESET)
</UL>
<P><STRONG><a name="[29]"></a>I2C1_EV_IRQHandler</STRONG> (Thumb, 0 bytes, Stack size 0 bytes, startup_stm32f10x_md.o(.text))
<BR>[Address Reference Count : 1]<UL><LI> startup_stm32f10x_md.o(RESET)
</UL>
<P><STRONG><a name="[2c]"></a>I2C2_ER_IRQHandler</STRONG> (Thumb, 0 bytes, Stack size 0 bytes, startup_stm32f10x_md.o(.text))
<BR>[Address Reference Count : 1]<UL><LI> startup_stm32f10x_md.o(RESET)
</UL>
<P><STRONG><a name="[2b]"></a>I2C2_EV_IRQHandler</STRONG> (Thumb, 0 bytes, Stack size 0 bytes, startup_stm32f10x_md.o(.text))
<BR>[Address Reference Count : 1]<UL><LI> startup_stm32f10x_md.o(RESET)
</UL>
<P><STRONG><a name="[f]"></a>RCC_IRQHandler</STRONG> (Thumb, 0 bytes, Stack size 0 bytes, startup_stm32f10x_md.o(.text))
<BR>[Address Reference Count : 1]<UL><LI> startup_stm32f10x_md.o(RESET)
</UL>
<P><STRONG><a name="[33]"></a>RTCAlarm_IRQHandler</STRONG> (Thumb, 0 bytes, Stack size 0 bytes, startup_stm32f10x_md.o(.text))
<BR>[Address Reference Count : 1]<UL><LI> startup_stm32f10x_md.o(RESET)
</UL>
<P><STRONG><a name="[d]"></a>RTC_IRQHandler</STRONG> (Thumb, 0 bytes, Stack size 0 bytes, startup_stm32f10x_md.o(.text))
<BR>[Address Reference Count : 1]<UL><LI> startup_stm32f10x_md.o(RESET)
</UL>
<P><STRONG><a name="[2d]"></a>SPI1_IRQHandler</STRONG> (Thumb, 0 bytes, Stack size 0 bytes, startup_stm32f10x_md.o(.text))
<BR>[Address Reference Count : 1]<UL><LI> startup_stm32f10x_md.o(RESET)
</UL>
<P><STRONG><a name="[2e]"></a>SPI2_IRQHandler</STRONG> (Thumb, 0 bytes, Stack size 0 bytes, startup_stm32f10x_md.o(.text))
<BR>[Address Reference Count : 1]<UL><LI> startup_stm32f10x_md.o(RESET)
</UL>
<P><STRONG><a name="[c]"></a>TAMPER_IRQHandler</STRONG> (Thumb, 0 bytes, Stack size 0 bytes, startup_stm32f10x_md.o(.text))
<BR>[Address Reference Count : 1]<UL><LI> startup_stm32f10x_md.o(RESET)
</UL>
<P><STRONG><a name="[22]"></a>TIM1_BRK_IRQHandler</STRONG> (Thumb, 0 bytes, Stack size 0 bytes, startup_stm32f10x_md.o(.text))
<BR>[Address Reference Count : 1]<UL><LI> startup_stm32f10x_md.o(RESET)
</UL>
<P><STRONG><a name="[25]"></a>TIM1_CC_IRQHandler</STRONG> (Thumb, 0 bytes, Stack size 0 bytes, startup_stm32f10x_md.o(.text))
<BR>[Address Reference Count : 1]<UL><LI> startup_stm32f10x_md.o(RESET)
</UL>
<P><STRONG><a name="[24]"></a>TIM1_TRG_COM_IRQHandler</STRONG> (Thumb, 0 bytes, Stack size 0 bytes, startup_stm32f10x_md.o(.text))
<BR>[Address Reference Count : 1]<UL><LI> startup_stm32f10x_md.o(RESET)
</UL>
<P><STRONG><a name="[23]"></a>TIM1_UP_IRQHandler</STRONG> (Thumb, 0 bytes, Stack size 0 bytes, startup_stm32f10x_md.o(.text))
<BR>[Address Reference Count : 1]<UL><LI> startup_stm32f10x_md.o(RESET)
</UL>
<P><STRONG><a name="[26]"></a>TIM2_IRQHandler</STRONG> (Thumb, 0 bytes, Stack size 0 bytes, startup_stm32f10x_md.o(.text))
<BR>[Address Reference Count : 1]<UL><LI> startup_stm32f10x_md.o(RESET)
</UL>
<P><STRONG><a name="[27]"></a>TIM3_IRQHandler</STRONG> (Thumb, 0 bytes, Stack size 0 bytes, startup_stm32f10x_md.o(.text))
<BR>[Address Reference Count : 1]<UL><LI> startup_stm32f10x_md.o(RESET)
</UL>
<P><STRONG><a name="[28]"></a>TIM4_IRQHandler</STRONG> (Thumb, 0 bytes, Stack size 0 bytes, startup_stm32f10x_md.o(.text))
<BR>[Address Reference Count : 1]<UL><LI> startup_stm32f10x_md.o(RESET)
</UL>
<P><STRONG><a name="[31]"></a>USART3_IRQHandler</STRONG> (Thumb, 0 bytes, Stack size 0 bytes, startup_stm32f10x_md.o(.text))
<BR>[Address Reference Count : 1]<UL><LI> startup_stm32f10x_md.o(RESET)
</UL>
<P><STRONG><a name="[34]"></a>USBWakeUp_IRQHandler</STRONG> (Thumb, 0 bytes, Stack size 0 bytes, startup_stm32f10x_md.o(.text))
<BR>[Address Reference Count : 1]<UL><LI> startup_stm32f10x_md.o(RESET)
</UL>
<P><STRONG><a name="[1d]"></a>USB_HP_CAN1_TX_IRQHandler</STRONG> (Thumb, 0 bytes, Stack size 0 bytes, startup_stm32f10x_md.o(.text))
<BR>[Address Reference Count : 1]<UL><LI> startup_stm32f10x_md.o(RESET)
</UL>
<P><STRONG><a name="[1e]"></a>USB_LP_CAN1_RX0_IRQHandler</STRONG> (Thumb, 0 bytes, Stack size 0 bytes, startup_stm32f10x_md.o(.text))
<BR>[Address Reference Count : 1]<UL><LI> startup_stm32f10x_md.o(RESET)
</UL>
<P><STRONG><a name="[a]"></a>WWDG_IRQHandler</STRONG> (Thumb, 0 bytes, Stack size 0 bytes, startup_stm32f10x_md.o(.text))
<BR>[Address Reference Count : 1]<UL><LI> startup_stm32f10x_md.o(RESET)
</UL>
<P><STRONG><a name="[10f]"></a>__user_initial_stackheap</STRONG> (Thumb, 0 bytes, Stack size unknown bytes, startup_stm32f10x_md.o(.text))
<BR><BR>[Called By]<UL><LI><a href="#[104]">&gt;&gt;</a>&nbsp;&nbsp;&nbsp;__user_setup_stackheap
</UL>

<P><STRONG><a name="[1a5]"></a>__use_two_region_memory</STRONG> (Thumb, 2 bytes, Stack size 0 bytes, heapauxi.o(.text), UNUSED)

<P><STRONG><a name="[1a6]"></a>__rt_heap_escrow$2region</STRONG> (Thumb, 2 bytes, Stack size 0 bytes, heapauxi.o(.text), UNUSED)

<P><STRONG><a name="[1a7]"></a>__rt_heap_expand$2region</STRONG> (Thumb, 2 bytes, Stack size 0 bytes, heapauxi.o(.text), UNUSED)

<P><STRONG><a name="[104]"></a>__user_setup_stackheap</STRONG> (Thumb, 74 bytes, Stack size 8 bytes, sys_stackheap_outer.o(.text))
<BR><BR>[Stack]<UL><LI>Max Depth = 8 + Unknown Stack Size
<LI>Call Chain = __user_setup_stackheap
</UL>
<BR>[Calls]<UL><LI><a href="#[10f]">&gt;&gt;</a>&nbsp;&nbsp;&nbsp;__user_initial_stackheap
<LI><a href="#[10e]">&gt;&gt;</a>&nbsp;&nbsp;&nbsp;__user_perproc_libspace
</UL>
<BR>[Called By]<UL><LI><a href="#[103]">&gt;&gt;</a>&nbsp;&nbsp;&nbsp;__rt_entry_sh
</UL>

<P><STRONG><a name="[109]"></a>exit</STRONG> (Thumb, 18 bytes, Stack size 8 bytes, exit.o(.text))
<BR><BR>[Stack]<UL><LI>Max Depth = 8 + Unknown Stack Size
<LI>Call Chain = exit
</UL>
<BR>[Calls]<UL><LI><a href="#[110]">&gt;&gt;</a>&nbsp;&nbsp;&nbsp;__rt_exit
</UL>
<BR>[Called By]<UL><LI><a href="#[107]">&gt;&gt;</a>&nbsp;&nbsp;&nbsp;__rt_entry_main
</UL>

<P><STRONG><a name="[1a8]"></a>__user_libspace</STRONG> (Thumb, 8 bytes, Stack size 0 bytes, libspace.o(.text), UNUSED)

<P><STRONG><a name="[10e]"></a>__user_perproc_libspace</STRONG> (Thumb, 0 bytes, Stack size 0 bytes, libspace.o(.text))
<BR><BR>[Called By]<UL><LI><a href="#[104]">&gt;&gt;</a>&nbsp;&nbsp;&nbsp;__user_setup_stackheap
</UL>

<P><STRONG><a name="[1a9]"></a>__user_perthread_libspace</STRONG> (Thumb, 0 bytes, Stack size 0 bytes, libspace.o(.text), UNUSED)

<P><STRONG><a name="[10d]"></a>_sys_exit</STRONG> (Thumb, 8 bytes, Stack size 0 bytes, sys_exit.o(.text))
<BR><BR>[Called By]<UL><LI><a href="#[10c]">&gt;&gt;</a>&nbsp;&nbsp;&nbsp;__rt_exit_exit
</UL>

<P><STRONG><a name="[1aa]"></a>__I$use$semihosting</STRONG> (Thumb, 0 bytes, Stack size 0 bytes, use_no_semi.o(.text), UNUSED)

<P><STRONG><a name="[1ab]"></a>__use_no_semihosting_swi</STRONG> (Thumb, 2 bytes, Stack size 0 bytes, use_no_semi.o(.text), UNUSED)

<P><STRONG><a name="[1ac]"></a>__semihosting_library_function</STRONG> (Thumb, 0 bytes, Stack size unknown bytes, indicate_semi.o(.text), UNUSED)

<P><STRONG><a name="[4]"></a>BusFault_Handler</STRONG> (Thumb, 2 bytes, Stack size 0 bytes, stm32f10x_it.o(.text.BusFault_Handler))
<BR><BR>[Calls]<UL><LI><a href="#[4]">&gt;&gt;</a>&nbsp;&nbsp;&nbsp;BusFault_Handler
</UL>
<BR>[Called By]<UL><LI><a href="#[4]">&gt;&gt;</a>&nbsp;&nbsp;&nbsp;BusFault_Handler
</UL>
<BR>[Address Reference Count : 1]<UL><LI> startup_stm32f10x_md.o(RESET)
</UL>
<P><STRONG><a name="[116]"></a>CODE_scan</STRONG> (Thumb, 272 bytes, Stack size 40 bytes, fx1nfnc.o(.text.CODE_scan))
<BR><BR>[Stack]<UL><LI>Max Depth = 48<LI>Call Chain = CODE_scan &rArr; plc_get_next_cmd
</UL>
<BR>[Calls]<UL><LI><a href="#[113]">&gt;&gt;</a>&nbsp;&nbsp;&nbsp;plc_get_next_cmd
</UL>
<BR>[Called By]<UL><LI><a href="#[16c]">&gt;&gt;</a>&nbsp;&nbsp;&nbsp;fx1n_init
</UL>

<P><STRONG><a name="[18]"></a>DMA1_Channel4_IRQHandler</STRONG> (Thumb, 6 bytes, Stack size 0 bytes, sio.o(.text.DMA1_Channel4_IRQHandler))
<BR><BR>[Stack]<UL><LI>Max Depth = 24 + Unknown Stack Size
<LI>Call Chain = DMA1_Channel4_IRQHandler &rArr; dma_write_interrupt &rArr; USART_ITConfig
</UL>
<BR>[Calls]<UL><LI><a href="#[117]">&gt;&gt;</a>&nbsp;&nbsp;&nbsp;dma_write_interrupt
</UL>
<BR>[Address Reference Count : 1]<UL><LI> startup_stm32f10x_md.o(RESET)
</UL>
<P><STRONG><a name="[1b]"></a>DMA1_Channel7_IRQHandler</STRONG> (Thumb, 6 bytes, Stack size 0 bytes, sio.o(.text.DMA1_Channel7_IRQHandler))
<BR><BR>[Stack]<UL><LI>Max Depth = 24 + Unknown Stack Size
<LI>Call Chain = DMA1_Channel7_IRQHandler &rArr; dma_write_interrupt &rArr; USART_ITConfig
</UL>
<BR>[Calls]<UL><LI><a href="#[117]">&gt;&gt;</a>&nbsp;&nbsp;&nbsp;dma_write_interrupt
</UL>
<BR>[Address Reference Count : 1]<UL><LI> startup_stm32f10x_md.o(RESET)
</UL>
<P><STRONG><a name="[162]"></a>DMA_ClearFlag</STRONG> (Thumb, 12 bytes, Stack size 0 bytes, stm32f10x_dma.o(.text.DMA_ClearFlag))
<BR><BR>[Called By]<UL><LI><a href="#[117]">&gt;&gt;</a>&nbsp;&nbsp;&nbsp;dma_write_interrupt
</UL>

<P><STRONG><a name="[161]"></a>DMA_ClearITPendingBit</STRONG> (Thumb, 12 bytes, Stack size 0 bytes, stm32f10x_dma.o(.text.DMA_ClearITPendingBit))
<BR><BR>[Called By]<UL><LI><a href="#[117]">&gt;&gt;</a>&nbsp;&nbsp;&nbsp;dma_write_interrupt
</UL>

<P><STRONG><a name="[154]"></a>DMA_Cmd</STRONG> (Thumb, 24 bytes, Stack size 8 bytes, stm32f10x_dma.o(.text.DMA_Cmd))
<BR><BR>[Stack]<UL><LI>Max Depth = 8<LI>Call Chain = DMA_Cmd
</UL>
<BR>[Called By]<UL><LI><a href="#[14f]">&gt;&gt;</a>&nbsp;&nbsp;&nbsp;USART_DMA_Config
<LI><a href="#[14e]">&gt;&gt;</a>&nbsp;&nbsp;&nbsp;usart_interrupt
<LI><a href="#[117]">&gt;&gt;</a>&nbsp;&nbsp;&nbsp;dma_write_interrupt
<LI><a href="#[17d]">&gt;&gt;</a>&nbsp;&nbsp;&nbsp;sio_end_write
<LI><a href="#[17a]">&gt;&gt;</a>&nbsp;&nbsp;&nbsp;sio_end_read
<LI><a href="#[179]">&gt;&gt;</a>&nbsp;&nbsp;&nbsp;sio_async_write
<LI><a href="#[177]">&gt;&gt;</a>&nbsp;&nbsp;&nbsp;sio_async_read
</UL>

<P><STRONG><a name="[151]"></a>DMA_DeInit</STRONG> (Thumb, 212 bytes, Stack size 0 bytes, stm32f10x_dma.o(.text.DMA_DeInit))
<BR><BR>[Called By]<UL><LI><a href="#[14f]">&gt;&gt;</a>&nbsp;&nbsp;&nbsp;USART_DMA_Config
</UL>

<P><STRONG><a name="[160]"></a>DMA_GetFlagStatus</STRONG> (Thumb, 24 bytes, Stack size 0 bytes, stm32f10x_dma.o(.text.DMA_GetFlagStatus))
<BR><BR>[Called By]<UL><LI><a href="#[117]">&gt;&gt;</a>&nbsp;&nbsp;&nbsp;dma_write_interrupt
</UL>

<P><STRONG><a name="[153]"></a>DMA_ITConfig</STRONG> (Thumb, 16 bytes, Stack size 0 bytes, stm32f10x_dma.o(.text.DMA_ITConfig))
<BR><BR>[Called By]<UL><LI><a href="#[14f]">&gt;&gt;</a>&nbsp;&nbsp;&nbsp;USART_DMA_Config
</UL>

<P><STRONG><a name="[152]"></a>DMA_Init</STRONG> (Thumb, 70 bytes, Stack size 28 bytes, stm32f10x_dma.o(.text.DMA_Init))
<BR><BR>[Stack]<UL><LI>Max Depth = 28<LI>Call Chain = DMA_Init
</UL>
<BR>[Called By]<UL><LI><a href="#[14f]">&gt;&gt;</a>&nbsp;&nbsp;&nbsp;USART_DMA_Config
</UL>

<P><STRONG><a name="[7]"></a>DebugMon_Handler</STRONG> (Thumb, 2 bytes, Stack size 0 bytes, stm32f10x_it.o(.text.DebugMon_Handler))
<BR>[Address Reference Count : 1]<UL><LI> startup_stm32f10x_md.o(RESET)
</UL>
<P><STRONG><a name="[147]"></a>EXTI_ClearITPendingBit</STRONG> (Thumb, 12 bytes, Stack size 0 bytes, stm32f10x_exti.o(.text.EXTI_ClearITPendingBit))
<BR><BR>[Called By]<UL><LI><a href="#[144]">&gt;&gt;</a>&nbsp;&nbsp;&nbsp;PVD_Config
</UL>

<P><STRONG><a name="[148]"></a>EXTI_Init</STRONG> (Thumb, 96 bytes, Stack size 8 bytes, stm32f10x_exti.o(.text.EXTI_Init))
<BR><BR>[Stack]<UL><LI>Max Depth = 8<LI>Call Chain = EXTI_Init
</UL>
<BR>[Called By]<UL><LI><a href="#[144]">&gt;&gt;</a>&nbsp;&nbsp;&nbsp;PVD_Config
</UL>

<P><STRONG><a name="[118]"></a>ErasurePLC</STRONG> (Thumb, 132 bytes, Stack size 24 bytes, fx1nuart.o(.text.ErasurePLC))
<BR><BR>[Stack]<UL><LI>Max Depth = 48<LI>Call Chain = ErasurePLC &rArr; FLASH_ProgramHalfWord &rArr; FLASH_WaitForLastOperation
</UL>
<BR>[Calls]<UL><LI><a href="#[11a]">&gt;&gt;</a>&nbsp;&nbsp;&nbsp;FLASH_Unlock
<LI><a href="#[11d]">&gt;&gt;</a>&nbsp;&nbsp;&nbsp;FLASH_Lock
<LI><a href="#[11b]">&gt;&gt;</a>&nbsp;&nbsp;&nbsp;FLASH_ClearFlag
<LI><a href="#[11c]">&gt;&gt;</a>&nbsp;&nbsp;&nbsp;FLASH_ProgramHalfWord
<LI><a href="#[119]">&gt;&gt;</a>&nbsp;&nbsp;&nbsp;IAPFlashErasureMode
</UL>
<BR>[Called By]<UL><LI><a href="#[12f]">&gt;&gt;</a>&nbsp;&nbsp;&nbsp;UartResponseCMDErasure
</UL>

<P><STRONG><a name="[11b]"></a>FLASH_ClearFlag</STRONG> (Thumb, 8 bytes, Stack size 0 bytes, stm32f10x_flash.o(.text.FLASH_ClearFlag))
<BR><BR>[Called By]<UL><LI><a href="#[b]">&gt;&gt;</a>&nbsp;&nbsp;&nbsp;PVD_IRQHandler
<LI><a href="#[14d]">&gt;&gt;</a>&nbsp;&nbsp;&nbsp;System_Flash_Init
<LI><a href="#[118]">&gt;&gt;</a>&nbsp;&nbsp;&nbsp;ErasurePLC
</UL>

<P><STRONG><a name="[11e]"></a>FLASH_ErasePage</STRONG> (Thumb, 56 bytes, Stack size 16 bytes, stm32f10x_flash.o(.text.FLASH_ErasePage))
<BR><BR>[Stack]<UL><LI>Max Depth = 24<LI>Call Chain = FLASH_ErasePage &rArr; FLASH_WaitForLastOperation
</UL>
<BR>[Calls]<UL><LI><a href="#[11f]">&gt;&gt;</a>&nbsp;&nbsp;&nbsp;FLASH_WaitForLastOperation
</UL>
<BR>[Called By]<UL><LI><a href="#[b]">&gt;&gt;</a>&nbsp;&nbsp;&nbsp;PVD_IRQHandler
<LI><a href="#[174]">&gt;&gt;</a>&nbsp;&nbsp;&nbsp;iap_comit_
</UL>

<P><STRONG><a name="[121]"></a>FLASH_GetBank1Status</STRONG> (Thumb, 40 bytes, Stack size 0 bytes, stm32f10x_flash.o(.text.FLASH_GetBank1Status))
<BR><BR>[Called By]<UL><LI><a href="#[11f]">&gt;&gt;</a>&nbsp;&nbsp;&nbsp;FLASH_WaitForLastOperation
</UL>

<P><STRONG><a name="[11d]"></a>FLASH_Lock</STRONG> (Thumb, 12 bytes, Stack size 0 bytes, stm32f10x_flash.o(.text.FLASH_Lock))
<BR><BR>[Called By]<UL><LI><a href="#[b]">&gt;&gt;</a>&nbsp;&nbsp;&nbsp;PVD_IRQHandler
<LI><a href="#[14d]">&gt;&gt;</a>&nbsp;&nbsp;&nbsp;System_Flash_Init
<LI><a href="#[118]">&gt;&gt;</a>&nbsp;&nbsp;&nbsp;ErasurePLC
<LI><a href="#[174]">&gt;&gt;</a>&nbsp;&nbsp;&nbsp;iap_comit_
</UL>

<P><STRONG><a name="[11c]"></a>FLASH_ProgramHalfWord</STRONG> (Thumb, 52 bytes, Stack size 16 bytes, stm32f10x_flash.o(.text.FLASH_ProgramHalfWord))
<BR><BR>[Stack]<UL><LI>Max Depth = 24<LI>Call Chain = FLASH_ProgramHalfWord &rArr; FLASH_WaitForLastOperation
</UL>
<BR>[Calls]<UL><LI><a href="#[11f]">&gt;&gt;</a>&nbsp;&nbsp;&nbsp;FLASH_WaitForLastOperation
</UL>
<BR>[Called By]<UL><LI><a href="#[14d]">&gt;&gt;</a>&nbsp;&nbsp;&nbsp;System_Flash_Init
<LI><a href="#[118]">&gt;&gt;</a>&nbsp;&nbsp;&nbsp;ErasurePLC
<LI><a href="#[174]">&gt;&gt;</a>&nbsp;&nbsp;&nbsp;iap_comit_
</UL>

<P><STRONG><a name="[120]"></a>FLASH_ProgramWord</STRONG> (Thumb, 80 bytes, Stack size 24 bytes, stm32f10x_flash.o(.text.FLASH_ProgramWord))
<BR><BR>[Stack]<UL><LI>Max Depth = 32<LI>Call Chain = FLASH_ProgramWord &rArr; FLASH_WaitForLastOperation
</UL>
<BR>[Calls]<UL><LI><a href="#[11f]">&gt;&gt;</a>&nbsp;&nbsp;&nbsp;FLASH_WaitForLastOperation
</UL>
<BR>[Called By]<UL><LI><a href="#[b]">&gt;&gt;</a>&nbsp;&nbsp;&nbsp;PVD_IRQHandler
</UL>

<P><STRONG><a name="[11a]"></a>FLASH_Unlock</STRONG> (Thumb, 24 bytes, Stack size 0 bytes, stm32f10x_flash.o(.text.FLASH_Unlock))
<BR><BR>[Called By]<UL><LI><a href="#[b]">&gt;&gt;</a>&nbsp;&nbsp;&nbsp;PVD_IRQHandler
<LI><a href="#[14d]">&gt;&gt;</a>&nbsp;&nbsp;&nbsp;System_Flash_Init
<LI><a href="#[118]">&gt;&gt;</a>&nbsp;&nbsp;&nbsp;ErasurePLC
<LI><a href="#[174]">&gt;&gt;</a>&nbsp;&nbsp;&nbsp;iap_comit_
</UL>

<P><STRONG><a name="[11f]"></a>FLASH_WaitForLastOperation</STRONG> (Thumb, 30 bytes, Stack size 8 bytes, stm32f10x_flash.o(.text.FLASH_WaitForLastOperation))
<BR><BR>[Stack]<UL><LI>Max Depth = 8<LI>Call Chain = FLASH_WaitForLastOperation
</UL>
<BR>[Calls]<UL><LI><a href="#[121]">&gt;&gt;</a>&nbsp;&nbsp;&nbsp;FLASH_GetBank1Status
</UL>
<BR>[Called By]<UL><LI><a href="#[120]">&gt;&gt;</a>&nbsp;&nbsp;&nbsp;FLASH_ProgramWord
<LI><a href="#[11e]">&gt;&gt;</a>&nbsp;&nbsp;&nbsp;FLASH_ErasePage
<LI><a href="#[11c]">&gt;&gt;</a>&nbsp;&nbsp;&nbsp;FLASH_ProgramHalfWord
</UL>

<P><STRONG><a name="[123]"></a>FX1NPLCSoftwareVerCheck</STRONG> (Thumb, 80 bytes, Stack size 24 bytes, fx1n.o(.text.FX1NPLCSoftwareVerCheck))
<BR><BR>[Stack]<UL><LI>Max Depth = 32<LI>Call Chain = FX1NPLCSoftwareVerCheck &rArr; str_cmp
</UL>
<BR>[Calls]<UL><LI><a href="#[124]">&gt;&gt;</a>&nbsp;&nbsp;&nbsp;str_cmp
</UL>
<BR>[Called By]<UL><LI><a href="#[16c]">&gt;&gt;</a>&nbsp;&nbsp;&nbsp;fx1n_init
</UL>

<P><STRONG><a name="[125]"></a>FX1NProcessing</STRONG> (Thumb, 120 bytes, Stack size 24 bytes, fx1nuart.o(.text.FX1NProcessing))
<BR><BR>[Stack]<UL><LI>Max Depth = 104<LI>Call Chain = FX1NProcessing &rArr; FX1NUartFNCPro &rArr; UartResponseCMDRead &rArr; UartSendASCDate
</UL>
<BR>[Calls]<UL><LI><a href="#[126]">&gt;&gt;</a>&nbsp;&nbsp;&nbsp;UartSendchar
<LI><a href="#[127]">&gt;&gt;</a>&nbsp;&nbsp;&nbsp;asctohex
<LI><a href="#[128]">&gt;&gt;</a>&nbsp;&nbsp;&nbsp;sumcheck
<LI><a href="#[129]">&gt;&gt;</a>&nbsp;&nbsp;&nbsp;UartResponseError
<LI><a href="#[12a]">&gt;&gt;</a>&nbsp;&nbsp;&nbsp;FX1NUartFNCPro
</UL>
<BR>[Called By]<UL><LI><a href="#[108]">&gt;&gt;</a>&nbsp;&nbsp;&nbsp;main
</UL>

<P><STRONG><a name="[12a]"></a>FX1NUartFNCPro</STRONG> (Thumb, 96 bytes, Stack size 0 bytes, fx1nuart.o(.text.FX1NUartFNCPro))
<BR><BR>[Stack]<UL><LI>Max Depth = 80<LI>Call Chain = FX1NUartFNCPro &rArr; UartResponseCMDRead &rArr; UartSendASCDate
</UL>
<BR>[Calls]<UL><LI><a href="#[129]">&gt;&gt;</a>&nbsp;&nbsp;&nbsp;UartResponseError
<LI><a href="#[12b]">&gt;&gt;</a>&nbsp;&nbsp;&nbsp;UartResponseCMDunKnow34
<LI><a href="#[12e]">&gt;&gt;</a>&nbsp;&nbsp;&nbsp;UartResponseCMDWrite
<LI><a href="#[12c]">&gt;&gt;</a>&nbsp;&nbsp;&nbsp;UartResponseCMDRead
<LI><a href="#[12f]">&gt;&gt;</a>&nbsp;&nbsp;&nbsp;UartResponseCMDErasure
<LI><a href="#[130]">&gt;&gt;</a>&nbsp;&nbsp;&nbsp;UartResponseCMDEnforceOn
<LI><a href="#[131]">&gt;&gt;</a>&nbsp;&nbsp;&nbsp;UartResponseCMDEnforceOff
<LI><a href="#[12d]">&gt;&gt;</a>&nbsp;&nbsp;&nbsp;UartResponseCMDDownLoadEnd
</UL>
<BR>[Called By]<UL><LI><a href="#[125]">&gt;&gt;</a>&nbsp;&nbsp;&nbsp;FX1NProcessing
</UL>

<P><STRONG><a name="[42]"></a>GPIO_Init</STRONG> (Thumb, 180 bytes, Stack size 28 bytes, stm32f10x_gpio.o(.text.GPIO_Init))
<BR><BR>[Stack]<UL><LI>Max Depth = 28<LI>Call Chain = GPIO_Init
</UL>
<BR>[Address Reference Count : 2]<UL><LI> sio.o(.text.sio_open)
<LI> main.o(.text.PLC_HW_Init)
</UL>
<P><STRONG><a name="[140]"></a>GPIO_PinRemapConfig</STRONG> (Thumb, 108 bytes, Stack size 20 bytes, stm32f10x_gpio.o(.text.GPIO_PinRemapConfig))
<BR><BR>[Stack]<UL><LI>Max Depth = 20<LI>Call Chain = GPIO_PinRemapConfig
</UL>
<BR>[Called By]<UL><LI><a href="#[13a]">&gt;&gt;</a>&nbsp;&nbsp;&nbsp;PLC_HW_Init
</UL>

<P><STRONG><a name="[16f]"></a>GPIO_ReadInputDataBit</STRONG> (Thumb, 10 bytes, Stack size 0 bytes, stm32f10x_gpio.o(.text.GPIO_ReadInputDataBit))
<BR><BR>[Called By]<UL><LI><a href="#[108]">&gt;&gt;</a>&nbsp;&nbsp;&nbsp;main
<LI><a href="#[167]">&gt;&gt;</a>&nbsp;&nbsp;&nbsp;fx1n_readX
</UL>

<P><STRONG><a name="[141]"></a>GPIO_ResetBits</STRONG> (Thumb, 4 bytes, Stack size 0 bytes, stm32f10x_gpio.o(.text.GPIO_ResetBits))
<BR><BR>[Called By]<UL><LI><a href="#[14e]">&gt;&gt;</a>&nbsp;&nbsp;&nbsp;usart_interrupt
<LI><a href="#[176]">&gt;&gt;</a>&nbsp;&nbsp;&nbsp;sio_open
<LI><a href="#[177]">&gt;&gt;</a>&nbsp;&nbsp;&nbsp;sio_async_read
<LI><a href="#[108]">&gt;&gt;</a>&nbsp;&nbsp;&nbsp;main
<LI><a href="#[169]">&gt;&gt;</a>&nbsp;&nbsp;&nbsp;fx1n_writeY
<LI><a href="#[13a]">&gt;&gt;</a>&nbsp;&nbsp;&nbsp;PLC_HW_Init
</UL>

<P><STRONG><a name="[172]"></a>GPIO_SetBits</STRONG> (Thumb, 4 bytes, Stack size 0 bytes, stm32f10x_gpio.o(.text.GPIO_SetBits))
<BR><BR>[Called By]<UL><LI><a href="#[179]">&gt;&gt;</a>&nbsp;&nbsp;&nbsp;sio_async_write
<LI><a href="#[108]">&gt;&gt;</a>&nbsp;&nbsp;&nbsp;main
<LI><a href="#[169]">&gt;&gt;</a>&nbsp;&nbsp;&nbsp;fx1n_writeY
</UL>

<P><STRONG><a name="[132]"></a>GetRdorWrAddr</STRONG> (Thumb, 44 bytes, Stack size 16 bytes, fx1nuart.o(.text.GetRdorWrAddr))
<BR><BR>[Stack]<UL><LI>Max Depth = 16<LI>Call Chain = GetRdorWrAddr
</UL>
<BR>[Calls]<UL><LI><a href="#[133]">&gt;&gt;</a>&nbsp;&nbsp;&nbsp;ascto0F
</UL>
<BR>[Called By]<UL><LI><a href="#[12e]">&gt;&gt;</a>&nbsp;&nbsp;&nbsp;UartResponseCMDWrite
<LI><a href="#[12c]">&gt;&gt;</a>&nbsp;&nbsp;&nbsp;UartResponseCMDRead
<LI><a href="#[130]">&gt;&gt;</a>&nbsp;&nbsp;&nbsp;UartResponseCMDEnforceOn
<LI><a href="#[131]">&gt;&gt;</a>&nbsp;&nbsp;&nbsp;UartResponseCMDEnforceOff
</UL>

<P><STRONG><a name="[134]"></a>GetRdorWrLen</STRONG> (Thumb, 38 bytes, Stack size 16 bytes, fx1nuart.o(.text.GetRdorWrLen))
<BR><BR>[Stack]<UL><LI>Max Depth = 16<LI>Call Chain = GetRdorWrLen
</UL>
<BR>[Calls]<UL><LI><a href="#[133]">&gt;&gt;</a>&nbsp;&nbsp;&nbsp;ascto0F
</UL>
<BR>[Called By]<UL><LI><a href="#[12e]">&gt;&gt;</a>&nbsp;&nbsp;&nbsp;UartResponseCMDWrite
<LI><a href="#[12c]">&gt;&gt;</a>&nbsp;&nbsp;&nbsp;UartResponseCMDRead
</UL>

<P><STRONG><a name="[2]"></a>HardFault_Handler</STRONG> (Thumb, 2 bytes, Stack size 0 bytes, stm32f10x_it.o(.text.HardFault_Handler))
<BR><BR>[Calls]<UL><LI><a href="#[2]">&gt;&gt;</a>&nbsp;&nbsp;&nbsp;HardFault_Handler
</UL>
<BR>[Called By]<UL><LI><a href="#[2]">&gt;&gt;</a>&nbsp;&nbsp;&nbsp;HardFault_Handler
</UL>
<BR>[Address Reference Count : 1]<UL><LI> startup_stm32f10x_md.o(RESET)
</UL>
<P><STRONG><a name="[119]"></a>IAPFlashErasureMode</STRONG> (Thumb, 6 bytes, Stack size 0 bytes, fx1niap.o(.text.IAPFlashErasureMode))
<BR><BR>[Called By]<UL><LI><a href="#[118]">&gt;&gt;</a>&nbsp;&nbsp;&nbsp;ErasurePLC
</UL>

<P><STRONG><a name="[157]"></a>IAPFlashProgremMode</STRONG> (Thumb, 48 bytes, Stack size 0 bytes, fx1niap.o(.text.IAPFlashProgremMode))
<BR><BR>[Called By]<UL><LI><a href="#[16c]">&gt;&gt;</a>&nbsp;&nbsp;&nbsp;fx1n_init
<LI><a href="#[41]">&gt;&gt;</a>&nbsp;&nbsp;&nbsp;iap_write_array
<LI><a href="#[15b]">&gt;&gt;</a>&nbsp;&nbsp;&nbsp;WriteFlash
<LI><a href="#[130]">&gt;&gt;</a>&nbsp;&nbsp;&nbsp;UartResponseCMDEnforceOn
<LI><a href="#[131]">&gt;&gt;</a>&nbsp;&nbsp;&nbsp;UartResponseCMDEnforceOff
</UL>

<P><STRONG><a name="[139]"></a>IAPFlashReadMode</STRONG> (Thumb, 28 bytes, Stack size 0 bytes, fx1niap.o(.text.IAPFlashReadMode))
<BR><BR>[Called By]<UL><LI><a href="#[138]">&gt;&gt;</a>&nbsp;&nbsp;&nbsp;PLCStateCheck
<LI><a href="#[12c]">&gt;&gt;</a>&nbsp;&nbsp;&nbsp;UartResponseCMDRead
</UL>

<P><STRONG><a name="[3]"></a>MemManage_Handler</STRONG> (Thumb, 2 bytes, Stack size 0 bytes, stm32f10x_it.o(.text.MemManage_Handler))
<BR><BR>[Calls]<UL><LI><a href="#[3]">&gt;&gt;</a>&nbsp;&nbsp;&nbsp;MemManage_Handler
</UL>
<BR>[Called By]<UL><LI><a href="#[3]">&gt;&gt;</a>&nbsp;&nbsp;&nbsp;MemManage_Handler
</UL>
<BR>[Address Reference Count : 1]<UL><LI> startup_stm32f10x_md.o(RESET)
</UL>
<P><STRONG><a name="[1]"></a>NMI_Handler</STRONG> (Thumb, 2 bytes, Stack size 0 bytes, stm32f10x_it.o(.text.NMI_Handler))
<BR>[Address Reference Count : 1]<UL><LI> startup_stm32f10x_md.o(RESET)
</UL>
<P><STRONG><a name="[149]"></a>NVIC_Init</STRONG> (Thumb, 80 bytes, Stack size 16 bytes, misc.o(.text.NVIC_Init))
<BR><BR>[Stack]<UL><LI>Max Depth = 16<LI>Call Chain = NVIC_Init
</UL>
<BR>[Called By]<UL><LI><a href="#[176]">&gt;&gt;</a>&nbsp;&nbsp;&nbsp;sio_open
<LI><a href="#[144]">&gt;&gt;</a>&nbsp;&nbsp;&nbsp;PVD_Config
</UL>

<P><STRONG><a name="[181]"></a>NVIC_PriorityGroupConfig</STRONG> (Thumb, 20 bytes, Stack size 0 bytes, misc.o(.text.NVIC_PriorityGroupConfig))
<BR><BR>[Called By]<UL><LI><a href="#[176]">&gt;&gt;</a>&nbsp;&nbsp;&nbsp;sio_open
</UL>

<P><STRONG><a name="[165]"></a>PLCReset</STRONG> (Thumb, 2 bytes, Stack size 0 bytes, fx1nuart.o(.text.PLCReset))
<BR><BR>[Called By]<UL><LI><a href="#[164]">&gt;&gt;</a>&nbsp;&nbsp;&nbsp;fx1n_excute
</UL>

<P><STRONG><a name="[138]"></a>PLCStateCheck</STRONG> (Thumb, 28 bytes, Stack size 8 bytes, fx1n.o(.text.PLCStateCheck))
<BR><BR>[Stack]<UL><LI>Max Depth = 8<LI>Call Chain = PLCStateCheck
</UL>
<BR>[Calls]<UL><LI><a href="#[139]">&gt;&gt;</a>&nbsp;&nbsp;&nbsp;IAPFlashReadMode
</UL>
<BR>[Called By]<UL><LI><a href="#[16c]">&gt;&gt;</a>&nbsp;&nbsp;&nbsp;fx1n_init
</UL>

<P><STRONG><a name="[13a]"></a>PLC_HW_Init</STRONG> (Thumb, 204 bytes, Stack size 24 bytes, main.o(.text.PLC_HW_Init))
<BR><BR>[Stack]<UL><LI>Max Depth = 44<LI>Call Chain = PLC_HW_Init &rArr; GPIO_PinRemapConfig
</UL>
<BR>[Calls]<UL><LI><a href="#[13e]">&gt;&gt;</a>&nbsp;&nbsp;&nbsp;RCC_LSEConfig
<LI><a href="#[13f]">&gt;&gt;</a>&nbsp;&nbsp;&nbsp;RCC_HSEConfig
<LI><a href="#[13d]">&gt;&gt;</a>&nbsp;&nbsp;&nbsp;RCC_BackupResetCmd
<LI><a href="#[53]">&gt;&gt;</a>&nbsp;&nbsp;&nbsp;RCC_APB2PeriphClockCmd
<LI><a href="#[13b]">&gt;&gt;</a>&nbsp;&nbsp;&nbsp;RCC_APB1PeriphClockCmd
<LI><a href="#[13c]">&gt;&gt;</a>&nbsp;&nbsp;&nbsp;PWR_BackupAccessCmd
<LI><a href="#[141]">&gt;&gt;</a>&nbsp;&nbsp;&nbsp;GPIO_ResetBits
<LI><a href="#[140]">&gt;&gt;</a>&nbsp;&nbsp;&nbsp;GPIO_PinRemapConfig
</UL>
<BR>[Called By]<UL><LI><a href="#[108]">&gt;&gt;</a>&nbsp;&nbsp;&nbsp;main
</UL>

<P><STRONG><a name="[144]"></a>PVD_Config</STRONG> (Thumb, 76 bytes, Stack size 32 bytes, main.o(.text.PVD_Config))
<BR><BR>[Stack]<UL><LI>Max Depth = 48<LI>Call Chain = PVD_Config &rArr; NVIC_Init
</UL>
<BR>[Calls]<UL><LI><a href="#[13b]">&gt;&gt;</a>&nbsp;&nbsp;&nbsp;RCC_APB1PeriphClockCmd
<LI><a href="#[145]">&gt;&gt;</a>&nbsp;&nbsp;&nbsp;PWR_PVDLevelConfig
<LI><a href="#[146]">&gt;&gt;</a>&nbsp;&nbsp;&nbsp;PWR_PVDCmd
<LI><a href="#[149]">&gt;&gt;</a>&nbsp;&nbsp;&nbsp;NVIC_Init
<LI><a href="#[148]">&gt;&gt;</a>&nbsp;&nbsp;&nbsp;EXTI_Init
<LI><a href="#[147]">&gt;&gt;</a>&nbsp;&nbsp;&nbsp;EXTI_ClearITPendingBit
</UL>
<BR>[Called By]<UL><LI><a href="#[108]">&gt;&gt;</a>&nbsp;&nbsp;&nbsp;main
</UL>

<P><STRONG><a name="[b]"></a>PVD_IRQHandler</STRONG> (Thumb, 136 bytes, Stack size 16 bytes, stm32f10x_it.o(.text.PVD_IRQHandler))
<BR><BR>[Stack]<UL><LI>Max Depth = 48<LI>Call Chain = PVD_IRQHandler &rArr; FLASH_ProgramWord &rArr; FLASH_WaitForLastOperation
</UL>
<BR>[Calls]<UL><LI><a href="#[14a]">&gt;&gt;</a>&nbsp;&nbsp;&nbsp;PWR_GetFlagStatus
<LI><a href="#[11a]">&gt;&gt;</a>&nbsp;&nbsp;&nbsp;FLASH_Unlock
<LI><a href="#[120]">&gt;&gt;</a>&nbsp;&nbsp;&nbsp;FLASH_ProgramWord
<LI><a href="#[11d]">&gt;&gt;</a>&nbsp;&nbsp;&nbsp;FLASH_Lock
<LI><a href="#[11e]">&gt;&gt;</a>&nbsp;&nbsp;&nbsp;FLASH_ErasePage
<LI><a href="#[11b]">&gt;&gt;</a>&nbsp;&nbsp;&nbsp;FLASH_ClearFlag
</UL>
<BR>[Address Reference Count : 1]<UL><LI> startup_stm32f10x_md.o(RESET)
</UL>
<P><STRONG><a name="[13c]"></a>PWR_BackupAccessCmd</STRONG> (Thumb, 12 bytes, Stack size 0 bytes, stm32f10x_pwr.o(.text.PWR_BackupAccessCmd))
<BR><BR>[Called By]<UL><LI><a href="#[13a]">&gt;&gt;</a>&nbsp;&nbsp;&nbsp;PLC_HW_Init
</UL>

<P><STRONG><a name="[14a]"></a>PWR_GetFlagStatus</STRONG> (Thumb, 16 bytes, Stack size 0 bytes, stm32f10x_pwr.o(.text.PWR_GetFlagStatus))
<BR><BR>[Called By]<UL><LI><a href="#[b]">&gt;&gt;</a>&nbsp;&nbsp;&nbsp;PVD_IRQHandler
</UL>

<P><STRONG><a name="[146]"></a>PWR_PVDCmd</STRONG> (Thumb, 12 bytes, Stack size 0 bytes, stm32f10x_pwr.o(.text.PWR_PVDCmd))
<BR><BR>[Called By]<UL><LI><a href="#[144]">&gt;&gt;</a>&nbsp;&nbsp;&nbsp;PVD_Config
</UL>

<P><STRONG><a name="[145]"></a>PWR_PVDLevelConfig</STRONG> (Thumb, 20 bytes, Stack size 0 bytes, stm32f10x_pwr.o(.text.PWR_PVDLevelConfig))
<BR><BR>[Called By]<UL><LI><a href="#[144]">&gt;&gt;</a>&nbsp;&nbsp;&nbsp;PVD_Config
</UL>

<P><STRONG><a name="[8]"></a>PendSV_Handler</STRONG> (Thumb, 2 bytes, Stack size 0 bytes, stm32f10x_it.o(.text.PendSV_Handler))
<BR>[Address Reference Count : 1]<UL><LI> startup_stm32f10x_md.o(RESET)
</UL>
<P><STRONG><a name="[150]"></a>RCC_AHBPeriphClockCmd</STRONG> (Thumb, 24 bytes, Stack size 0 bytes, stm32f10x_rcc.o(.text.RCC_AHBPeriphClockCmd))
<BR><BR>[Called By]<UL><LI><a href="#[14f]">&gt;&gt;</a>&nbsp;&nbsp;&nbsp;USART_DMA_Config
</UL>

<P><STRONG><a name="[13b]"></a>RCC_APB1PeriphClockCmd</STRONG> (Thumb, 24 bytes, Stack size 0 bytes, stm32f10x_rcc.o(.text.RCC_APB1PeriphClockCmd))
<BR><BR>[Called By]<UL><LI><a href="#[176]">&gt;&gt;</a>&nbsp;&nbsp;&nbsp;sio_open
<LI><a href="#[144]">&gt;&gt;</a>&nbsp;&nbsp;&nbsp;PVD_Config
<LI><a href="#[13a]">&gt;&gt;</a>&nbsp;&nbsp;&nbsp;PLC_HW_Init
</UL>

<P><STRONG><a name="[53]"></a>RCC_APB2PeriphClockCmd</STRONG> (Thumb, 24 bytes, Stack size 0 bytes, stm32f10x_rcc.o(.text.RCC_APB2PeriphClockCmd))
<BR><BR>[Called By]<UL><LI><a href="#[176]">&gt;&gt;</a>&nbsp;&nbsp;&nbsp;sio_open
<LI><a href="#[13a]">&gt;&gt;</a>&nbsp;&nbsp;&nbsp;PLC_HW_Init
</UL>
<BR>[Address Reference Count : 1]<UL><LI> sio.o(.text.sio_open)
</UL>
<P><STRONG><a name="[13d]"></a>RCC_BackupResetCmd</STRONG> (Thumb, 12 bytes, Stack size 0 bytes, stm32f10x_rcc.o(.text.RCC_BackupResetCmd))
<BR><BR>[Called By]<UL><LI><a href="#[13a]">&gt;&gt;</a>&nbsp;&nbsp;&nbsp;PLC_HW_Init
</UL>

<P><STRONG><a name="[156]"></a>RCC_GetClocksFreq</STRONG> (Thumb, 120 bytes, Stack size 8 bytes, stm32f10x_rcc.o(.text.RCC_GetClocksFreq))
<BR><BR>[Stack]<UL><LI>Max Depth = 8<LI>Call Chain = RCC_GetClocksFreq
</UL>
<BR>[Called By]<UL><LI><a href="#[155]">&gt;&gt;</a>&nbsp;&nbsp;&nbsp;USART_Init
</UL>

<P><STRONG><a name="[13f]"></a>RCC_HSEConfig</STRONG> (Thumb, 48 bytes, Stack size 0 bytes, stm32f10x_rcc.o(.text.RCC_HSEConfig))
<BR><BR>[Called By]<UL><LI><a href="#[13a]">&gt;&gt;</a>&nbsp;&nbsp;&nbsp;PLC_HW_Init
</UL>

<P><STRONG><a name="[13e]"></a>RCC_LSEConfig</STRONG> (Thumb, 28 bytes, Stack size 0 bytes, stm32f10x_rcc.o(.text.RCC_LSEConfig))
<BR><BR>[Called By]<UL><LI><a href="#[13a]">&gt;&gt;</a>&nbsp;&nbsp;&nbsp;PLC_HW_Init
</UL>

<P><STRONG><a name="[40]"></a>RD_ADDR</STRONG> (Thumb, 140 bytes, Stack size 8 bytes, fx1nfnc.o(.text.RD_ADDR))
<BR><BR>[Stack]<UL><LI>Max Depth = 40<LI>Call Chain = RD_ADDR &rArr; RD_int_ppp &rArr; _ADDR_int_ppp
</UL>
<BR>[Calls]<UL><LI><a href="#[111]">&gt;&gt;</a>&nbsp;&nbsp;&nbsp;RD_ppp
<LI><a href="#[14b]">&gt;&gt;</a>&nbsp;&nbsp;&nbsp;RD_int_ppp
</UL>
<BR>[Called By]<UL><LI><a href="#[87]">&gt;&gt;</a>&nbsp;&nbsp;&nbsp;FNC_XCH
<LI><a href="#[92]">&gt;&gt;</a>&nbsp;&nbsp;&nbsp;FNC_WXOR
<LI><a href="#[91]">&gt;&gt;</a>&nbsp;&nbsp;&nbsp;FNC_WOR
<LI><a href="#[90]">&gt;&gt;</a>&nbsp;&nbsp;&nbsp;FNC_WAND
<LI><a href="#[dc]">&gt;&gt;</a>&nbsp;&nbsp;&nbsp;FNC_SWAP
<LI><a href="#[8b]">&gt;&gt;</a>&nbsp;&nbsp;&nbsp;FNC_SUB
<LI><a href="#[94]">&gt;&gt;</a>&nbsp;&nbsp;&nbsp;FNC_ROR
<LI><a href="#[95]">&gt;&gt;</a>&nbsp;&nbsp;&nbsp;FNC_ROL
<LI><a href="#[fc]">&gt;&gt;</a>&nbsp;&nbsp;&nbsp;FNC_OR_NE
<LI><a href="#[fb]">&gt;&gt;</a>&nbsp;&nbsp;&nbsp;FNC_OR_LT
<LI><a href="#[fd]">&gt;&gt;</a>&nbsp;&nbsp;&nbsp;FNC_OR_LE
<LI><a href="#[fa]">&gt;&gt;</a>&nbsp;&nbsp;&nbsp;FNC_OR_GT
<LI><a href="#[fe]">&gt;&gt;</a>&nbsp;&nbsp;&nbsp;FNC_OR_GE
<LI><a href="#[f9]">&gt;&gt;</a>&nbsp;&nbsp;&nbsp;FNC_OR_EQ
<LI><a href="#[93]">&gt;&gt;</a>&nbsp;&nbsp;&nbsp;FNC_NEG
<LI><a href="#[8c]">&gt;&gt;</a>&nbsp;&nbsp;&nbsp;FNC_MUL
<LI><a href="#[82]">&gt;&gt;</a>&nbsp;&nbsp;&nbsp;FNC_MOV
<LI><a href="#[f0]">&gt;&gt;</a>&nbsp;&nbsp;&nbsp;FNC_LD_NE
<LI><a href="#[ef]">&gt;&gt;</a>&nbsp;&nbsp;&nbsp;FNC_LD_LT
<LI><a href="#[f1]">&gt;&gt;</a>&nbsp;&nbsp;&nbsp;FNC_LD_LE
<LI><a href="#[ee]">&gt;&gt;</a>&nbsp;&nbsp;&nbsp;FNC_LD_GT
<LI><a href="#[f2]">&gt;&gt;</a>&nbsp;&nbsp;&nbsp;FNC_LD_GE
<LI><a href="#[ed]">&gt;&gt;</a>&nbsp;&nbsp;&nbsp;FNC_LD_EQ
<LI><a href="#[8e]">&gt;&gt;</a>&nbsp;&nbsp;&nbsp;FNC_INC
<LI><a href="#[86]">&gt;&gt;</a>&nbsp;&nbsp;&nbsp;FNC_FMOV
<LI><a href="#[8d]">&gt;&gt;</a>&nbsp;&nbsp;&nbsp;FNC_DIV
<LI><a href="#[8f]">&gt;&gt;</a>&nbsp;&nbsp;&nbsp;FNC_DEC
<LI><a href="#[80]">&gt;&gt;</a>&nbsp;&nbsp;&nbsp;FNC_CMP
<LI><a href="#[84]">&gt;&gt;</a>&nbsp;&nbsp;&nbsp;FNC_CML
<LI><a href="#[89]">&gt;&gt;</a>&nbsp;&nbsp;&nbsp;FNC_BIN
<LI><a href="#[88]">&gt;&gt;</a>&nbsp;&nbsp;&nbsp;FNC_BCD
<LI><a href="#[c8]">&gt;&gt;</a>&nbsp;&nbsp;&nbsp;FNC_ASCI
<LI><a href="#[f6]">&gt;&gt;</a>&nbsp;&nbsp;&nbsp;FNC_AND_NE
<LI><a href="#[f5]">&gt;&gt;</a>&nbsp;&nbsp;&nbsp;FNC_AND_LT
<LI><a href="#[f7]">&gt;&gt;</a>&nbsp;&nbsp;&nbsp;FNC_AND_LE
<LI><a href="#[f4]">&gt;&gt;</a>&nbsp;&nbsp;&nbsp;FNC_AND_GT
<LI><a href="#[f8]">&gt;&gt;</a>&nbsp;&nbsp;&nbsp;FNC_AND_GE
<LI><a href="#[f3]">&gt;&gt;</a>&nbsp;&nbsp;&nbsp;FNC_AND_EQ
<LI><a href="#[8a]">&gt;&gt;</a>&nbsp;&nbsp;&nbsp;FNC_ADD
<LI><a href="#[114]">&gt;&gt;</a>&nbsp;&nbsp;&nbsp;WR_TK
<LI><a href="#[115]">&gt;&gt;</a>&nbsp;&nbsp;&nbsp;WR_CK
</UL>
<BR>[Address Reference Count : 1]<UL><LI> fx1nfnc.o(.text.FNC_ZCP)
</UL>
<P><STRONG><a name="[14b]"></a>RD_int_ppp</STRONG> (Thumb, 58 bytes, Stack size 16 bytes, fx1nfnc.o(.text.RD_int_ppp))
<BR><BR>[Stack]<UL><LI>Max Depth = 32<LI>Call Chain = RD_int_ppp &rArr; _ADDR_int_ppp
</UL>
<BR>[Calls]<UL><LI><a href="#[122]">&gt;&gt;</a>&nbsp;&nbsp;&nbsp;_ADDR_int_ppp
</UL>
<BR>[Called By]<UL><LI><a href="#[40]">&gt;&gt;</a>&nbsp;&nbsp;&nbsp;RD_ADDR
</UL>

<P><STRONG><a name="[111]"></a>RD_ppp</STRONG> (Thumb, 24 bytes, Stack size 8 bytes, fx1nfnc.o(.text.RD_ppp))
<BR><BR>[Stack]<UL><LI>Max Depth = 24<LI>Call Chain = RD_ppp &rArr; _ADDR_int_ppp
</UL>
<BR>[Calls]<UL><LI><a href="#[122]">&gt;&gt;</a>&nbsp;&nbsp;&nbsp;_ADDR_int_ppp
</UL>
<BR>[Called By]<UL><LI><a href="#[72]">&gt;&gt;</a>&nbsp;&nbsp;&nbsp;ORP
<LI><a href="#[4c]">&gt;&gt;</a>&nbsp;&nbsp;&nbsp;ORI
<LI><a href="#[74]">&gt;&gt;</a>&nbsp;&nbsp;&nbsp;ORF
<LI><a href="#[4b]">&gt;&gt;</a>&nbsp;&nbsp;&nbsp;OR
<LI><a href="#[6a]">&gt;&gt;</a>&nbsp;&nbsp;&nbsp;LDP
<LI><a href="#[48]">&gt;&gt;</a>&nbsp;&nbsp;&nbsp;LDI
<LI><a href="#[6c]">&gt;&gt;</a>&nbsp;&nbsp;&nbsp;LDF
<LI><a href="#[47]">&gt;&gt;</a>&nbsp;&nbsp;&nbsp;LD
<LI><a href="#[4a]">&gt;&gt;</a>&nbsp;&nbsp;&nbsp;ANI
<LI><a href="#[6e]">&gt;&gt;</a>&nbsp;&nbsp;&nbsp;ANDP
<LI><a href="#[70]">&gt;&gt;</a>&nbsp;&nbsp;&nbsp;ANDF
<LI><a href="#[49]">&gt;&gt;</a>&nbsp;&nbsp;&nbsp;AND
<LI><a href="#[40]">&gt;&gt;</a>&nbsp;&nbsp;&nbsp;RD_ADDR
</UL>

<P><STRONG><a name="[112]"></a>RD_ppp_old</STRONG> (Thumb, 24 bytes, Stack size 8 bytes, fx1nfnc.o(.text.RD_ppp_old))
<BR><BR>[Stack]<UL><LI>Max Depth = 24<LI>Call Chain = RD_ppp_old &rArr; _ADDR_int_ppp
</UL>
<BR>[Calls]<UL><LI><a href="#[122]">&gt;&gt;</a>&nbsp;&nbsp;&nbsp;_ADDR_int_ppp
</UL>
<BR>[Called By]<UL><LI><a href="#[72]">&gt;&gt;</a>&nbsp;&nbsp;&nbsp;ORP
<LI><a href="#[74]">&gt;&gt;</a>&nbsp;&nbsp;&nbsp;ORF
<LI><a href="#[6a]">&gt;&gt;</a>&nbsp;&nbsp;&nbsp;LDP
<LI><a href="#[6c]">&gt;&gt;</a>&nbsp;&nbsp;&nbsp;LDF
<LI><a href="#[6e]">&gt;&gt;</a>&nbsp;&nbsp;&nbsp;ANDP
<LI><a href="#[70]">&gt;&gt;</a>&nbsp;&nbsp;&nbsp;ANDF
</UL>

<P><STRONG><a name="[178]"></a>Restore_Retentive_Data</STRONG> (Thumb, 96 bytes, Stack size 16 bytes, main.o(.text.Restore_Retentive_Data))
<BR><BR>[Stack]<UL><LI>Max Depth = 16<LI>Call Chain = Restore_Retentive_Data
</UL>
<BR>[Called By]<UL><LI><a href="#[108]">&gt;&gt;</a>&nbsp;&nbsp;&nbsp;main
</UL>

<P><STRONG><a name="[6]"></a>SVC_Handler</STRONG> (Thumb, 2 bytes, Stack size 0 bytes, stm32f10x_it.o(.text.SVC_Handler))
<BR>[Address Reference Count : 1]<UL><LI> startup_stm32f10x_md.o(RESET)
</UL>
<P><STRONG><a name="[175]"></a>SysTickInit</STRONG> (Thumb, 52 bytes, Stack size 0 bytes, systick.o(.text.SysTickInit))
<BR><BR>[Called By]<UL><LI><a href="#[108]">&gt;&gt;</a>&nbsp;&nbsp;&nbsp;main
</UL>

<P><STRONG><a name="[9]"></a>SysTick_Handler</STRONG> (Thumb, 16 bytes, Stack size 0 bytes, systick.o(.text.SysTick_Handler))
<BR><BR>[Calls]<UL><LI><a href="#[14c]">&gt;&gt;</a>&nbsp;&nbsp;&nbsp;fn1n_on10ms
</UL>
<BR>[Address Reference Count : 1]<UL><LI> startup_stm32f10x_md.o(RESET)
</UL>
<P><STRONG><a name="[35]"></a>SystemInit</STRONG> (Thumb, 240 bytes, Stack size 8 bytes, system_stm32f10x.o(.text.SystemInit))
<BR><BR>[Stack]<UL><LI>Max Depth = 8<LI>Call Chain = SystemInit
</UL>
<BR>[Address Reference Count : 1]<UL><LI> startup_stm32f10x_md.o(.text)
</UL>
<P><STRONG><a name="[14d]"></a>System_Flash_Init</STRONG> (Thumb, 52 bytes, Stack size 8 bytes, fx1nuart.o(.text.System_Flash_Init))
[...]
<BR><BR>[Stack]<UL><LI>Max Depth = 56<LI>Call Chain = FNC_SWAP &rArr; WR_ADDR &rArr; WR_int_ppp &rArr; _ADDR_int_ppp
</UL>
<BR>[Calls]<UL><LI><a href="#[3f]">&gt;&gt;</a>&nbsp;&nbsp;&nbsp;WR_ADDR
<LI><a href="#[40]">&gt;&gt;</a>&nbsp;&nbsp;&nbsp;RD_ADDR
</UL>
<BR>[Address Reference Count : 1]<UL><LI> fx1nfnc.o(.rodata.key_list_3)
</UL>
<P><STRONG><a name="[e4]"></a>FNC_TADD</STRONG> (Thumb, 2 bytes, Stack size 0 bytes, fx1nfnc.o(.text.FNC_TADD))
<BR>[Address Reference Count : 1]<UL><LI> fx1nfnc.o(.rodata.key_list_3)
</UL>
<P><STRONG><a name="[db]"></a>FNC_TAN</STRONG> (Thumb, 2 bytes, Stack size 0 bytes, fx1nfnc.o(.text.FNC_TAN))
<BR>[Address Reference Count : 1]<UL><LI> fx1nfnc.o(.rodata.key_list_3)
</UL>
<P><STRONG><a name="[e2]"></a>FNC_TCMP</STRONG> (Thumb, 2 bytes, Stack size 0 bytes, fx1nfnc.o(.text.FNC_TCMP))
<BR>[Address Reference Count : 1]<UL><LI> fx1nfnc.o(.rodata.key_list_3)
</UL>
<P><STRONG><a name="[bc]"></a>FNC_TKY</STRONG> (Thumb, 2 bytes, Stack size 0 bytes, fx1nfnc.o(.text.FNC_TKY))
<BR>[Address Reference Count : 1]<UL><LI> fx1nfnc.o(.rodata.key_list_3)
</UL>
<P><STRONG><a name="[c5]"></a>FNC_TO</STRONG> (Thumb, 2 bytes, Stack size 0 bytes, fx1nfnc.o(.text.FNC_TO))
<BR>[Address Reference Count : 1]<UL><LI> fx1nfnc.o(.rodata.key_list_3)
</UL>
<P><STRONG><a name="[e6]"></a>FNC_TRD</STRONG> (Thumb, 2 bytes, Stack size 0 bytes, fx1nfnc.o(.text.FNC_TRD))
<BR>[Address Reference Count : 1]<UL><LI> fx1nfnc.o(.rodata.key_list_3)
</UL>
<P><STRONG><a name="[e5]"></a>FNC_TSUB</STRONG> (Thumb, 2 bytes, Stack size 0 bytes, fx1nfnc.o(.text.FNC_TSUB))
<BR>[Address Reference Count : 1]<UL><LI> fx1nfnc.o(.rodata.key_list_3)
</UL>
<P><STRONG><a name="[b6]"></a>FNC_TTMR</STRONG> (Thumb, 2 bytes, Stack size 0 bytes, fx1nfnc.o(.text.FNC_TTMR))
<BR>[Address Reference Count : 1]<UL><LI> fx1nfnc.o(.rodata.key_list_3)
</UL>
<P><STRONG><a name="[e7]"></a>FNC_TWR</STRONG> (Thumb, 2 bytes, Stack size 0 bytes, fx1nfnc.o(.text.FNC_TWR))
<BR>[Address Reference Count : 1]<UL><LI> fx1nfnc.o(.rodata.key_list_3)
</UL>
<P><STRONG><a name="[e3]"></a>FNC_TZCP</STRONG> (Thumb, 2 bytes, Stack size 0 bytes, fx1nfnc.o(.text.FNC_TZCP))
<BR>[Address Reference Count : 1]<UL><LI> fx1nfnc.o(.rodata.key_list_3)
</UL>
<P><STRONG><a name="[cb]"></a>FNC_VRRD</STRONG> (Thumb, 2 bytes, Stack size 0 bytes, fx1nfnc.o(.text.FNC_VRRD))
<BR>[Address Reference Count : 1]<UL><LI> fx1nfnc.o(.rodata.key_list_3)
</UL>
<P><STRONG><a name="[cc]"></a>FNC_VRSC</STRONG> (Thumb, 2 bytes, Stack size 0 bytes, fx1nfnc.o(.text.FNC_VRSC))
<BR>[Address Reference Count : 1]<UL><LI> fx1nfnc.o(.rodata.key_list_3)
</UL>
<P><STRONG><a name="[90]"></a>FNC_WAND</STRONG> (Thumb, 80 bytes, Stack size 8 bytes, fx1nfnc.o(.text.FNC_WAND))
<BR><BR>[Stack]<UL><LI>Max Depth = 48<LI>Call Chain = FNC_WAND &rArr; WR_ADDR &rArr; WR_int_ppp &rArr; _ADDR_int_ppp
</UL>
<BR>[Calls]<UL><LI><a href="#[3f]">&gt;&gt;</a>&nbsp;&nbsp;&nbsp;WR_ADDR
<LI><a href="#[40]">&gt;&gt;</a>&nbsp;&nbsp;&nbsp;RD_ADDR
</UL>
<BR>[Address Reference Count : 1]<UL><LI> fx1nfnc.o(.rodata.key_list_3)
</UL>
<P><STRONG><a name="[7d]"></a>FNC_WDT</STRONG> (Thumb, 2 bytes, Stack size 0 bytes, fx1nfnc.o(.text.FNC_WDT))
<BR>[Address Reference Count : 1]<UL><LI> fx1nfnc.o(.rodata.key_list_3)
</UL>
<P><STRONG><a name="[91]"></a>FNC_WOR</STRONG> (Thumb, 80 bytes, Stack size 8 bytes, fx1nfnc.o(.text.FNC_WOR))
<BR><BR>[Stack]<UL><LI>Max Depth = 48<LI>Call Chain = FNC_WOR &rArr; WR_ADDR &rArr; WR_int_ppp &rArr; _ADDR_int_ppp
</UL>
<BR>[Calls]<UL><LI><a href="#[3f]">&gt;&gt;</a>&nbsp;&nbsp;&nbsp;WR_ADDR
<LI><a href="#[40]">&gt;&gt;</a>&nbsp;&nbsp;&nbsp;RD_ADDR
</UL>
<BR>[Address Reference Count : 1]<UL><LI> fx1nfnc.o(.rodata.key_list_3)
</UL>
<P><STRONG><a name="[ec]"></a>FNC_WP3A</STRONG> (Thumb, 2 bytes, Stack size 0 bytes, fx1nfnc.o(.text.FNC_WP3A))
<BR>[Address Reference Count : 1]<UL><LI> fx1nfnc.o(.rodata.key_list_3)
</UL>
<P><STRONG><a name="[9b]"></a>FNC_WSFL</STRONG> (Thumb, 2 bytes, Stack size 0 bytes, fx1nfnc.o(.text.FNC_WSFL))
<BR>[Address Reference Count : 1]<UL><LI> fx1nfnc.o(.rodata.key_list_3)
</UL>
<P><STRONG><a name="[9a]"></a>FNC_WSFR</STRONG> (Thumb, 2 bytes, Stack size 0 bytes, fx1nfnc.o(.text.FNC_WSFR))
<BR>[Address Reference Count : 1]<UL><LI> fx1nfnc.o(.rodata.key_list_3)
</UL>
<P><STRONG><a name="[92]"></a>FNC_WXOR</STRONG> (Thumb, 80 bytes, Stack size 8 bytes, fx1nfnc.o(.text.FNC_WXOR))
<BR><BR>[Stack]<UL><LI>Max Depth = 48<LI>Call Chain = FNC_WXOR &rArr; WR_ADDR &rArr; WR_int_ppp &rArr; _ADDR_int_ppp
</UL>
<BR>[Calls]<UL><LI><a href="#[3f]">&gt;&gt;</a>&nbsp;&nbsp;&nbsp;WR_ADDR
<LI><a href="#[40]">&gt;&gt;</a>&nbsp;&nbsp;&nbsp;RD_ADDR
</UL>
<BR>[Address Reference Count : 1]<UL><LI> fx1nfnc.o(.rodata.key_list_3)
</UL>
<P><STRONG><a name="[87]"></a>FNC_XCH</STRONG> (Thumb, 96 bytes, Stack size 24 bytes, fx1nfnc.o(.text.FNC_XCH))
<BR><BR>[Stack]<UL><LI>Max Depth = 64<LI>Call Chain = FNC_XCH &rArr; WR_ADDR &rArr; WR_int_ppp &rArr; _ADDR_int_ppp
</UL>
<BR>[Calls]<UL><LI><a href="#[3f]">&gt;&gt;</a>&nbsp;&nbsp;&nbsp;WR_ADDR
<LI><a href="#[40]">&gt;&gt;</a>&nbsp;&nbsp;&nbsp;RD_ADDR
</UL>
<BR>[Address Reference Count : 1]<UL><LI> fx1nfnc.o(.rodata.key_list_3)
</UL>
<P><STRONG><a name="[81]"></a>FNC_ZCP</STRONG> (Thumb, 136 bytes, Stack size 24 bytes, fx1nfnc.o(.text.FNC_ZCP))
<BR><BR>[Stack]<UL><LI>Max Depth = 64<LI>Call Chain = FNC_ZCP &rArr; WR_ADDR &rArr; WR_int_ppp &rArr; _ADDR_int_ppp
</UL>
<BR>[Calls]<UL><LI><a href="#[3f]">&gt;&gt;</a>&nbsp;&nbsp;&nbsp;WR_ADDR
</UL>
<BR>[Address Reference Count : 1]<UL><LI> fx1nfnc.o(.rodata.key_list_3)
</UL>
<P><STRONG><a name="[de]"></a>FNC_ZRN</STRONG> (Thumb, 2 bytes, Stack size 0 bytes, fx1nfnc.o(.text.FNC_ZRN))
<BR>[Address Reference Count : 1]<UL><LI> fx1nfnc.o(.rodata.key_list_3)
</UL>
<P><STRONG><a name="[9e]"></a>FNC_ZRST</STRONG> (Thumb, 52 bytes, Stack size 16 bytes, fx1nfnc.o(.text.FNC_ZRST))
<BR><BR>[Stack]<UL><LI>Max Depth = 56<LI>Call Chain = FNC_ZRST &rArr; WR_ADDR &rArr; WR_int_ppp &rArr; _ADDR_int_ppp
</UL>
<BR>[Calls]<UL><LI><a href="#[3f]">&gt;&gt;</a>&nbsp;&nbsp;&nbsp;WR_ADDR
</UL>
<BR>[Address Reference Count : 1]<UL><LI> fx1nfnc.o(.rodata.key_list_3)
</UL>
<P><STRONG><a name="[3d]"></a>INV</STRONG> (Thumb, 16 bytes, Stack size 0 bytes, fx1nfnc.o(.text.INV))
<BR>[Address Reference Count : 1]<UL><LI> fx1nfnc.o(.text.CMDCH)
</UL>
<P><STRONG><a name="[47]"></a>LD</STRONG> (Thumb, 28 bytes, Stack size 16 bytes, fx1nfnc.o(.text.LD))
<BR><BR>[Stack]<UL><LI>Max Depth = 40<LI>Call Chain = LD &rArr; RD_ppp &rArr; _ADDR_int_ppp
</UL>
<BR>[Calls]<UL><LI><a href="#[111]">&gt;&gt;</a>&nbsp;&nbsp;&nbsp;RD_ppp
</UL>
<BR>[Address Reference Count : 1]<UL><LI> fx1nfnc.o(.text.plc_excute_cmd)
</UL>
<P><STRONG><a name="[6c]"></a>LDF</STRONG> (Thumb, 40 bytes, Stack size 24 bytes, fx1nfnc.o(.text.LDF))
<BR><BR>[Stack]<UL><LI>Max Depth = 48<LI>Call Chain = LDF &rArr; RD_ppp_old &rArr; _ADDR_int_ppp
</UL>
<BR>[Calls]<UL><LI><a href="#[112]">&gt;&gt;</a>&nbsp;&nbsp;&nbsp;RD_ppp_old
<LI><a href="#[111]">&gt;&gt;</a>&nbsp;&nbsp;&nbsp;RD_ppp
</UL>
<BR>[Address Reference Count : 1]<UL><LI> fx1nfnc.o(.rodata.key_list_2)
</UL>
<P><STRONG><a name="[6d]"></a>LDFMp</STRONG> (Thumb, 12 bytes, Stack size 0 bytes, fx1nfnc.o(.text.LDFMp))
<BR>[Address Reference Count : 1]<UL><LI> fx1nfnc.o(.rodata.key_list_2)
</UL>
<P><STRONG><a name="[48]"></a>LDI</STRONG> (Thumb, 32 bytes, Stack size 16 bytes, fx1nfnc.o(.text.LDI))
<BR><BR>[Stack]<UL><LI>Max Depth = 40<LI>Call Chain = LDI &rArr; RD_ppp &rArr; _ADDR_int_ppp
</UL>
<BR>[Calls]<UL><LI><a href="#[111]">&gt;&gt;</a>&nbsp;&nbsp;&nbsp;RD_ppp
</UL>
<BR>[Address Reference Count : 1]<UL><LI> fx1nfnc.o(.text.plc_excute_cmd)
</UL>
<P><STRONG><a name="[65]"></a>LDIMp</STRONG> (Thumb, 12 bytes, Stack size 0 bytes, fx1nfnc.o(.text.LDIMp))
<BR>[Address Reference Count : 1]<UL><LI> fx1nfnc.o(.rodata.key_list_2)
</UL>
<P><STRONG><a name="[64]"></a>LDMp</STRONG> (Thumb, 16 bytes, Stack size 0 bytes, fx1nfnc.o(.text.LDMp))
<BR>[Address Reference Count : 1]<UL><LI> fx1nfnc.o(.rodata.key_list_2)
</UL>
<P><STRONG><a name="[6a]"></a>LDP</STRONG> (Thumb, 40 bytes, Stack size 24 bytes, fx1nfnc.o(.text.LDP))
<BR><BR>[Stack]<UL><LI>Max Depth = 48<LI>Call Chain = LDP &rArr; RD_ppp_old &rArr; _ADDR_int_ppp
</UL>
<BR>[Calls]<UL><LI><a href="#[112]">&gt;&gt;</a>&nbsp;&nbsp;&nbsp;RD_ppp_old
<LI><a href="#[111]">&gt;&gt;</a>&nbsp;&nbsp;&nbsp;RD_ppp
</UL>
<BR>[Address Reference Count : 1]<UL><LI> fx1nfnc.o(.rodata.key_list_2)
</UL>
<P><STRONG><a name="[6b]"></a>LDPMp</STRONG> (Thumb, 12 bytes, Stack size 0 bytes, fx1nfnc.o(.text.LDPMp))
<BR>[Address Reference Count : 1]<UL><LI> fx1nfnc.o(.rodata.key_list_2)
</UL>
<P><STRONG><a name="[60]"></a>MC</STRONG> (Thumb, 2 bytes, Stack size 0 bytes, fx1nfnc.o(.text.MC))
<BR>[Address Reference Count : 1]<UL><LI> fx1nfnc.o(.rodata.key_list_1)
</UL>
<P><STRONG><a name="[61]"></a>MCR</STRONG> (Thumb, 2 bytes, Stack size 0 bytes, fx1nfnc.o(.text.MCR))
<BR>[Address Reference Count : 1]<UL><LI> fx1nfnc.o(.rodata.key_list_1)
</UL>
<P><STRONG><a name="[3c]"></a>MPP</STRONG> (Thumb, 24 bytes, Stack size 0 bytes, fx1nfnc.o(.text.MPP))
<BR>[Address Reference Count : 1]<UL><LI> fx1nfnc.o(.text.CMDCH)
</UL>
<P><STRONG><a name="[3a]"></a>MPS</STRONG> (Thumb, 20 bytes, Stack size 0 bytes, fx1nfnc.o(.text.MPS))
<BR>[Address Reference Count : 1]<UL><LI> fx1nfnc.o(.text.CMDCH)
</UL>
<P><STRONG><a name="[3b]"></a>MRD</STRONG> (Thumb, 20 bytes, Stack size 0 bytes, fx1nfnc.o(.text.MRD))
<BR>[Address Reference Count : 1]<UL><LI> fx1nfnc.o(.text.CMDCH)
</UL>
<P><STRONG><a name="[3e]"></a>NOP</STRONG> (Thumb, 2 bytes, Stack size 0 bytes, fx1nfnc.o(.text.NOP))
<BR>[Address Reference Count : 1]<UL><LI> fx1nfnc.o(.text.CMDCH)
</UL>
<P><STRONG><a name="[37]"></a>NULLCMD</STRONG> (Thumb, 2 bytes, Stack size 0 bytes, fx1nfnc.o(.text.NULLCMD))
<BR>[Address Reference Count : 1]<UL><LI> fx1nfnc.o(.text.CMDCH)
</UL>
<P><STRONG><a name="[4b]"></a>OR</STRONG> (Thumb, 28 bytes, Stack size 16 bytes, fx1nfnc.o(.text.OR))
<BR><BR>[Stack]<UL><LI>Max Depth = 40<LI>Call Chain = OR &rArr; RD_ppp &rArr; _ADDR_int_ppp
</UL>
<BR>[Calls]<UL><LI><a href="#[111]">&gt;&gt;</a>&nbsp;&nbsp;&nbsp;RD_ppp
</UL>
<BR>[Address Reference Count : 1]<UL><LI> fx1nfnc.o(.text.plc_excute_cmd)
</UL>
<P><STRONG><a name="[39]"></a>ORB</STRONG> (Thumb, 16 bytes, Stack size 0 bytes, fx1nfnc.o(.text.ORB))
<BR>[Address Reference Count : 1]<UL><LI> fx1nfnc.o(.text.CMDCH)
</UL>
<P><STRONG><a name="[74]"></a>ORF</STRONG> (Thumb, 36 bytes, Stack size 16 bytes, fx1nfnc.o(.text.ORF))
<BR><BR>[Stack]<UL><LI>Max Depth = 40<LI>Call Chain = ORF &rArr; RD_ppp_old &rArr; _ADDR_int_ppp
</UL>
<BR>[Calls]<UL><LI><a href="#[112]">&gt;&gt;</a>&nbsp;&nbsp;&nbsp;RD_ppp_old
<LI><a href="#[111]">&gt;&gt;</a>&nbsp;&nbsp;&nbsp;RD_ppp
</UL>
<BR>[Address Reference Count : 1]<UL><LI> fx1nfnc.o(.rodata.key_list_2)
</UL>
<P><STRONG><a name="[75]"></a>ORFMp</STRONG> (Thumb, 2 bytes, Stack size 0 bytes, fx1nfnc.o(.text.ORFMp))
<BR>[Address Reference Count : 1]<UL><LI> fx1nfnc.o(.rodata.key_list_2)
</UL>
<P><STRONG><a name="[4c]"></a>ORI</STRONG> (Thumb, 32 bytes, Stack size 16 bytes, fx1nfnc.o(.text.ORI))
<BR><BR>[Stack]<UL><LI>Max Depth = 40<LI>Call Chain = ORI &rArr; RD_ppp &rArr; _ADDR_int_ppp
</UL>
<BR>[Calls]<UL><LI><a href="#[111]">&gt;&gt;</a>&nbsp;&nbsp;&nbsp;RD_ppp
</UL>
<BR>[Address Reference Count : 1]<UL><LI> fx1nfnc.o(.text.plc_excute_cmd)
</UL>
<P><STRONG><a name="[69]"></a>ORIMp</STRONG> (Thumb, 12 bytes, Stack size 0 bytes, fx1nfnc.o(.text.ORIMp))
<BR>[Address Reference Count : 1]<UL><LI> fx1nfnc.o(.rodata.key_list_2)
</UL>
<P><STRONG><a name="[68]"></a>ORMp</STRONG> (Thumb, 2 bytes, Stack size 0 bytes, fx1nfnc.o(.text.ORMp))
<BR>[Address Reference Count : 1]<UL><LI> fx1nfnc.o(.rodata.key_list_2)
</UL>
<P><STRONG><a name="[72]"></a>ORP</STRONG> (Thumb, 40 bytes, Stack size 16 bytes, fx1nfnc.o(.text.ORP))
<BR><BR>[Stack]<UL><LI>Max Depth = 40<LI>Call Chain = ORP &rArr; RD_ppp_old &rArr; _ADDR_int_ppp
</UL>
<BR>[Calls]<UL><LI><a href="#[112]">&gt;&gt;</a>&nbsp;&nbsp;&nbsp;RD_ppp_old
<LI><a href="#[111]">&gt;&gt;</a>&nbsp;&nbsp;&nbsp;RD_ppp
</UL>
<BR>[Address Reference Count : 1]<UL><LI> fx1nfnc.o(.rodata.key_list_2)
</UL>
<P><STRONG><a name="[73]"></a>ORPMp</STRONG> (Thumb, 2 bytes, Stack size 0 bytes, fx1nfnc.o(.text.ORPMp))
<BR>[Address Reference Count : 1]<UL><LI> fx1nfnc.o(.rodata.key_list_2)
</UL>
<P><STRONG><a name="[55]"></a>OUTM8xxx</STRONG> (Thumb, 12 bytes, Stack size 0 bytes, fx1nfnc.o(.text.OUTM8xxx))
<BR><BR>[Stack]<UL><LI>Max Depth = 8<LI>Call Chain = OUTM8xxx &rArr; WR_M8xxx
</UL>
<BR>[Calls]<UL><LI><a href="#[135]">&gt;&gt;</a>&nbsp;&nbsp;&nbsp;WR_M8xxx
</UL>
<BR>[Address Reference Count : 1]<UL><LI> fx1nfnc.o(.rodata.key_list_1)
</UL>
<P><STRONG><a name="[56]"></a>OUTMp</STRONG> (Thumb, 2 bytes, Stack size 0 bytes, fx1nfnc.o(.text.OUTMp))
<BR>[Address Reference Count : 1]<UL><LI> fx1nfnc.o(.rodata.key_list_1)
</UL>
<P><STRONG><a name="[5b]"></a>OUTS</STRONG> (Thumb, 12 bytes, Stack size 0 bytes, fx1nfnc.o(.text.OUTS))
<BR><BR>[Stack]<UL><LI>Max Depth = 16<LI>Call Chain = OUTS &rArr; WR_S
</UL>
<BR>[Calls]<UL><LI><a href="#[136]">&gt;&gt;</a>&nbsp;&nbsp;&nbsp;WR_S
</UL>
<BR>[Address Reference Count : 1]<UL><LI> fx1nfnc.o(.rodata.key_list_1)
</UL>
<P><STRONG><a name="[4e]"></a>OUTYM</STRONG> (Thumb, 20 bytes, Stack size 0 bytes, fx1nfnc.o(.text.OUTYM))
<BR><BR>[Stack]<UL><LI>Max Depth = 24<LI>Call Chain = OUTYM &rArr; WR_YM &rArr; WR_YM_SET &rArr; _ADDR_int_ppp
</UL>
<BR>[Calls]<UL><LI><a href="#[137]">&gt;&gt;</a>&nbsp;&nbsp;&nbsp;WR_YM
</UL>
<BR>[Address Reference Count : 1]<UL><LI> fx1nfnc.o(.text.plc_excute_cmd)
</UL>
<P><STRONG><a name="[5f]"></a>PLF</STRONG> (Thumb, 64 bytes, Stack size 8 bytes, fx1nfnc.o(.text.PLF))
<BR><BR>[Stack]<UL><LI>Max Depth = 32<LI>Call Chain = PLF &rArr; WR_YM_SET &rArr; _ADDR_int_ppp
</UL>
<BR>[Calls]<UL><LI><a href="#[142]">&gt;&gt;</a>&nbsp;&nbsp;&nbsp;WR_YM_SET
<LI><a href="#[143]">&gt;&gt;</a>&nbsp;&nbsp;&nbsp;WR_YM_CLR
</UL>
<BR>[Address Reference Count : 1]<UL><LI> fx1nfnc.o(.rodata.key_list_1)
</UL>
<P><STRONG><a name="[5e]"></a>PLS</STRONG> (Thumb, 68 bytes, Stack size 8 bytes, fx1nfnc.o(.text.PLS))
<BR><BR>[Stack]<UL><LI>Max Depth = 32<LI>Call Chain = PLS &rArr; WR_YM_SET &rArr; _ADDR_int_ppp
</UL>
<BR>[Calls]<UL><LI><a href="#[142]">&gt;&gt;</a>&nbsp;&nbsp;&nbsp;WR_YM_SET
<LI><a href="#[143]">&gt;&gt;</a>&nbsp;&nbsp;&nbsp;WR_YM_CLR
</UL>
<BR>[Address Reference Count : 1]<UL><LI> fx1nfnc.o(.rodata.key_list_1)
</UL>
<P><STRONG><a name="[63]"></a>RSTD</STRONG> (Thumb, 176 bytes, Stack size 16 bytes, fx1nfnc.o(.text.RSTD))
<BR><BR>[Stack]<UL><LI>Max Depth = 16<LI>Call Chain = RSTD
</UL>
<BR>[Address Reference Count : 1]<UL><LI> fx1nfnc.o(.rodata.key_list_1)
</UL>
<P><STRONG><a name="[59]"></a>RSTM8xxx</STRONG> (Thumb, 20 bytes, Stack size 0 bytes, fx1nfnc.o(.text.RSTM8xxx))
<BR><BR>[Stack]<UL><LI>Max Depth = 8<LI>Call Chain = RSTM8xxx &rArr; WR_M8xxx
</UL>
<BR>[Calls]<UL><LI><a href="#[135]">&gt;&gt;</a>&nbsp;&nbsp;&nbsp;WR_M8xxx
</UL>
<BR>[Address Reference Count : 1]<UL><LI> fx1nfnc.o(.rodata.key_list_1)
</UL>
<P><STRONG><a name="[5a]"></a>RSTMp</STRONG> (Thumb, 2 bytes, Stack size 0 bytes, fx1nfnc.o(.text.RSTMp))
<BR>[Address Reference Count : 1]<UL><LI> fx1nfnc.o(.rodata.key_list_1)
</UL>
<P><STRONG><a name="[5d]"></a>RSTS</STRONG> (Thumb, 20 bytes, Stack size 0 bytes, fx1nfnc.o(.text.RSTS))
<BR><BR>[Stack]<UL><LI>Max Depth = 16<LI>Call Chain = RSTS &rArr; WR_S
</UL>
<BR>[Calls]<UL><LI><a href="#[136]">&gt;&gt;</a>&nbsp;&nbsp;&nbsp;WR_S
</UL>
<BR>[Address Reference Count : 1]<UL><LI> fx1nfnc.o(.rodata.key_list_1)
</UL>
<P><STRONG><a name="[62]"></a>RSTTC</STRONG> (Thumb, 128 bytes, Stack size 0 bytes, fx1nfnc.o(.text.RSTTC))
<BR>[Address Reference Count : 1]<UL><LI> fx1nfnc.o(.rodata.key_list_1)
</UL>
<P><STRONG><a name="[50]"></a>RSTYM</STRONG> (Thumb, 20 bytes, Stack size 0 bytes, fx1nfnc.o(.text.RSTYM))
<BR><BR>[Stack]<UL><LI>Max Depth = 24<LI>Call Chain = RSTYM &rArr; WR_YM_CLR &rArr; _ADDR_int_ppp
</UL>
<BR>[Calls]<UL><LI><a href="#[143]">&gt;&gt;</a>&nbsp;&nbsp;&nbsp;WR_YM_CLR
</UL>
<BR>[Address Reference Count : 1]<UL><LI> fx1nfnc.o(.text.plc_excute_cmd)
</UL>
<P><STRONG><a name="[57]"></a>SETM8xxx</STRONG> (Thumb, 20 bytes, Stack size 0 bytes, fx1nfnc.o(.text.SETM8xxx))
<BR><BR>[Stack]<UL><LI>Max Depth = 8<LI>Call Chain = SETM8xxx &rArr; WR_M8xxx
</UL>
<BR>[Calls]<UL><LI><a href="#[135]">&gt;&gt;</a>&nbsp;&nbsp;&nbsp;WR_M8xxx
</UL>
<BR>[Address Reference Count : 1]<UL><LI> fx1nfnc.o(.rodata.key_list_1)
</UL>
<P><STRONG><a name="[58]"></a>SETMp</STRONG> (Thumb, 2 bytes, Stack size 0 bytes, fx1nfnc.o(.text.SETMp))
<BR>[Address Reference Count : 1]<UL><LI> fx1nfnc.o(.rodata.key_list_1)
</UL>
<P><STRONG><a name="[5c]"></a>SETS</STRONG> (Thumb, 20 bytes, Stack size 0 bytes, fx1nfnc.o(.text.SETS))
<BR><BR>[Stack]<UL><LI>Max Depth = 16<LI>Call Chain = SETS &rArr; WR_S
</UL>
<BR>[Calls]<UL><LI><a href="#[136]">&gt;&gt;</a>&nbsp;&nbsp;&nbsp;WR_S
</UL>
<BR>[Address Reference Count : 1]<UL><LI> fx1nfnc.o(.rodata.key_list_1)
</UL>
<P><STRONG><a name="[4f]"></a>SETYM</STRONG> (Thumb, 28 bytes, Stack size 0 bytes, fx1nfnc.o(.text.SETYM))
<BR><BR>[Stack]<UL><LI>Max Depth = 24<LI>Call Chain = SETYM &rArr; WR_YM_SET &rArr; _ADDR_int_ppp
</UL>
<BR>[Calls]<UL><LI><a href="#[142]">&gt;&gt;</a>&nbsp;&nbsp;&nbsp;WR_YM_SET
</UL>
<BR>[Address Reference Count : 1]<UL><LI> fx1nfnc.o(.text.plc_excute_cmd)
</UL>
<P><STRONG><a name="[137]"></a>WR_YM</STRONG> (Thumb, 10 bytes, Stack size 0 bytes, fx1nfnc.o(.text.WR_YM))
<BR><BR>[Stack]<UL><LI>Max Depth = 24<LI>Call Chain = WR_YM &rArr; WR_YM_SET &rArr; _ADDR_int_ppp
</UL>
<BR>[Calls]<UL><LI><a href="#[142]">&gt;&gt;</a>&nbsp;&nbsp;&nbsp;WR_YM_SET
</UL>
<BR>[Called By]<UL><LI><a href="#[4e]">&gt;&gt;</a>&nbsp;&nbsp;&nbsp;OUTYM
</UL>

<P><STRONG><a name="[143]"></a>WR_YM_CLR</STRONG> (Thumb, 30 bytes, Stack size 8 bytes, fx1nfnc.o(.text.WR_YM_CLR))
<BR><BR>[Stack]<UL><LI>Max Depth = 24<LI>Call Chain = WR_YM_CLR &rArr; _ADDR_int_ppp
</UL>
<BR>[Calls]<UL><LI><a href="#[122]">&gt;&gt;</a>&nbsp;&nbsp;&nbsp;_ADDR_int_ppp
</UL>
<BR>[Called By]<UL><LI><a href="#[50]">&gt;&gt;</a>&nbsp;&nbsp;&nbsp;RSTYM
<LI><a href="#[5e]">&gt;&gt;</a>&nbsp;&nbsp;&nbsp;PLS
<LI><a href="#[5f]">&gt;&gt;</a>&nbsp;&nbsp;&nbsp;PLF
</UL>

<P><STRONG><a name="[142]"></a>WR_YM_SET</STRONG> (Thumb, 28 bytes, Stack size 8 bytes, fx1nfnc.o(.text.WR_YM_SET))
<BR><BR>[Stack]<UL><LI>Max Depth = 24<LI>Call Chain = WR_YM_SET &rArr; _ADDR_int_ppp
</UL>
<BR>[Calls]<UL><LI><a href="#[122]">&gt;&gt;</a>&nbsp;&nbsp;&nbsp;_ADDR_int_ppp
</UL>
<BR>[Called By]<UL><LI><a href="#[137]">&gt;&gt;</a>&nbsp;&nbsp;&nbsp;WR_YM
<LI><a href="#[4f]">&gt;&gt;</a>&nbsp;&nbsp;&nbsp;SETYM
<LI><a href="#[5e]">&gt;&gt;</a>&nbsp;&nbsp;&nbsp;PLS
<LI><a href="#[5f]">&gt;&gt;</a>&nbsp;&nbsp;&nbsp;PLF
</UL>

<P><STRONG><a name="[122]"></a>_ADDR_int_ppp</STRONG> (Thumb, 52 bytes, Stack size 16 bytes, fx1nfnc.o(.text._ADDR_int_ppp))
<BR><BR>[Stack]<UL><LI>Max Depth = 16<LI>Call Chain = _ADDR_int_ppp
</UL>
<BR>[Called By]<UL><LI><a href="#[142]">&gt;&gt;</a>&nbsp;&nbsp;&nbsp;WR_YM_SET
<LI><a href="#[143]">&gt;&gt;</a>&nbsp;&nbsp;&nbsp;WR_YM_CLR
<LI><a href="#[b8]">&gt;&gt;</a>&nbsp;&nbsp;&nbsp;FNC_ALT
<LI><a href="#[15e]">&gt;&gt;</a>&nbsp;&nbsp;&nbsp;WR_int_ppp
<LI><a href="#[112]">&gt;&gt;</a>&nbsp;&nbsp;&nbsp;RD_ppp_old
<LI><a href="#[111]">&gt;&gt;</a>&nbsp;&nbsp;&nbsp;RD_ppp
<LI><a href="#[14b]">&gt;&gt;</a>&nbsp;&nbsp;&nbsp;RD_int_ppp
</UL>

<P><STRONG><a name="[113]"></a>plc_get_next_cmd</STRONG> (Thumb, 52 bytes, Stack size 8 bytes, fx1nfnc.o(.text.plc_get_next_cmd))
<BR><BR>[Stack]<UL><LI>Max Depth = 8<LI>Call Chain = plc_get_next_cmd
</UL>
<BR>[Called By]<UL><LI><a href="#[168]">&gt;&gt;</a>&nbsp;&nbsp;&nbsp;plc_excute_cmd
<LI><a href="#[116]">&gt;&gt;</a>&nbsp;&nbsp;&nbsp;CODE_scan
<LI><a href="#[45]">&gt;&gt;</a>&nbsp;&nbsp;&nbsp;CMDFNC
</UL>
<P>
<H3>
Undefined Global Symbols
</H3><HR></body></html>
